Microchip MPLAB XC8 Compiler V3.10

Linker command line:

-W-3 --edf=/opt/microchip/xc8/v3.10/pic/dat/20250813170317_en.msgs \
  -pivt0x8=08h -cn -h+dist/default/debug/CANCDC.X.debug.sym \
  --cmf=dist/default/debug/CANCDC.X.debug.cmf -z -Q18F26K83 \
  -o/tmp/xcXHAOMlg/driver_tmp_3.o --defsym=__MPLAB_BUILD=1 \
  --fixupoverflow=error -Mdist/default/debug/CANCDC.X.debug.map \
  --md=/tmp/xcXHAOMlg/driver_tmp_0.dat -E1 -ver=XC8 Compiler \
  -ACODE=00h-0FFFFh -ACONST=00h-0FFFFh -ASMALLCONST=01000h-010FFhx240 \
  -AMEDIUMCONST=01000h-0FFFFh -ACOMRAM=01h-05Fh -AABS1=00h-0FFFh \
  -ABIGRAM=01h-0FFFh -ARAM=060h-0FFh,0100h-01FFhx15 -ABANK0=060h-0FFh \
  -ABANK1=0100h-01FFh -ABANK2=0200h-02FFh -ABANK3=0300h-03FFh \
  -ABANK4=0400h-04FFh -ABANK5=0500h-05FFh -ABANK6=0600h-06FFh \
  -ABANK7=0700h-07FFh -ABANK8=0800h-08FFh -ABANK9=0900h-09FFh \
  -ABANK10=0A00h-0AFFh -ABANK11=0B00h-0BFFh -ABANK12=0C00h-0CFFh \
  -ABANK13=0D00h-0DFFh -ABANK14=0E00h-0EFFh -ABANK15=0F00h-0FFFh \
  -ASFR=03700h-037FFhx8,03F00h-03F5Fh,03F60h-03FFFh -ABIGSFR=03700h-03FFFh \
  -ACONFIG=0300000h-0300009h -AIDLOC=0200000h-020000Fh \
  -AEEDATA=0310000h-03103FFh -peeprom_data=EEDATA -preset_vec=00h \
  -ppowerup=CODE,init -pramtop=01000h -psmallconst=SMALLCONST \
  -pmediumconst=MEDIUMCONST -pconst=CONST -AFARRAM=00h-00h \
  -prdata=COMRAM,nvrram=COMRAM,nvbit=COMRAM,rbss=COMRAM,rbit=COMRAM \
  -pfarbss=FARRAM,fardata=FARRAM,nvFARRAM=FARRAM \
  -pintsave_regs=BIGRAM,bigbss=BIGRAM,bigdata=BIGRAM -pbss=RAM \
  -pidata=CODE,irdata=CODE,ibigdata=CODE,ifardata=CODE -prparam=COMRAM \
  /tmp/xcXHAOMlg/driver_tmp_9.o dist/default/debug/CANCDC.X.debug.o 

Object code version is 3.11

Machine type is 18F26K83



                Name                               Link     Load   Length Selector   Space Scale
/tmp/xcXHAOMlg/driver_tmp_9.o
                idloc                            200000   200000       10        0       5
                config                           300000   300000        A        0       4
                init                                 1A       1A        4        4       0
                reset_vec                             0        0        4        0       0
dist/default/debug/CANCDC.X.debug.o
                idloc                            200000   200000       10        0       5
                config                           300000   300000        A        0       4
                smallconst                         1000     1000        2      800       0
                ivt0x8                                8        8       12        4       0
                text26                             13B0     13B0       92      801       0
                text25                             1002     1002      116      801       0
                text24                             170C     170C        2      801       0
                text23                             1654     1654       1E      801       0
                text22                             160E     160E       26      801       0
                text21                             16FE     16FE        6      801       0
                text20                             170A     170A        2      801       0
                text19                             1708     1708        2      801       0
                text18                             1270     1270       A8      801       0
                text17                             15D0     15D0       3E      801       0
                text16                             11C4     11C4       AC      801       0
                text15                             16F4     16F4        A      801       0
                text14                             1318     1318       98      801       0
                text13                             1704     1704        4      801       0
                text12                             1634     1634       20      801       0
                text11                             1588     1588       48      801       0
                text10                             169E     169E       14      801       0
                text9                              16EA     16EA        A      801       0
                text8                              16E0     16E0        A      801       0
                text7                              16D6     16D6        A      801       0
                text6                              16CC     16CC        A      801       0
                text5                              16C2     16C2        A      801       0
                text4                              1442     1442       8A      801       0
                text3                              1688     1688       16      801       0
                text2                              1530     1530       58      801       0
                text1                              1672     1672       16      801       0
                text0                              1118     1118       AC      801       0
                cstackCOMRAM                         2D       2D       2C        1       1
                cstackBANK0                          83       83        4       60       1
                bssBIGRAM                            87       87      578       87       1
                dataBANK0                            73       73       10       60       1
                bssBANK0                             60       60       13       60       1
                bssCOMRAM                             1        1       2C        1       1
                cinit                              14CC     14CC       64      801       0
                idataBANK0                         16B2     16B2       10      801       0

TOTAL           Name                               Link     Load   Length     Space
        CLASS   CODE           
                init                                 1A       1A        4         0
                reset_vec                             0        0        4         0
                ivt0x8                                8        8       12         0
                text26                             13B0     13B0       92         0
                text25                             1002     1002      116         0
                text24                             170C     170C        2         0
                text23                             1654     1654       1E         0
                text22                             160E     160E       26         0
                text21                             16FE     16FE        6         0
                text20                             170A     170A        2         0
                text19                             1708     1708        2         0
                text18                             1270     1270       A8         0
                text17                             15D0     15D0       3E         0
                text16                             11C4     11C4       AC         0
                text15                             16F4     16F4        A         0
                text14                             1318     1318       98         0
                text13                             1704     1704        4         0
                text12                             1634     1634       20         0
                text11                             1588     1588       48         0
                text10                             169E     169E       14         0
                text9                              16EA     16EA        A         0
                text8                              16E0     16E0        A         0
                text7                              16D6     16D6        A         0
                text6                              16CC     16CC        A         0
                text5                              16C2     16C2        A         0
                text4                              1442     1442       8A         0
                text3                              1688     1688       16         0
                text2                              1530     1530       58         0
                text1                              1672     1672       16         0
                text0                              1118     1118       AC         0
                cinit                              14CC     14CC       64         0
                idataBANK0                         16B2     16B2       10         0

        CLASS   CONST          

        CLASS   SMALLCONST     
                smallconst                         1000     1000        2         0

        CLASS   MEDIUMCONST    

        CLASS   COMRAM         
                cstackCOMRAM                         2D       2D       2C         1
                bssCOMRAM                             1        1       2C         1

        CLASS   ABS1           

        CLASS   BIGRAM         
                bssBIGRAM                            87       87      578         1

        CLASS   RAM            

        CLASS   BANK0          
                cstackBANK0                          83       83        4         1
                dataBANK0                            73       73       10         1
                bssBANK0                             60       60       13         1

        CLASS   BANK1          

        CLASS   BANK2          

        CLASS   BANK3          

        CLASS   BANK4          

        CLASS   BANK5          

        CLASS   BANK6          

        CLASS   BANK7          

        CLASS   BANK8          

        CLASS   BANK9          

        CLASS   BANK10         

        CLASS   BANK11         

        CLASS   BANK12         

        CLASS   BANK13         

        CLASS   BANK14         

        CLASS   BANK15         

        CLASS   SFR            

        CLASS   BIGSFR         

        CLASS   CONFIG         
                config                           300000   300000        A         4

        CLASS   IDLOC          
                idloc                            200000   200000       10         5

        CLASS   EEDATA         

        CLASS   FARRAM         

        CLASS   HEAP           

        CLASS   STACK          



SEGMENTS        Name                           Load    Length   Top    Selector   Space  Class

                reset_vec                      000000  000004  000004         0       0  CODE    
                bssBIGRAM                      000087  000578  0005FF        87       1  BIGRAM  
                text25                         001002  00070C  00170E       801       0  CODE    
                ivt0x8                         000008  000016  00001E         4       0  CODE    
                bssCOMRAM                      000001  000058  000059         1       1  COMRAM  
                bssBANK0                       000060  000027  000087        60       1  BANK0   
                smallconst                     001000  000002  001002       800       0  SMALLCON


UNUSED ADDRESS RANGES

        Name                Unused          Largest block    Delta
        BANK10           000A00-000AFF              100
        BANK11           000B00-000BFF              100
        BANK12           000C00-000CFF              100
        BANK13           000D00-000DFF              100
        BANK14           000E00-000EFF              100
        BANK15           000F00-000FFF              100
        BANK5            0005FF-0005FF                1
        BANK6            000600-0006FF              100
        BANK7            000700-0007FF              100
        BANK8            000800-0008FF              100
        BANK9            000900-0009FF              100
        BIGRAM           000059-00005F                7
                         0005FF-000FFF              A01
        BIGSFR           003700-003FFF              900
        CODE             000004-000007                4
                         00001E-000FFF              FE2
                         00170E-00FFFF             E8F2
        COMRAM           000059-00005F                7
        CONST            000004-000007                4
                         00001E-000FFF              FE2
                         00170E-00FFFF             E8F2
        EEDATA           310000-3103FF              400
        MEDIUMCONST      00170E-00FFFF             E8F2
        RAM              0005FF-000FFF              100
        SFR              003700-003FFF              100
        SMALLCONST       00170E-00FFFF              100

                                  Symbol Table

ECAN_SetRXB0InterruptHandler@handler          cstackBANK0  000083
ECAN_buffer_add@buffer                        bssBANK0     000060
ECAN_buffer_add@counter                       bssCOMRAM    000023
ECAN_buffer_add@frame_state                   bssCOMRAM    000024
IVTBASEH                                      (abs)        003FD6
IVTBASEL                                      (abs)        003FD5
IVTBASEU                                      (abs)        003FD7
RXB0InterruptHandler@main$F1282@F23013        dataBANK0    000073
RXB0InterruptHandler@main$F1282@buffer        cstackCOMRAM 000046
RXB0InterruptHandler@main$F1282@counter       cstackCOMRAM 000056
RXB0InterruptHandler@main$F1282@data          cstackCOMRAM 000036
RXB0InterruptHandler@main$F1282@identificator cstackCOMRAM 000054
UART1_SetErrorHandler@interruptHandler        cstackBANK0  000083
UART1_SetFramingErrorHandler@interruptHandler cstackBANK0  000083
UART1_SetOverrunErrorHandler@interruptHandler cstackBANK0  000083
UART1_SetRxInterruptHandler@InterruptHandler  cstackBANK0  000083
UART1_SetTxInterruptHandler@InterruptHandler  cstackBANK0  000083
UART1_Write@txData                            cstackBANK0  000083
_ANSELA                                       (abs)        003A40
_ANSELB                                       (abs)        003A50
_ANSELC                                       (abs)        003A60
_BRGCON1                                      (abs)        003703
_BRGCON2                                      (abs)        003704
_BRGCON3                                      (abs)        003705
_CANCON                                       (abs)        003F8F
_CANRXPPS                                     (abs)        003AED
_CANSTAT                                      (abs)        003F8E
_CIOCON                                       (abs)        003700
_COMSTAT                                      (abs)        003F90
_COMSTATbits                                  (abs)        003F90
_ECANCON                                      (abs)        003F91
_ECAN_Initialize_user                         text14       001318
_ECAN_RXB0I_ISR                               text23       001654
_ECAN_SetRXB0InterruptHandler                 text15       0016F4
_INLVLA                                       (abs)        003A44
_INLVLB                                       (abs)        003A54
_INLVLC                                       (abs)        003A64
_INLVLE                                       (abs)        003A84
_INTCON0bits                                  (abs)        003FD2
_INTERRUPT_Initialize                         text13       001704
_INTERRUPT_InterruptManager                   text16       0011C4
_LATA                                         (abs)        003FBA
_LATB                                         (abs)        003FBB
_LATBbits                                     (abs)        003FBB
_LATC                                         (abs)        003FBC
_ODCONA                                       (abs)        003A42
_ODCONB                                       (abs)        003A52
_ODCONC                                       (abs)        003A62
_OSCCON1                                      (abs)        0039D9
_OSCCON3                                      (abs)        0039DB
_OSCEN                                        (abs)        0039DD
_OSCFRQ                                       (abs)        0039DF
_OSCILLATOR_Initialize                        text12       001634
_OSCTUNE                                      (abs)        0039DE
_PIE3bits                                     (abs)        003993
_PIE5bits                                     (abs)        003995
_PIN_MANAGER_Initialize                       text11       001588
_PIR3bits                                     (abs)        0039A3
_PIR5bits                                     (abs)        0039A5
_PLLR                                         (abs)        01CEE0
_PMD0                                         (abs)        0039C0
_PMD1                                         (abs)        0039C1
_PMD2                                         (abs)        0039C2
_PMD3                                         (abs)        0039C3
_PMD4                                         (abs)        0039C4
_PMD5                                         (abs)        0039C5
_PMD6                                         (abs)        0039C6
_PMD7                                         (abs)        0039C7
_PMD_Initialize                               text10       00169E
_RB0PPS                                       (abs)        003A08
_RB2PPS                                       (abs)        003A0A
_RXB0CONbits                                  (abs)        003F80
_RXB0D0                                       (abs)        003F86
_RXB0D1                                       (abs)        003F87
_RXB0D2                                       (abs)        003F88
_RXB0D3                                       (abs)        003F89
_RXB0D4                                       (abs)        003F8A
_RXB0D5                                       (abs)        003F8B
_RXB0D6                                       (abs)        003F8C
_RXB0D7                                       (abs)        003F8D
_RXB0DLC                                      (abs)        003F85
_RXB0DefaultInterruptHandler                  text24       00170C
_RXB0EIDH                                     (abs)        003F83
_RXB0EIDL                                     (abs)        003F84
_RXB0InterruptHandler                         bssCOMRAM    000017
_RXB0InterruptHandler@main$F1282              text25       001002
_RXB0SIDH                                     (abs)        003F81
_RXB0SIDL                                     (abs)        003F82
_RXB1CONbits                                  (abs)        0037F0
_RXB1D0                                       (abs)        0037F6
_RXB1D1                                       (abs)        0037F7
_RXB1D2                                       (abs)        0037F8
_RXB1D3                                       (abs)        0037F9
_RXB1D4                                       (abs)        0037FA
_RXB1D5                                       (abs)        0037FB
_RXB1D6                                       (abs)        0037FC
_RXB1D7                                       (abs)        0037FD
_RXB1DLC                                      (abs)        0037F5
_RXB1EIDH                                     (abs)        0037F3
_RXB1EIDL                                     (abs)        0037F4
_RXB1SIDH                                     (abs)        0037F1
_RXB1SIDL                                     (abs)        0037F2
_RXF0EIDH                                     (abs)        0037A2
_RXF0EIDL                                     (abs)        0037A3
_RXF0SIDH                                     (abs)        0037A0
_RXF0SIDL                                     (abs)        0037A1
_RXF1EIDH                                     (abs)        0037A6
_RXF1EIDL                                     (abs)        0037A7
_RXF1SIDH                                     (abs)        0037A4
_RXF1SIDL                                     (abs)        0037A5
_RXF2EIDH                                     (abs)        0037AA
_RXF2EIDL                                     (abs)        0037AB
_RXF2SIDH                                     (abs)        0037A8
_RXF2SIDL                                     (abs)        0037A9
_RXF3EIDH                                     (abs)        0037AE
_RXF3EIDL                                     (abs)        0037AF
_RXF3SIDH                                     (abs)        0037AC
_RXF3SIDL                                     (abs)        0037AD
_RXF4EIDH                                     (abs)        0037B2
_RXF4EIDL                                     (abs)        0037B3
_RXF4SIDH                                     (abs)        0037B0
_RXF4SIDL                                     (abs)        0037B1
_RXF5EIDH                                     (abs)        0037B6
_RXF5EIDL                                     (abs)        0037B7
_RXF5SIDH                                     (abs)        0037B4
_RXF5SIDL                                     (abs)        0037B5
_RXM0EIDH                                     (abs)        0037BA
_RXM0EIDL                                     (abs)        0037BB
_RXM0SIDH                                     (abs)        0037B8
_RXM0SIDL                                     (abs)        0037B9
_RXM1EIDH                                     (abs)        0037BE
_RXM1EIDL                                     (abs)        0037BF
_RXM1SIDH                                     (abs)        0037BC
_RXM1SIDL                                     (abs)        0037BD
_SLRCONA                                      (abs)        003A43
_SLRCONB                                      (abs)        003A53
_SLRCONC                                      (abs)        003A63
_SYSTEM_Initialize                            text3        001688
_TRISA                                        (abs)        003FC2
_TRISB                                        (abs)        003FC3
_TRISC                                        (abs)        003FC4
_TXB0CONbits                                  (abs)        0037E0
_TXB0D0                                       (abs)        0037E6
_TXB0D1                                       (abs)        0037E7
_TXB0D2                                       (abs)        0037E8
_TXB0D3                                       (abs)        0037E9
_TXB0D4                                       (abs)        0037EA
_TXB0D5                                       (abs)        0037EB
_TXB0D6                                       (abs)        0037EC
_TXB0D7                                       (abs)        0037ED
_TXB0DLC                                      (abs)        0037E5
_TXB0EIDH                                     (abs)        0037E3
_TXB0EIDL                                     (abs)        0037E4
_TXB0SIDH                                     (abs)        0037E1
_TXB0SIDL                                     (abs)        0037E2
_TXB1CONbits                                  (abs)        0037D0
_TXB1D0                                       (abs)        0037D6
_TXB1D1                                       (abs)        0037D7
_TXB1D2                                       (abs)        0037D8
_TXB1D3                                       (abs)        0037D9
_TXB1D4                                       (abs)        0037DA
_TXB1D5                                       (abs)        0037DB
_TXB1D6                                       (abs)        0037DC
_TXB1D7                                       (abs)        0037DD
_TXB1DLC                                      (abs)        0037D5
_TXB1EIDH                                     (abs)        0037D3
_TXB1EIDL                                     (abs)        0037D4
_TXB1SIDH                                     (abs)        0037D1
_TXB1SIDL                                     (abs)        0037D2
_TXB2CONbits                                  (abs)        0037C0
_TXB2D0                                       (abs)        0037C6
_TXB2D1                                       (abs)        0037C7
_TXB2D2                                       (abs)        0037C8
_TXB2D3                                       (abs)        0037C9
_TXB2D4                                       (abs)        0037CA
_TXB2D5                                       (abs)        0037CB
_TXB2D6                                       (abs)        0037CC
_TXB2D7                                       (abs)        0037CD
_TXB2DLC                                      (abs)        0037C5
_TXB2EIDH                                     (abs)        0037C3
_TXB2EIDL                                     (abs)        0037C4
_TXB2SIDH                                     (abs)        0037C1
_TXB2SIDL                                     (abs)        0037C2
_U1BRGH                                       (abs)        003DF6
_U1BRGL                                       (abs)        003DF5
_U1CON0                                       (abs)        003DF2
_U1CON1                                       (abs)        003DF3
_U1CON2                                       (abs)        003DF4
_U1ERRIE                                      (abs)        003DFA
_U1ERRIR                                      (abs)        003DF9
_U1ERRIRbits                                  (abs)        003DF9
_U1FIFO                                       (abs)        003DF7
_U1P1H                                        (abs)        003DED
_U1P1L                                        (abs)        003DEC
_U1P2H                                        (abs)        003DEF
_U1P2L                                        (abs)        003DEE
_U1P3H                                        (abs)        003DF1
_U1P3L                                        (abs)        003DF0
_U1RXB                                        (abs)        003DE8
_U1RXPPS                                      (abs)        003AE7
_U1TXB                                        (abs)        003DEA
_U1UIR                                        (abs)        003DF8
_UART1_DefaultErrorHandler                    text21       0016FE
_UART1_DefaultFramingErrorHandler             text20       00170A
_UART1_DefaultOverrunErrorHandler             text19       001708
_UART1_ErrorHandler                           bssCOMRAM    000019
_UART1_FramingErrorHandler                    bssCOMRAM    00001D
_UART1_Initialize                             text4        001442
_UART1_OverrunErrorHandler                    bssCOMRAM    00001B
_UART1_Receive_ISR                            text18       001270
_UART1_RxDataHandler                          text22       00160E
_UART1_RxInterruptHandler                     bssCOMRAM    000021
_UART1_SetErrorHandler                        text9        0016EA
_UART1_SetFramingErrorHandler                 text8        0016E0
_UART1_SetOverrunErrorHandler                 text7        0016D6
_UART1_SetRxInterruptHandler                  text6        0016CC
_UART1_SetTxInterruptHandler                  text5        0016C2
_UART1_Transmit_ISR                           text17       0015D0
_UART1_TxInterruptHandler                     bssCOMRAM    00001F
_UART1_Write                                  text2        001530
_UART1_is_tx_ready                            text1        001672
_WPUA                                         (abs)        003A41
_WPUB                                         (abs)        003A51
_WPUC                                         (abs)        003A61
_WPUE                                         (abs)        003A81
__HRAM                                        (abs)        000000
__H__absolute__                               __absolute__ 000000
__Habs1                                       abs1         000000
__Hbank0                                      bank0        000000
__Hbank1                                      bank1        000000
__Hbank10                                     bank10       000000
__Hbank11                                     bank11       000000
__Hbank12                                     bank12       000000
__Hbank13                                     bank13       000000
__Hbank14                                     bank14       000000
__Hbank15                                     bank15       000000
__Hbank2                                      bank2        000000
__Hbank3                                      bank3        000000
__Hbank4                                      bank4        000000
__Hbank5                                      bank5        000000
__Hbank6                                      bank6        000000
__Hbank7                                      bank7        000000
__Hbank8                                      bank8        000000
__Hbank9                                      bank9        000000
__Hbigbss                                     bigbss       000000
__Hbigdata                                    bigdata      000000
__Hbigram                                     bigram       000000
__Hbigsfr                                     bigsfr       000000
__Hbss                                        bss          000000
__HbssBANK0                                   bssBANK0     000000
__HbssBIGRAM                                  bssBIGRAM    000000
__HbssCOMRAM                                  bssCOMRAM    000000
__Hcinit                                      cinit        000000
__Hclrtext                                    clrtext      000000
__Hcomram                                     comram       000000
__Hconfig                                     config       30000A
__Hconst                                      const        000000
__HcstackBANK0                                cstackBANK0  000000
__HcstackCOMRAM                               cstackCOMRAM 000000
__Hdata                                       data         000000
__HdataBANK0                                  dataBANK0    000000
__Heeprom_data                                eeprom_data  000000
__Hfarbss                                     farbss       000000
__Hfardata                                    fardata      000000
__Hheap                                       heap         000000
__Hibigdata                                   ibigdata     000000
__Hidata                                      idata        000000
__HidataBANK0                                 idataBANK0   000000
__Hidloc                                      idloc        200010
__Hifardata                                   ifardata     000000
__Hinit                                       init         00001E
__Hintsave_regs                               intsave_regs 000000
__Hirdata                                     irdata       000000
__Hivt0x8                                     ivt0x8       00001A
__Hmediumconst                                mediumconst  000000
__HnvFARRAM                                   nvFARRAM     000000
__Hnvbit                                      nvbit        000000
__Hnvrram                                     nvrram       000000
__Hparam                                      rparam       000000
__Hpowerup                                    powerup      000000
__Hram                                        ram          000000
__Hramtop                                     ramtop       001000
__Hrbit                                       rbit         000000
__Hrbss                                       rbss         000000
__Hrdata                                      rdata        000000
__Hreset_vec                                  reset_vec    000004
__Hrparam                                     rparam       000000
__Hsfr                                        sfr          000000
__Hsmallconst                                 smallconst   001002
__Hspace_0                                    (abs)        00170E
__Hspace_1                                    (abs)        0005FF
__Hspace_2                                    (abs)        000000
__Hspace_4                                    (abs)        60000A
__Hstack                                      stack        000000
__Hstruct                                     struct       000000
__Htemp                                       temp         000000
__Htext                                       text         000000
__Htext0                                      text0        000000
__Htext1                                      text1        000000
__Htext10                                     text10       000000
__Htext11                                     text11       000000
__Htext12                                     text12       000000
__Htext13                                     text13       000000
__Htext14                                     text14       000000
__Htext15                                     text15       000000
__Htext16                                     text16       000000
__Htext17                                     text17       000000
__Htext18                                     text18       000000
__Htext19                                     text19       000000
__Htext2                                      text2        000000
__Htext20                                     text20       000000
__Htext21                                     text21       000000
__Htext22                                     text22       000000
__Htext23                                     text23       000000
__Htext24                                     text24       000000
__Htext25                                     text25       000000
__Htext26                                     text26       000000
__Htext3                                      text3        000000
__Htext4                                      text4        000000
__Htext5                                      text5        000000
__Htext6                                      text6        000000
__Htext7                                      text7        000000
__Htext8                                      text8        000000
__Htext9                                      text9        000000
__LRAM                                        (abs)        000001
__L__absolute__                               __absolute__ 000000
__Labs1                                       abs1         000000
__Lbank0                                      bank0        000000
__Lbank1                                      bank1        000000
__Lbank10                                     bank10       000000
__Lbank11                                     bank11       000000
__Lbank12                                     bank12       000000
__Lbank13                                     bank13       000000
__Lbank14                                     bank14       000000
__Lbank15                                     bank15       000000
__Lbank2                                      bank2        000000
__Lbank3                                      bank3        000000
__Lbank4                                      bank4        000000
__Lbank5                                      bank5        000000
__Lbank6                                      bank6        000000
__Lbank7                                      bank7        000000
__Lbank8                                      bank8        000000
__Lbank9                                      bank9        000000
__Lbigbss                                     bigbss       000000
__Lbigdata                                    bigdata      000000
__Lbigram                                     bigram       000000
__Lbigsfr                                     bigsfr       000000
__Lbss                                        bss          000000
__LbssBANK0                                   bssBANK0     000000
__LbssBIGRAM                                  bssBIGRAM    000000
__LbssCOMRAM                                  bssCOMRAM    000000
__Lcinit                                      cinit        000000
__Lclrtext                                    clrtext      000000
__Lcomram                                     comram       000000
__Lconfig                                     config       000000
__Lconst                                      const        000000
__LcstackBANK0                                cstackBANK0  000000
__LcstackCOMRAM                               cstackCOMRAM 000000
__Ldata                                       data         000000
__LdataBANK0                                  dataBANK0    000000
__Leeprom_data                                eeprom_data  000000
__Lfarbss                                     farbss       000000
__Lfardata                                    fardata      000000
__Lheap                                       heap         000000
__Libigdata                                   ibigdata     000000
__Lidata                                      idata        000000
__LidataBANK0                                 idataBANK0   000000
__Lidloc                                      idloc        000000
__Lifardata                                   ifardata     000000
__Linit                                       init         00001A
__Lintsave_regs                               intsave_regs 000000
__Lirdata                                     irdata       000000
__Livt0x8                                     ivt0x8       000008
__Lmediumconst                                mediumconst  000000
__LnvFARRAM                                   nvFARRAM     000000
__Lnvbit                                      nvbit        000000
__Lnvrram                                     nvrram       000000
__Lparam                                      rparam       000000
__Lpowerup                                    powerup      000000
__Lram                                        ram          000000
__Lramtop                                     ramtop       001000
__Lrbit                                       rbit         000000
__Lrbss                                       rbss         000000
__Lrdata                                      rdata        000000
__Lreset_vec                                  reset_vec    000000
__Lrparam                                     rparam       000000
__Lsfr                                        sfr          000000
__Lsmallconst                                 smallconst   001000
__Lspace_0                                    (abs)        000000
__Lspace_1                                    (abs)        000000
__Lspace_2                                    (abs)        000000
__Lspace_4                                    (abs)        000000
__Lstack                                      stack        000000
__Lstruct                                     struct       000000
__Ltemp                                       temp         000000
__Ltext                                       text         000000
__Ltext0                                      text0        000000
__Ltext1                                      text1        000000
__Ltext10                                     text10       000000
__Ltext11                                     text11       000000
__Ltext12                                     text12       000000
__Ltext13                                     text13       000000
__Ltext14                                     text14       000000
__Ltext15                                     text15       000000
__Ltext16                                     text16       000000
__Ltext17                                     text17       000000
__Ltext18                                     text18       000000
__Ltext19                                     text19       000000
__Ltext2                                      text2        000000
__Ltext20                                     text20       000000
__Ltext21                                     text21       000000
__Ltext22                                     text22       000000
__Ltext23                                     text23       000000
__Ltext24                                     text24       000000
__Ltext25                                     text25       000000
__Ltext26                                     text26       000000
__Ltext3                                      text3        000000
__Ltext4                                      text4        000000
__Ltext5                                      text5        000000
__Ltext6                                      text6        000000
__Ltext7                                      text7        000000
__Ltext8                                      text8        000000
__Ltext9                                      text9        000000
__S0                                          (abs)        00170E
__S1                                          (abs)        0005FF
__S4                                          (abs)        000000
__S5                                          (abs)        000000
___heap_hi                                    (abs)        000000
___heap_lo                                    (abs)        000000
___inthi_sp                                   stack        000000
___inthi_stack_hi                             stack        000000
___inthi_stack_lo                             stack        000000
___intlo_sp                                   stack        000000
___intlo_stack_hi                             stack        000000
___intlo_stack_lo                             stack        000000
___param_bank                                 (abs)        000000
___rparam_used                                (abs)        000001
___sp                                         stack        000000
___stack_hi                                   stack        000000
___stack_lo                                   stack        000000
__accesstop                                   (abs)        000060
__activetblptr                                (abs)        000002
__end_of_ECAN_Initialize_user                 text14       0013B0
__end_of_ECAN_RXB0I_ISR                       text23       001672
__end_of_ECAN_SetRXB0InterruptHandler         text15       0016FE
__end_of_INTERRUPT_Initialize                 text13       001708
__end_of_INTERRUPT_InterruptManager           text16       001270
__end_of_OSCILLATOR_Initialize                text12       001654
__end_of_PIN_MANAGER_Initialize               text11       0015D0
__end_of_PMD_Initialize                       text10       0016B2
__end_of_RXB0DefaultInterruptHandler          text24       00170E
__end_of_RXB0InterruptHandler@main$F1282      text25       001118
__end_of_SYSTEM_Initialize                    text3        00169E
__end_of_UART1_DefaultErrorHandler            text21       001704
__end_of_UART1_DefaultFramingErrorHandler     text20       00170C
__end_of_UART1_DefaultOverrunErrorHandler     text19       00170A
__end_of_UART1_Initialize                     text4        0014CC
__end_of_UART1_Receive_ISR                    text18       001318
__end_of_UART1_RxDataHandler                  text22       001634
__end_of_UART1_SetErrorHandler                text9        0016F4
__end_of_UART1_SetFramingErrorHandler         text8        0016EA
__end_of_UART1_SetOverrunErrorHandler         text7        0016E0
__end_of_UART1_SetRxInterruptHandler          text6        0016D6
__end_of_UART1_SetTxInterruptHandler          text5        0016CC
__end_of_UART1_Transmit_ISR                   text17       00160E
__end_of_UART1_Write                          text2        001588
__end_of_UART1_is_tx_ready                    text1        001688
__end_of__initialization                      cinit        001526
__end_of_main                                 text0        0011C4
__end_of_serial_buffer_add                    text26       001442
__initialization                              cinit        0014CC
__mediumconst                                 smallconst   001000
__pbssBANK0                                   bssBANK0     000060
__pbssBIGRAM                                  bssBIGRAM    000087
__pbssCOMRAM                                  bssCOMRAM    000001
__pcinit                                      cinit        0014CC
__pcstackBANK0                                cstackBANK0  000083
__pcstackCOMRAM                               cstackCOMRAM 00002D
__pdataBANK0                                  dataBANK0    000073
__pidataBANK0                                 idataBANK0   0016B2
__pivt0x8                                     ivt0x8       000008
__psmallconst                                 smallconst   001000
__ptext0                                      text0        001118
__ptext1                                      text1        001672
__ptext10                                     text10       00169E
__ptext11                                     text11       001588
__ptext12                                     text12       001634
__ptext13                                     text13       001704
__ptext14                                     text14       001318
__ptext15                                     text15       0016F4
__ptext16                                     text16       0011C4
__ptext17                                     text17       0015D0
__ptext18                                     text18       001270
__ptext19                                     text19       001708
__ptext2                                      text2        001530
__ptext20                                     text20       00170A
__ptext21                                     text21       0016FE
__ptext22                                     text22       00160E
__ptext23                                     text23       001654
__ptext24                                     text24       00170C
__ptext25                                     text25       001002
__ptext26                                     text26       0013B0
__ptext3                                      text3        001688
__ptext4                                      text4        001442
__ptext5                                      text5        0016C2
__ptext6                                      text6        0016CC
__ptext7                                      text7        0016D6
__ptext8                                      text8        0016E0
__ptext9                                      text9        0016EA
__ramtop                                      ramtop       001000
__smallconst                                  smallconst   001000
_bot_pointer                                  bssCOMRAM    000013
_buf_length                                   bssCOMRAM    000011
_circular_buffer                              bssBIGRAM    000087
_main                                         text0        001118
_serial_buffer_add                            text26       0013B0
_status                                       bssCOMRAM    000025
_top_pointer                                  bssCOMRAM    000015
_uart1RxBuffer                                bssBANK0     00006B
_uart1RxCount                                 bssCOMRAM    000027
_uart1RxHead                                  bssCOMRAM    000029
_uart1RxLastError                             bssCOMRAM    000026
_uart1RxStatusBuffer                          bssCOMRAM    000001
_uart1RxTail                                  bssCOMRAM    000028
_uart1TxBuffer                                bssCOMRAM    000009
_uart1TxBufferRemaining                       bssCOMRAM    00002A
_uart1TxHead                                  bssCOMRAM    00002C
_uart1TxTail                                  bssCOMRAM    00002B
end_of_initialization                         cinit        001526
intlevel0                                     text         000000
intlevel1                                     text         000000
intlevel2                                     text         000000
intlevel3                                     text         000000
isa$std                                       (abs)        000001
isa$xinst                                     (abs)        000000
ivt0x8_base                                   ivt0x8       000008
serial_buffer_add@buffer_ptr                  cstackCOMRAM 00002D
serial_buffer_add@counter                     cstackCOMRAM 000031
serial_buffer_add@length                      cstackCOMRAM 00002E
stackhi                                       (abs)        000000
stacklo                                       (abs)        000000
start                                         init         00001A
start_initialization                          cinit        0014CC


MODULE INFORMATION

Module		Function		Class		Link	Load	Size
mcc_generated_files/interrupt_manager.c
		_INTERRUPT_Initialize		CODE           	1704	0000	4
		_INTERRUPT_InterruptManager		CODE           	11C4	0000	172

mcc_generated_files/interrupt_manager.c estimated size: 176

mcc_generated_files/pin_manager.c
		_PIN_MANAGER_Initialize		CODE           	1588	0000	72

mcc_generated_files/pin_manager.c estimated size: 72

mcc_generated_files/ecan.c
		_ECAN_RXB0I_ISR		CODE           	1654	0000	30
		_ECAN_SetRXB0InterruptHandler		CODE           	16F4	0000	10
		_RXB0DefaultInterruptHandler		CODE           	170C	0000	2

mcc_generated_files/ecan.c estimated size: 42

mcc_generated_files/uart1.c
		_UART1_Write   		CODE           	1530	0000	88
		_UART1_SetFramingErrorHandler		CODE           	16E0	0000	10
		_UART1_SetOverrunErrorHandler		CODE           	16D6	0000	10
		_UART1_Receive_ISR		CODE           	1270	0000	168
		_UART1_SetRxInterruptHandler		CODE           	16CC	0000	10
		_UART1_SetTxInterruptHandler		CODE           	16C2	0000	10
		_UART1_Initialize		CODE           	1442	0000	138
		_UART1_SetErrorHandler		CODE           	16EA	0000	10
		_UART1_Transmit_ISR		CODE           	15D0	0000	62
		_UART1_DefaultFramingErrorHandler		CODE           	170A	0000	2
		_UART1_is_tx_ready		CODE           	1672	0000	22
		_UART1_DefaultErrorHandler		CODE           	16FE	0000	6
		_UART1_RxDataHandler		CODE           	160E	0000	38
		_UART1_DefaultOverrunErrorHandler		CODE           	1708	0000	2

mcc_generated_files/uart1.c estimated size: 576

shared
		__initialization		CODE           	14CC	0000	90

shared estimated size: 90

mcc_generated_files/mcc.c
		_PMD_Initialize		CODE           	169E	0000	20
		_OSCILLATOR_Initialize		CODE           	1634	0000	32
		_SYSTEM_Initialize		CODE           	1688	0000	22

mcc_generated_files/mcc.c estimated size: 74

main.c
		_RXB0InterruptHandler@main$F1282		CODE           	1002	0000	278
		_main          		CODE           	1118	0000	172
		_serial_buffer_add		CODE           	13B0	0000	146
		_ECAN_Initialize_user		CODE           	1318	0000	152

main.c estimated size: 748

