Microchip MPLAB XC8 Compiler V3.10

Linker command line:

-W-3 --edf=/opt/microchip/xc8/v3.10/pic/dat/20250813170317_en.msgs \
  -pivt0x8=08h -cn -h+dist/default/production/CANMCU.X.production.sym \
  --cmf=dist/default/production/CANMCU.X.production.cmf -z -Q18F26K83 \
  -o/tmp/xcXcGlpkC/driver_tmp_3.o --defsym=__MPLAB_BUILD=1 \
  --fixupoverflow=error -Mdist/default/production/CANMCU.X.production.map \
  --md=/tmp/xcXcGlpkC/driver_tmp_0.dat -E1 -ver=XC8 Compiler \
  -ACODE=00h-0FFFFh -ACONST=00h-0FFFFh -ASMALLCONST=01000h-010FFhx240 \
  -AMEDIUMCONST=01000h-0FFFFh -ACOMRAM=01h-05Fh -AABS1=00h-0FFFh \
  -ABIGRAM=01h-0FFFh -ARAM=060h-0FFh,0100h-01FFhx15 -ABANK0=060h-0FFh \
  -ABANK1=0100h-01FFh -ABANK2=0200h-02FFh -ABANK3=0300h-03FFh \
  -ABANK4=0400h-04FFh -ABANK5=0500h-05FFh -ABANK6=0600h-06FFh \
  -ABANK7=0700h-07FFh -ABANK8=0800h-08FFh -ABANK9=0900h-09FFh \
  -ABANK10=0A00h-0AFFh -ABANK11=0B00h-0BFFh -ABANK12=0C00h-0CFFh \
  -ABANK13=0D00h-0DFFh -ABANK14=0E00h-0EFFh -ABANK15=0F00h-0FFFh \
  -ASFR=03700h-037FFhx8,03F00h-03F5Fh,03F60h-03FFFh -ABIGSFR=03700h-03FFFh \
  -ACONFIG=0300000h-0300009h -AIDLOC=0200000h-020000Fh \
  -AEEDATA=0310000h-03103FFh -peeprom_data=EEDATA -preset_vec=00h \
  -ppowerup=CODE,init -pramtop=01000h -psmallconst=SMALLCONST \
  -pmediumconst=MEDIUMCONST -pconst=CONST -AFARRAM=00h-00h \
  -prdata=COMRAM,nvrram=COMRAM,nvbit=COMRAM,rbss=COMRAM,rbit=COMRAM \
  -pfarbss=FARRAM,fardata=FARRAM,nvFARRAM=FARRAM \
  -pintsave_regs=BIGRAM,bigbss=BIGRAM,bigdata=BIGRAM -pbss=RAM \
  -pidata=CODE,irdata=CODE,ibigdata=CODE,ifardata=CODE -prparam=COMRAM \
  /tmp/xcXcGlpkC/driver_tmp_9.o \
  dist/default/production/CANMCU.X.production.o 

Object code version is 3.11

Machine type is 18F26K83



                Name                               Link     Load   Length Selector   Space Scale
/tmp/xcXcGlpkC/driver_tmp_9.o
                idloc                            200000   200000       10        0       5
                config                           300000   300000        A        0       4
                init                                 1A       1A        4        4       0
                reset_vec                             0        0        4        0       0
dist/default/production/CANMCU.X.production.o
                idloc                            200000   200000       10        0       5
                config                           300000   300000        A        0       4
                mediumconst                        FD2C     FD2C      2D4     7E96       0
                ivt0x8                                8        8       12        4       0
                text85                             2E72     2E72        2        4       0
                text84                             2D52     2D52       20        4       0
                text83                             2E70     2E70        2        4       0
                text82                             2CCC     2CCC       24        4       0
                text81                             2300     2300       8E        4       0
                text80                             2B2A     2B2A       3C        4       0
                text79                             266C     266C       76        4       0
                text78                             2E6E     2E6E        2        4       0
                text77                             2AB0     2AB0       3E        4       0
                text76                             2C76     2C76       32        4       0
                text75                             2814     2814       60        4       0
                text74                             21E0     21E0       92        4       0
                text73                             292C     292C       56        4       0
                text72                             2E6C     2E6C        2        4       0
                text71                             2E5C     2E5C        4        4       0
                text70                             2E6A     2E6A        2        4       0
                text69                             238E     238E       8A        4       0
                text68                              BBE      BBE      21C        4       0
                text67                             27B4     27B4       60        4       0
                text66                             2418     2418       7A        4       0
                text65                             2492     2492       78        4       0
                text64                             1F5C     1F5C       B2        4       0
                text63                             190A     190A       E8        4       0
                text62                             1C82     1C82       BC        4       0
                text61                             2C40     2C40       36        4       0
                text60                             2C0A     2C0A       36        4       0
                text59                             1EA8     1EA8       B4        4       0
                text58                             2BD4     2BD4       36        4       0
                text57                             29D2     29D2       4E        4       0
                text56                             214C     214C       94        4       0
                text55                             2D32     2D32       20        4       0
                text54                             1DF4     1DF4       B4        4       0
                text53                             2A68     2A68       48        4       0
                text52                             2E02     2E02       12        4       0
                text51                             2E68     2E68        2        4       0
                text50                             2CA8     2CA8       24        4       0
                text49                             2272     2272       8E        4       0
                text48                             2AEE     2AEE       3C        4       0
                text47                             25F6     25F6       76        4       0
                text46                             2DF0     2DF0       12        4       0
                text45                             1818     1818       F2        4       0
                text44                             161A     161A      106        4       0
                text43                             1720     1720       F8        4       0
                text42                             1514     1514      106        4       0
                text41                             2580     2580       76        4       0
                text40                             250A     250A       76        4       0
                text39                              F76      F76      19A        4       0
                text38                             1110     1110      192        4       0
                text37                             1BB2     1BB2       D0        4       0
                text36                             2E66     2E66        2        4       0
                text35                             2E64     2E64        2        4       0
                text34                             2E62     2E62        2        4       0
                text33                             2E20     2E20        C        4       0
                text32                             2E14     2E14        C        4       0
                text31                             2A20     2A20       48        4       0
                text30                              896      896      328        4       0
                text29                             1AD2     1AD2       E0        4       0
                text28                             12A2     12A2      152        4       0
                text27                             19F2     19F2       E0        4       0
                text26                             200E     200E       A2        4       0
                text25                               1E       1E      4DE        4       0
                text24                             2750     2750       64        4       0
                text23                             2D90     2D90       1E        4       0
                text22                              DDA      DDA      19C        4       0
                text21                             2E60     2E60        2        4       0
                text20                             28D2     28D2       5A        4       0
                text19                             1D3E     1D3E       B6        4       0
                text18                             2B66     2B66       38        4       0
                text17                              4FC      4FC      39A        4       0
                text16                             13F4     13F4      120        4       0
                text15                             2DDE     2DDE       12        4       0
                text14                             20B0     20B0       9C        4       0
                text13                             2DAE     2DAE       1C        4       0
                text12                             2E58     2E58        4        4       0
                text11                             2D12     2D12       20        4       0
                text10                             2874     2874       5E        4       0
                text9                              2DCA     2DCA       14        4       0
                text8                              2E4A     2E4A        A        4       0
                text7                              2CF0     2CF0       22        4       0
                text6                              2E40     2E40        A        4       0
                text5                              2E36     2E36        A        4       0
                text4                              2E2C     2E2C        A        4       0
                text3                              2982     2982       50        4       0
                text2                              2D72     2D72       1E        4       0
                text1                              2E54     2E54        4        4       0
                text0                              26E2     26E2       6E        4       0
                cstackCOMRAM                         3F       3F       1A        1       1
                bssBANK1                            100      100       20      100       1
                bssBANK0                             60       60       9B       60       1
                bssCOMRAM                             1        1       3E        1       1
                cinit                              2B9E     2B9E       36        4       0

TOTAL           Name                               Link     Load   Length     Space
        CLASS   CODE           
                init                                 1A       1A        4         0
                reset_vec                             0        0        4         0
                ivt0x8                                8        8       12         0
                text85                             2E72     2E72        2         0
                text84                             2D52     2D52       20         0
                text83                             2E70     2E70        2         0
                text82                             2CCC     2CCC       24         0
                text81                             2300     2300       8E         0
                text80                             2B2A     2B2A       3C         0
                text79                             266C     266C       76         0
                text78                             2E6E     2E6E        2         0
                text77                             2AB0     2AB0       3E         0
                text76                             2C76     2C76       32         0
                text75                             2814     2814       60         0
                text74                             21E0     21E0       92         0
                text73                             292C     292C       56         0
                text72                             2E6C     2E6C        2         0
                text71                             2E5C     2E5C        4         0
                text70                             2E6A     2E6A        2         0
                text69                             238E     238E       8A         0
                text68                              BBE      BBE      21C         0
                text67                             27B4     27B4       60         0
                text66                             2418     2418       7A         0
                text65                             2492     2492       78         0
                text64                             1F5C     1F5C       B2         0
                text63                             190A     190A       E8         0
                text62                             1C82     1C82       BC         0
                text61                             2C40     2C40       36         0
                text60                             2C0A     2C0A       36         0
                text59                             1EA8     1EA8       B4         0
                text58                             2BD4     2BD4       36         0
                text57                             29D2     29D2       4E         0
                text56                             214C     214C       94         0
                text55                             2D32     2D32       20         0
                text54                             1DF4     1DF4       B4         0
                text53                             2A68     2A68       48         0
                text52                             2E02     2E02       12         0
                text51                             2E68     2E68        2         0
                text50                             2CA8     2CA8       24         0
                text49                             2272     2272       8E         0
                text48                             2AEE     2AEE       3C         0
                text47                             25F6     25F6       76         0
                text46                             2DF0     2DF0       12         0
                text45                             1818     1818       F2         0
                text44                             161A     161A      106         0
                text43                             1720     1720       F8         0
                text42                             1514     1514      106         0
                text41                             2580     2580       76         0
                text40                             250A     250A       76         0
                text39                              F76      F76      19A         0
                text38                             1110     1110      192         0
                text37                             1BB2     1BB2       D0         0
                text36                             2E66     2E66        2         0
                text35                             2E64     2E64        2         0
                text34                             2E62     2E62        2         0
                text33                             2E20     2E20        C         0
                text32                             2E14     2E14        C         0
                text31                             2A20     2A20       48         0
                text30                              896      896      328         0
                text29                             1AD2     1AD2       E0         0
                text28                             12A2     12A2      152         0
                text27                             19F2     19F2       E0         0
                text26                             200E     200E       A2         0
                text25                               1E       1E      4DE         0
                text24                             2750     2750       64         0
                text23                             2D90     2D90       1E         0
                text22                              DDA      DDA      19C         0
                text21                             2E60     2E60        2         0
                text20                             28D2     28D2       5A         0
                text19                             1D3E     1D3E       B6         0
                text18                             2B66     2B66       38         0
                text17                              4FC      4FC      39A         0
                text16                             13F4     13F4      120         0
                text15                             2DDE     2DDE       12         0
                text14                             20B0     20B0       9C         0
                text13                             2DAE     2DAE       1C         0
                text12                             2E58     2E58        4         0
                text11                             2D12     2D12       20         0
                text10                             2874     2874       5E         0
                text9                              2DCA     2DCA       14         0
                text8                              2E4A     2E4A        A         0
                text7                              2CF0     2CF0       22         0
                text6                              2E40     2E40        A         0
                text5                              2E36     2E36        A         0
                text4                              2E2C     2E2C        A         0
                text3                              2982     2982       50         0
                text2                              2D72     2D72       1E         0
                text1                              2E54     2E54        4         0
                text0                              26E2     26E2       6E         0
                cinit                              2B9E     2B9E       36         0

        CLASS   CONST          

        CLASS   SMALLCONST     

        CLASS   MEDIUMCONST    
                mediumconst                        FD2C     FD2C      2D4         0

        CLASS   COMRAM         
                cstackCOMRAM                         3F       3F       1A         1
                bssCOMRAM                             1        1       3E         1

        CLASS   ABS1           

        CLASS   BIGRAM         

        CLASS   RAM            

        CLASS   BANK0          
                bssBANK0                             60       60       9B         1

        CLASS   BANK1          
                bssBANK1                            100      100       20         1

        CLASS   BANK2          

        CLASS   BANK3          

        CLASS   BANK4          

        CLASS   BANK5          

        CLASS   BANK6          

        CLASS   BANK7          

        CLASS   BANK8          

        CLASS   BANK9          

        CLASS   BANK10         

        CLASS   BANK11         

        CLASS   BANK12         

        CLASS   BANK13         

        CLASS   BANK14         

        CLASS   BANK15         

        CLASS   SFR            

        CLASS   BIGSFR         

        CLASS   CONFIG         
                config                           300000   300000        A         4

        CLASS   IDLOC          
                idloc                            200000   200000       10         5

        CLASS   EEDATA         

        CLASS   FARRAM         

        CLASS   HEAP           

        CLASS   STACK          



SEGMENTS        Name                           Load    Length   Top    Selector   Space  Class

                mediumconst                    00FD2C  0002D4  010000      7E96       0  MEDIUMCO
                ivt0x8                         000008  002E6C  002E74         4       0  CODE    
                reset_vec                      000000  000004  000004         0       0  CODE    
                bssBANK1                       000100  000020  000120       100       1  BANK1   
                bssBANK0                       000060  00009B  0000FB        60       1  BANK0   
                bssCOMRAM                      000001  000058  000059         1       1  COMRAM  


UNUSED ADDRESS RANGES

        Name                Unused          Largest block    Delta
        BANK0            0000FB-0000FF                5
        BANK1            000120-0001FF               E0
        BANK10           000A00-000AFF              100
        BANK11           000B00-000BFF              100
        BANK12           000C00-000CFF              100
        BANK13           000D00-000DFF              100
        BANK14           000E00-000EFF              100
        BANK15           000F00-000FFF              100
        BANK2            000200-0002FF              100
        BANK3            000300-0003FF              100
        BANK4            000400-0004FF              100
        BANK5            000500-0005FF              100
        BANK6            000600-0006FF              100
        BANK7            000700-0007FF              100
        BANK8            000800-0008FF              100
        BANK9            000900-0009FF              100
        BIGRAM           000059-00005F                7
                         0000FB-0000FF                5
                         000120-000FFF              EE0
        BIGSFR           003700-003FFF              900
        CODE             000004-000007                4
                         002E74-00FD2B             CEB8
        COMRAM           000059-00005F                7
        CONST            000004-000007                4
                         002E74-00FD2B             CEB8
        EEDATA           310000-3103FF              400
        MEDIUMCONST      002E74-00FD2B             CEB8
        RAM              0000FB-0000FF                5
                         000120-000FFF              100
        SFR              003700-003FFF              100
        SMALLCONST       002E74-00FD2B              100

                                  Symbol Table

CO_COMM_TPDO1_TypeAccessEvent@tempType        cstackCOMRAM 000048
CO_MEMIO_CopyRomToRam@len                     cstackCOMRAM 000049
CO_MEMIO_CopyRomToRam@pIn                     cstackCOMRAM 000046
CO_MEMIO_CopyRomToRam@pOut                    cstackCOMRAM 000047
CO_MEMIO_CopySram@len                         cstackCOMRAM 00004A
CO_MEMIO_CopySram@pIn                         cstackCOMRAM 000046
CO_MEMIO_CopySram@pOut                        cstackCOMRAM 000048
INTSTAT_ADDR                                  (abs)        0000D3
IVTBASEH                                      (abs)        003FD6
IVTBASEL                                      (abs)        003FD5
IVTBASEU                                      (abs)        003FD7
TMR0_SetInterruptHandler@InterruptHandler     cstackCOMRAM 000046
UART1_SetErrorHandler@interruptHandler        cstackCOMRAM 000046
UART1_SetFramingErrorHandler@interruptHandler cstackCOMRAM 000046
UART1_SetOverrunErrorHandler@interruptHandler cstackCOMRAM 000046
_ANSELA                                       (abs)        003A40
_ANSELB                                       (abs)        003A50
_ANSELC                                       (abs)        003A60
_B0CON                                        (abs)        003740
_B0CONbits                                    (abs)        003740
_B1CON                                        (abs)        003750
_B1CONbits                                    (abs)        003750
_B2CON                                        (abs)        003760
_B3CON                                        (abs)        003770
_B4CON                                        (abs)        003780
_B5CON                                        (abs)        003790
_BIE0                                         (abs)        00373E
_BRGCON1                                      (abs)        003703
_BRGCON2                                      (abs)        003704
_BRGCON3                                      (abs)        003705
_BSEL0                                        (abs)        00373D
_CANCON                                       (abs)        003F8F
_CANCONbits                                   (abs)        003F8F
_CANRXPPS                                     (abs)        003AED
_CANSTAT                                      (abs)        003F8E
_CANSTATbits                                  (abs)        003F8E
_CIOCON                                       (abs)        003700
_COMSTATbits                                  (abs)        003F90
_CO_COMMSyncEvent                             text24       002750
_CO_COMM_RPDO1_COBIDAccessEvent               text39       000F76
_CO_COMM_TPDO1_COBIDAccessEvent               text38       001110
_CO_COMM_TPDO1_TypeAccessEvent                text37       001BB2
_CO_MEMIO_CopyRomToRam                        text29       001AD2
_CO_MEMIO_CopySram                            text28       0012A2
_CO_NMTAppResetRequest                        text72       002E6C
_CO_NMTENodeGuardErrEvent                     text50       002CA8
_CO_NMTResetEvent                             text71       002E5C
_CO_NMTStateChangeEvent                       text70       002E6A
_CO_PDO1LSTimerEvent                          text51       002E68
_CO_PDO1TXFinEvent                            text21       002E60
_CO_ProcessAllEvents                          text15       002DDE
_DemoInit                                     text14       0020B0
_ECANCON                                      (abs)        003F91
_ECAN_WAKI_ISR                                text84       002D52
_I2C1CLK                                      (abs)        003D7B
_I2C1CNT                                      (abs)        003D6C
_I2C1CON0                                     (abs)        003D73
_I2C1CON0bits                                 (abs)        003D73
_I2C1CON1                                     (abs)        003D74
_I2C1CON1bits                                 (abs)        003D74
_I2C1CON2                                     (abs)        003D75
_I2C1ERR                                      (abs)        003D76
_I2C1ERRbits                                  (abs)        003D76
_I2C1PIE                                      (abs)        003D7A
_I2C1PIEbits                                  (abs)        003D7A
_I2C1PIR                                      (abs)        003D79
_I2C1PIRbits                                  (abs)        003D79
_I2C1RXB                                      (abs)        003D6A
_I2C1SCLPPS                                   (abs)        003AE3
_I2C1SDAPPS                                   (abs)        003AE4
_I2C1STAT1bits                                (abs)        003D78
_I2C1TXB                                      (abs)        003D6B
_I2C1_CallbackReturnReset                     (abs)        000000
_I2C1_CallbackReturnStop                      (abs)        000000
_I2C1_DO_ADDRESS_NACK                         (abs)        000000
_I2C1_DO_BUS_COLLISION                        (abs)        000000
_I2C1_DO_BUS_ERROR                            (abs)        000000
_I2C1_DO_IDLE                                 (abs)        000000
_I2C1_DO_RESET                                (abs)        000000
_I2C1_DO_RX                                   (abs)        000000
_I2C1_DO_RX_ACK                               (abs)        000000
_I2C1_DO_RX_EMPTY                             (abs)        000000
_I2C1_DO_RX_NACK_RESTART                      (abs)        000000
_I2C1_DO_RX_NACK_STOP                         (abs)        000000
_I2C1_DO_SEND_ADR_READ                        (abs)        000000
_I2C1_DO_SEND_ADR_WRITE                       (abs)        000000
_I2C1_DO_SEND_RESTART                         (abs)        000000
_I2C1_DO_SEND_RESTART_READ                    (abs)        000000
_I2C1_DO_SEND_RESTART_WRITE                   (abs)        000000
_I2C1_DO_SEND_STOP                            (abs)        000000
_I2C1_DO_TX                                   (abs)        000000
_I2C1_DO_TX_ACK                               (abs)        000000
_I2C1_DO_TX_EMPTY                             (abs)        000000
_I2C1_Initialize                              text13       002DAE
_I2C1_Status                                  bssBANK0     000060
_INLVLA                                       (abs)        003A44
_INLVLB                                       (abs)        003A54
_INLVLC                                       (abs)        003A64
_INLVLE                                       (abs)        003A84
_INTCON0bits                                  (abs)        003FD2
_INTERRUPT_Initialize                         text12       002E58
_INTERRUPT_InterruptManager                   text75       002814
_LATA                                         (abs)        003FBA
_LATB                                         (abs)        003FBB
_LATBbits                                     (abs)        003FBB
_LATC                                         (abs)        003FBC
_MSEL0                                        (abs)        003739
_MSEL1                                        (abs)        00373A
_MSEL2                                        (abs)        00373B
_MSEL3                                        (abs)        00373C
_ODCONA                                       (abs)        003A42
_ODCONB                                       (abs)        003A52
_ODCONC                                       (abs)        003A62
_OSCCON1                                      (abs)        0039D9
_OSCCON3                                      (abs)        0039DB
_OSCEN                                        (abs)        0039DD
_OSCFRQ                                       (abs)        0039DF
_OSCILLATOR_Initialize                        text11       002D12
_OSCTUNE                                      (abs)        0039DE
_PIE2bits                                     (abs)        003992
_PIE3bits                                     (abs)        003993
_PIE5bits                                     (abs)        003995
_PIN_MANAGER_Initialize                       text10       002874
_PIR2bits                                     (abs)        0039A2
_PIR3bits                                     (abs)        0039A3
_PIR5bits                                     (abs)        0039A5
_PLLR                                         (abs)        01CEE0
_PMD0                                         (abs)        0039C0
_PMD1                                         (abs)        0039C1
_PMD2                                         (abs)        0039C2
_PMD3                                         (abs)        0039C3
_PMD4                                         (abs)        0039C4
_PMD5                                         (abs)        0039C5
_PMD6                                         (abs)        0039C6
_PMD7                                         (abs)        0039C7
_PMD_Initialize                               text9        002DCA
_RB0PPS                                       (abs)        003A08
_RB2PPS                                       (abs)        003A0A
_RC6PPS                                       (abs)        003A16
_RC7PPS                                       (abs)        003A17
_RXB0CON                                      (abs)        003F80
_RXB0CONbits                                  (abs)        003F80
_RXB0D0                                       (abs)        003F86
_RXB0D1                                       (abs)        003F87
_RXB0D2                                       (abs)        003F88
_RXB0D3                                       (abs)        003F89
_RXB0D4                                       (abs)        003F8A
_RXB0D5                                       (abs)        003F8B
_RXB0D6                                       (abs)        003F8C
_RXB0D7                                       (abs)        003F8D
_RXB0DLC                                      (abs)        003F85
_RXB0DLCbits                                  (abs)        003F85
_RXB0EIDH                                     (abs)        003F83
_RXB0EIDL                                     (abs)        003F84
_RXB0SIDH                                     (abs)        003F81
_RXB0SIDL                                     (abs)        003F82
_RXB1CON                                      (abs)        0037F0
_RXB1CONbits                                  (abs)        0037F0
_RXB1D0                                       (abs)        0037F6
_RXB1D1                                       (abs)        0037F7
_RXB1D2                                       (abs)        0037F8
_RXB1D3                                       (abs)        0037F9
_RXB1D4                                       (abs)        0037FA
_RXB1D5                                       (abs)        0037FB
_RXB1D6                                       (abs)        0037FC
_RXB1D7                                       (abs)        0037FD
_RXB1DLC                                      (abs)        0037F5
_RXB1EIDH                                     (abs)        0037F3
_RXB1EIDL                                     (abs)        0037F4
_RXB1SIDH                                     (abs)        0037F1
_RXB1SIDL                                     (abs)        0037F2
_RXF0EIDH                                     (abs)        0037A2
_RXF0EIDL                                     (abs)        0037A3
_RXF0SIDH                                     (abs)        0037A0
_RXF0SIDL                                     (abs)        0037A1
_RXF1EIDH                                     (abs)        0037A6
_RXF1EIDL                                     (abs)        0037A7
_RXF1SIDH                                     (abs)        0037A4
_RXF1SIDL                                     (abs)        0037A5
_RXF2EIDH                                     (abs)        0037AA
_RXF2EIDL                                     (abs)        0037AB
_RXF2SIDH                                     (abs)        0037A8
_RXF2SIDL                                     (abs)        0037A9
_RXF3EIDH                                     (abs)        0037AE
_RXF3EIDL                                     (abs)        0037AF
_RXF3SIDH                                     (abs)        0037AC
_RXF3SIDL                                     (abs)        0037AD
_RXF4EIDH                                     (abs)        0037B2
_RXF4EIDL                                     (abs)        0037B3
_RXF4SIDH                                     (abs)        0037B0
_RXF4SIDL                                     (abs)        0037B1
_RXF5EIDH                                     (abs)        0037B6
_RXF5EIDL                                     (abs)        0037B7
_RXF5SIDH                                     (abs)        0037B4
_RXF5SIDL                                     (abs)        0037B5
_RXF6SIDH                                     (abs)        003708
_RXF7SIDH                                     (abs)        00370C
_RXFBCON0                                     (abs)        003731
_RXFBCON1                                     (abs)        003732
_RXFBCON2                                     (abs)        003733
_RXFBCON3                                     (abs)        003734
_RXFBCON4                                     (abs)        003735
_RXFBCON5                                     (abs)        003736
_RXFBCON6                                     (abs)        003737
_RXFBCON7                                     (abs)        003738
_RXFCON0                                      (abs)        003706
_RXFCON0bits                                  (abs)        003706
_RXFCON1                                      (abs)        003707
_RXM0EIDH                                     (abs)        0037BA
_RXM0EIDL                                     (abs)        0037BB
_RXM0SIDH                                     (abs)        0037B8
_RXM0SIDL                                     (abs)        0037B9
_RXM1EIDH                                     (abs)        0037BE
_RXM1EIDL                                     (abs)        0037BF
_RXM1SIDH                                     (abs)        0037BC
_RXM1SIDL                                     (abs)        0037BD
_SDFLC                                        (abs)        003730
_SLRCONA                                      (abs)        003A43
_SLRCONB                                      (abs)        003A53
_SLRCONC                                      (abs)        003A63
_SYSTEM_Initialize                            text2        002D72
_T0CON0                                       (abs)        003FB8
_T0CON0bits                                   (abs)        003FB8
_T0CON1                                       (abs)        003FB9
_TMR0H                                        (abs)        003FB7
_TMR0L                                        (abs)        003FB6
_TMR0_Blink                                   text31       002A20
_TMR0_Blink$intlevel0                         text31       002A2A
_TMR0_DefaultInterruptHandler                 text32       002E14
_TMR0_DefaultInterruptHandler$intlevel0       text32       002E1E
_TMR0_ISR                                     text76       002C76
_TMR0_Initialize                              text7        002CF0
_TMR0_InterruptHandler                        bssBANK0     0000AB
_TMR0_SetInterruptHandler                     text8        002E4A
_TMR0_StartTimer                              text1        002E54
_TRISA                                        (abs)        003FC2
_TRISB                                        (abs)        003FC3
_TRISC                                        (abs)        003FC4
_TXB0CONbits                                  (abs)        0037E0
_TXB0D0                                       (abs)        0037E6
_TXB0D1                                       (abs)        0037E7
_TXB0D2                                       (abs)        0037E8
_TXB0D3                                       (abs)        0037E9
_TXB0D4                                       (abs)        0037EA
_TXB0D5                                       (abs)        0037EB
_TXB0D6                                       (abs)        0037EC
_TXB0D7                                       (abs)        0037ED
_TXB0DLC                                      (abs)        0037E5
_TXB0EIDH                                     (abs)        0037E3
_TXB0EIDL                                     (abs)        0037E4
_TXB0SIDH                                     (abs)        0037E1
_TXB0SIDL                                     (abs)        0037E2
_TXB1CONbits                                  (abs)        0037D0
_TXB1D0                                       (abs)        0037D6
_TXB1D1                                       (abs)        0037D7
_TXB1D2                                       (abs)        0037D8
_TXB1D3                                       (abs)        0037D9
_TXB1D4                                       (abs)        0037DA
_TXB1D5                                       (abs)        0037DB
_TXB1D6                                       (abs)        0037DC
_TXB1D7                                       (abs)        0037DD
_TXB1DLC                                      (abs)        0037D5
_TXB1EIDH                                     (abs)        0037D3
_TXB1EIDL                                     (abs)        0037D4
_TXB1SIDH                                     (abs)        0037D1
_TXB1SIDL                                     (abs)        0037D2
_TXB2CONbits                                  (abs)        0037C0
_TXB2D0                                       (abs)        0037C6
_TXB2D1                                       (abs)        0037C7
_TXB2D2                                       (abs)        0037C8
_TXB2D3                                       (abs)        0037C9
_TXB2D4                                       (abs)        0037CA
_TXB2D5                                       (abs)        0037CB
_TXB2D6                                       (abs)        0037CC
_TXB2D7                                       (abs)        0037CD
_TXB2DLC                                      (abs)        0037C5
_TXB2EIDH                                     (abs)        0037C3
_TXB2EIDL                                     (abs)        0037C4
_TXB2SIDH                                     (abs)        0037C1
_TXB2SIDL                                     (abs)        0037C2
_TXBIE                                        (abs)        00373F
_U1BRGH                                       (abs)        003DF6
_U1BRGL                                       (abs)        003DF5
_U1CON0                                       (abs)        003DF2
_U1CON0bits                                   (abs)        003DF2
_U1CON1                                       (abs)        003DF3
_U1CON2                                       (abs)        003DF4
_U1ERRIE                                      (abs)        003DFA
_U1ERRIR                                      (abs)        003DF9
_U1ERRIRbits                                  (abs)        003DF9
_U1FIFO                                       (abs)        003DF7
_U1P1H                                        (abs)        003DED
_U1P1L                                        (abs)        003DEC
_U1P2H                                        (abs)        003DEF
_U1P2L                                        (abs)        003DEE
_U1P3H                                        (abs)        003DF1
_U1P3L                                        (abs)        003DF0
_U1RXB                                        (abs)        003DE8
_U1RXPPS                                      (abs)        003AE7
_U1TXB                                        (abs)        003DEA
_U1UIR                                        (abs)        003DF8
_UART1_DefaultErrorHandler                    text34       002E62
_UART1_DefaultFramingErrorHandler             text36       002E66
_UART1_DefaultOverrunErrorHandler             text35       002E64
_UART1_ErrorHandler                           bssBANK0     0000AF
_UART1_FramingErrorHandler                    bssBANK0     0000B3
_UART1_Initialize                             text3        002982
_UART1_OverrunErrorHandler                    bssBANK0     0000B1
_UART1_SetErrorHandler                        text6        002E40
_UART1_SetFramingErrorHandler                 text5        002E36
_UART1_SetOverrunErrorHandler                 text4        002E2C
_WPUA                                         (abs)        003A41
_WPUB                                         (abs)        003A51
_WPUC                                         (abs)        003A61
_WPUE                                         (abs)        003A81
_WakeUpDefaultInterruptHandler                text33       002E20
_WakeUpDefaultInterruptHandler$intlevel0      text33       002E2A
_WakeUpInterruptHandler                       bssBANK0     0000AD
__CANCloseMessage                             text53       002A68
__CANCloseMessage@i                           cstackCOMRAM 000047
__CANEventManager                             text68       000BBE
__CANIsGetReady                               text74       0021E0
__CANIsPutFin                                 text20       0028D2
__CANIsPutReady                               text67       0027B4
__CANOpenMessage                              text65       002492
__CANOpenMessage@i                            cstackCOMRAM 000046
__CANReset                                    text66       002418
__CANSetBitRate                               text69       00238E
__CO_COB_CANopen2MCHP                         text64       001F5C
__CO_COB_MCHP2CANopen                         text54       001DF4
__CO_COMMLSTimeEventManager                   text47       0025F6
__CO_COMMRXEventManager                       text22       000DDA
__CO_COMMResetEventManager                    text57       0029D2
__CO_COMMTXFinEventManager                    text19       001D3E
__CO_COMMTXRdyEventManager                    text16       0013F4
__CO_COMM_NMTE_GuardTimeAccessEvent           text44       00161A
__CO_COMM_NMTE_HeartBeatAccessEvent           text42       001514
__CO_COMM_NMTE_LSTimerEvent                   text49       002272
__CO_COMM_NMTE_LifeFactorAccessEvent          text43       001720
__CO_COMM_NMTE_Open                           text63       00190A
__CO_COMM_NMTE_RXEvent                        text73       00292C
__CO_COMM_NMTE_TXEvent                        text62       001C82
__CO_COMM_NMT_Open                            text61       002C40
__CO_COMM_NMT_RXEvent                         text56       00214C
__CO_COMM_PDO1_Close                          text52       002E02
__CO_COMM_PDO1_Open                           text60       002C0A
__CO_COMM_PDO1_RXEvent                        text55       002D32
__CO_COMM_PDO1_TXEvent                        text18       002B66
__CO_COMM_SDO1_CS_COBIDAccessEvent            text41       002580
__CO_COMM_SDO1_LSTimerEvent                   text48       002AEE
__CO_COMM_SDO1_Open                           text59       001EA8
__CO_COMM_SDO1_RXEvent                        text25       00001E
__CO_COMM_SDO1_SC_COBIDAccessEvent            text40       00250A
__CO_COMM_SDO1_TXEvent                        text17       0004FC
__CO_COMM_SYNC_COBIDAccessEvent               text45       001818
__CO_COMM_SYNC_Close                          text46       002DF0
__CO_COMM_SYNC_Open                           text58       002BD4
__CO_COMM_SYNC_RXEvent                        text23       002D90
__CO_DictObjectDecode                         text30       000896
__CO_DictObjectRead                           text27       0019F2
__CO_DictObjectWrite                          text26       00200E
__HRAM                                        (abs)        000000
__H__absolute__                               __absolute__ 000000
__Habs1                                       abs1         000000
__Hbank0                                      bank0        000000
__Hbank1                                      bank1        000000
__Hbank10                                     bank10       000000
__Hbank11                                     bank11       000000
__Hbank12                                     bank12       000000
__Hbank13                                     bank13       000000
__Hbank14                                     bank14       000000
__Hbank15                                     bank15       000000
__Hbank2                                      bank2        000000
__Hbank3                                      bank3        000000
__Hbank4                                      bank4        000000
__Hbank5                                      bank5        000000
__Hbank6                                      bank6        000000
__Hbank7                                      bank7        000000
__Hbank8                                      bank8        000000
__Hbank9                                      bank9        000000
__Hbigbss                                     bigbss       000000
__Hbigdata                                    bigdata      000000
__Hbigram                                     bigram       000000
__Hbigsfr                                     bigsfr       000000
__Hbss                                        bss          000000
__HbssBANK0                                   bssBANK0     000000
__HbssBANK1                                   bssBANK1     000000
__HbssCOMRAM                                  bssCOMRAM    000000
__Hcinit                                      cinit        000000
__Hclrtext                                    clrtext      000000
__Hcomram                                     comram       000000
__Hconfig                                     config       30000A
__Hconst                                      const        000000
__HcstackCOMRAM                               cstackCOMRAM 000000
__Hdata                                       data         000000
__Heeprom_data                                eeprom_data  000000
__Hfarbss                                     farbss       000000
__Hfardata                                    fardata      000000
__Hheap                                       heap         000000
__Hibigdata                                   ibigdata     000000
__Hidata                                      idata        000000
__Hidloc                                      idloc        200010
__Hifardata                                   ifardata     000000
__Hinit                                       init         00001E
__Hintsave_regs                               intsave_regs 000000
__Hirdata                                     irdata       000000
__Hivt0x8                                     ivt0x8       00001A
__Hmediumconst                                mediumconst  010000
__HnvFARRAM                                   nvFARRAM     000000
__Hnvbit                                      nvbit        000000
__Hnvrram                                     nvrram       000000
__Hparam                                      rparam       000000
__Hpowerup                                    powerup      000000
__Hram                                        ram          000000
__Hramtop                                     ramtop       001000
__Hrbit                                       rbit         000000
__Hrbss                                       rbss         000000
__Hrdata                                      rdata        000000
__Hreset_vec                                  reset_vec    000004
__Hrparam                                     rparam       000000
__Hsfr                                        sfr          000000
__Hsmallconst                                 smallconst   000000
__Hspace_0                                    (abs)        010000
__Hspace_1                                    (abs)        000120
__Hspace_2                                    (abs)        000000
__Hspace_4                                    (abs)        60000A
__Hstack                                      stack        000000
__Hstruct                                     struct       000000
__Htemp                                       temp         000000
__Htext                                       text         000000
__Htext0                                      text0        000000
__Htext1                                      text1        000000
__Htext10                                     text10       000000
__Htext11                                     text11       000000
__Htext12                                     text12       000000
__Htext13                                     text13       000000
__Htext14                                     text14       000000
__Htext15                                     text15       000000
__Htext16                                     text16       000000
__Htext17                                     text17       000000
__Htext18                                     text18       000000
__Htext19                                     text19       000000
__Htext2                                      text2        000000
__Htext20                                     text20       000000
__Htext21                                     text21       000000
__Htext22                                     text22       000000
__Htext23                                     text23       000000
__Htext24                                     text24       000000
__Htext25                                     text25       000000
__Htext26                                     text26       000000
__Htext27                                     text27       000000
__Htext28                                     text28       000000
__Htext29                                     text29       000000
__Htext3                                      text3        000000
__Htext30                                     text30       000000
__Htext31                                     text31       000000
__Htext32                                     text32       000000
__Htext33                                     text33       000000
__Htext34                                     text34       000000
__Htext35                                     text35       000000
__Htext36                                     text36       000000
__Htext37                                     text37       000000
__Htext38                                     text38       000000
__Htext39                                     text39       000000
__Htext4                                      text4        000000
__Htext40                                     text40       000000
__Htext41                                     text41       000000
__Htext42                                     text42       000000
__Htext43                                     text43       000000
__Htext44                                     text44       000000
__Htext45                                     text45       000000
__Htext46                                     text46       000000
__Htext47                                     text47       000000
__Htext48                                     text48       000000
__Htext49                                     text49       000000
__Htext5                                      text5        000000
__Htext50                                     text50       000000
__Htext51                                     text51       000000
__Htext52                                     text52       000000
__Htext53                                     text53       000000
__Htext54                                     text54       000000
__Htext55                                     text55       000000
__Htext56                                     text56       000000
__Htext57                                     text57       000000
__Htext58                                     text58       000000
__Htext59                                     text59       000000
__Htext6                                      text6        000000
__Htext60                                     text60       000000
__Htext61                                     text61       000000
__Htext62                                     text62       000000
__Htext63                                     text63       000000
__Htext64                                     text64       000000
__Htext65                                     text65       000000
__Htext66                                     text66       000000
__Htext67                                     text67       000000
__Htext68                                     text68       000000
__Htext69                                     text69       000000
__Htext7                                      text7        000000
__Htext70                                     text70       000000
__Htext71                                     text71       000000
__Htext72                                     text72       000000
__Htext73                                     text73       000000
__Htext74                                     text74       000000
__Htext75                                     text75       000000
__Htext76                                     text76       000000
__Htext77                                     text77       000000
__Htext78                                     text78       000000
__Htext79                                     text79       000000
__Htext8                                      text8        000000
__Htext80                                     text80       000000
__Htext81                                     text81       000000
__Htext82                                     text82       000000
__Htext83                                     text83       000000
__Htext84                                     text84       000000
__Htext85                                     text85       000000
__Htext9                                      text9        000000
__LRAM                                        (abs)        000001
__L__absolute__                               __absolute__ 000000
__Labs1                                       abs1         000000
__Lbank0                                      bank0        000000
__Lbank1                                      bank1        000000
__Lbank10                                     bank10       000000
__Lbank11                                     bank11       000000
__Lbank12                                     bank12       000000
__Lbank13                                     bank13       000000
__Lbank14                                     bank14       000000
__Lbank15                                     bank15       000000
__Lbank2                                      bank2        000000
__Lbank3                                      bank3        000000
__Lbank4                                      bank4        000000
__Lbank5                                      bank5        000000
__Lbank6                                      bank6        000000
__Lbank7                                      bank7        000000
__Lbank8                                      bank8        000000
__Lbank9                                      bank9        000000
__Lbigbss                                     bigbss       000000
__Lbigdata                                    bigdata      000000
__Lbigram                                     bigram       000000
__Lbigsfr                                     bigsfr       000000
__Lbss                                        bss          000000
__LbssBANK0                                   bssBANK0     000000
__LbssBANK1                                   bssBANK1     000000
__LbssCOMRAM                                  bssCOMRAM    000000
__Lcinit                                      cinit        000000
__Lclrtext                                    clrtext      000000
__Lcomram                                     comram       000000
__Lconfig                                     config       000000
__Lconst                                      const        000000
__LcstackCOMRAM                               cstackCOMRAM 000000
__Ldata                                       data         000000
__Leeprom_data                                eeprom_data  000000
__Lfarbss                                     farbss       000000
__Lfardata                                    fardata      000000
__Lheap                                       heap         000000
__Libigdata                                   ibigdata     000000
__Lidata                                      idata        000000
__Lidloc                                      idloc        000000
__Lifardata                                   ifardata     000000
__Linit                                       init         00001A
__Lintsave_regs                               intsave_regs 000000
__Lirdata                                     irdata       000000
__Livt0x8                                     ivt0x8       000008
__Lmediumconst                                mediumconst  00FD2C
__LnvFARRAM                                   nvFARRAM     000000
__Lnvbit                                      nvbit        000000
__Lnvrram                                     nvrram       000000
__Lparam                                      rparam       000000
__Lpowerup                                    powerup      000000
__Lram                                        ram          000000
__Lramtop                                     ramtop       001000
__Lrbit                                       rbit         000000
__Lrbss                                       rbss         000000
__Lrdata                                      rdata        000000
__Lreset_vec                                  reset_vec    000000
__Lrparam                                     rparam       000000
__Lsfr                                        sfr          000000
__Lsmallconst                                 smallconst   000000
__Lspace_0                                    (abs)        000000
__Lspace_1                                    (abs)        000000
__Lspace_2                                    (abs)        000000
__Lspace_4                                    (abs)        000000
__Lstack                                      stack        000000
__Lstruct                                     struct       000000
__Ltemp                                       temp         000000
__Ltext                                       text         000000
__Ltext0                                      text0        000000
__Ltext1                                      text1        000000
__Ltext10                                     text10       000000
__Ltext11                                     text11       000000
__Ltext12                                     text12       000000
__Ltext13                                     text13       000000
__Ltext14                                     text14       000000
__Ltext15                                     text15       000000
__Ltext16                                     text16       000000
__Ltext17                                     text17       000000
__Ltext18                                     text18       000000
__Ltext19                                     text19       000000
__Ltext2                                      text2        000000
__Ltext20                                     text20       000000
__Ltext21                                     text21       000000
__Ltext22                                     text22       000000
__Ltext23                                     text23       000000
__Ltext24                                     text24       000000
__Ltext25                                     text25       000000
__Ltext26                                     text26       000000
__Ltext27                                     text27       000000
__Ltext28                                     text28       000000
__Ltext29                                     text29       000000
__Ltext3                                      text3        000000
__Ltext30                                     text30       000000
__Ltext31                                     text31       000000
__Ltext32                                     text32       000000
__Ltext33                                     text33       000000
__Ltext34                                     text34       000000
__Ltext35                                     text35       000000
__Ltext36                                     text36       000000
__Ltext37                                     text37       000000
__Ltext38                                     text38       000000
__Ltext39                                     text39       000000
__Ltext4                                      text4        000000
__Ltext40                                     text40       000000
__Ltext41                                     text41       000000
__Ltext42                                     text42       000000
__Ltext43                                     text43       000000
__Ltext44                                     text44       000000
__Ltext45                                     text45       000000
__Ltext46                                     text46       000000
__Ltext47                                     text47       000000
__Ltext48                                     text48       000000
__Ltext49                                     text49       000000
__Ltext5                                      text5        000000
__Ltext50                                     text50       000000
__Ltext51                                     text51       000000
__Ltext52                                     text52       000000
__Ltext53                                     text53       000000
__Ltext54                                     text54       000000
__Ltext55                                     text55       000000
__Ltext56                                     text56       000000
__Ltext57                                     text57       000000
__Ltext58                                     text58       000000
__Ltext59                                     text59       000000
__Ltext6                                      text6        000000
__Ltext60                                     text60       000000
__Ltext61                                     text61       000000
__Ltext62                                     text62       000000
__Ltext63                                     text63       000000
__Ltext64                                     text64       000000
__Ltext65                                     text65       000000
__Ltext66                                     text66       000000
__Ltext67                                     text67       000000
__Ltext68                                     text68       000000
__Ltext69                                     text69       000000
__Ltext7                                      text7        000000
__Ltext70                                     text70       000000
__Ltext71                                     text71       000000
__Ltext72                                     text72       000000
__Ltext73                                     text73       000000
__Ltext74                                     text74       000000
__Ltext75                                     text75       000000
__Ltext76                                     text76       000000
__Ltext77                                     text77       000000
__Ltext78                                     text78       000000
__Ltext79                                     text79       000000
__Ltext8                                      text8        000000
__Ltext80                                     text80       000000
__Ltext81                                     text81       000000
__Ltext82                                     text82       000000
__Ltext83                                     text83       000000
__Ltext84                                     text84       000000
__Ltext85                                     text85       000000
__Ltext9                                      text9        000000
__S0                                          (abs)        010000
__S1                                          (abs)        000120
__S4                                          (abs)        000000
__S5                                          (abs)        000000
___heap_hi                                    (abs)        000000
___heap_lo                                    (abs)        000000
___inthi_sp                                   stack        000000
___inthi_stack_hi                             stack        000000
___inthi_stack_lo                             stack        000000
___intlo_sp                                   stack        000000
___intlo_stack_hi                             stack        000000
___intlo_stack_lo                             stack        000000
___param_bank                                 (abs)        000000
___rparam_used                                (abs)        000001
___sp                                         stack        000000
___stack_hi                                   stack        000000
___stack_lo                                   stack        000000
__accesstop                                   (abs)        000060
__activetblptr                                (abs)        000003
__db_device                                   mediumconst  00FD53
__db_manufacturer_g1                          mediumconst  00FFAC
__db_manufacturer_g2                          mediumconst  00FF9C
__db_manufacturer_g3                          mediumconst  00FF8C
__db_manufacturer_g4                          mediumconst  00FF7C
__db_objects                                  mediumconst  00FECB
__db_pdo1_rx_comm                             mediumconst  00FFBC
__db_pdo1_rx_map                              mediumconst  00FE83
__db_pdo1_tx_comm                             mediumconst  00FF1C
__db_pdo1_tx_map                              mediumconst  00FE3B
__db_sdo                                      mediumconst  00FF34
__db_standard_g1                              mediumconst  00FDCB
__db_standard_g2                              mediumconst  00FF6C
__db_standard_g3                              mediumconst  00FF5C
__db_standard_g4                              mediumconst  00FF4C
__end_of_CO_COMMSyncEvent                     text24       0027B4
__end_of_CO_COMM_RPDO1_COBIDAccessEvent       text39       001110
__end_of_CO_COMM_TPDO1_COBIDAccessEvent       text38       0012A2
__end_of_CO_COMM_TPDO1_TypeAccessEvent        text37       001C82
__end_of_CO_MEMIO_CopyRomToRam                text29       001BB2
__end_of_CO_MEMIO_CopySram                    text28       0013F4
__end_of_CO_NMTAppResetRequest                text72       002E6E
__end_of_CO_NMTENodeGuardErrEvent             text50       002CCC
__end_of_CO_NMTResetEvent                     text71       002E60
__end_of_CO_NMTStateChangeEvent               text70       002E6C
__end_of_CO_PDO1LSTimerEvent                  text51       002E6A
__end_of_CO_PDO1TXFinEvent                    text21       002E62
__end_of_CO_ProcessAllEvents                  text15       002DF0
__end_of_DemoInit                             text14       00214C
__end_of_ECAN_WAKI_ISR                        text84       002D72
__end_of_I2C1_Initialize                      text13       002DCA
__end_of_INTERRUPT_Initialize                 text12       002E5C
__end_of_INTERRUPT_InterruptManager           text75       002874
__end_of_OSCILLATOR_Initialize                text11       002D32
__end_of_PIN_MANAGER_Initialize               text10       0028D2
__end_of_PMD_Initialize                       text9        002DDE
__end_of_SYSTEM_Initialize                    text2        002D90
__end_of_TMR0_Blink                           text31       002A68
__end_of_TMR0_DefaultInterruptHandler         text32       002E20
__end_of_TMR0_ISR                             text76       002CA8
__end_of_TMR0_Initialize                      text7        002D12
__end_of_TMR0_SetInterruptHandler             text8        002E54
__end_of_TMR0_StartTimer                      text1        002E58
__end_of_UART1_DefaultErrorHandler            text34       002E64
__end_of_UART1_DefaultFramingErrorHandler     text36       002E68
__end_of_UART1_DefaultOverrunErrorHandler     text35       002E66
__end_of_UART1_Initialize                     text3        0029D2
__end_of_UART1_SetErrorHandler                text6        002E4A
__end_of_UART1_SetFramingErrorHandler         text5        002E40
__end_of_UART1_SetOverrunErrorHandler         text4        002E36
__end_of_WakeUpDefaultInterruptHandler        text33       002E2C
__end_of__CANCloseMessage                     text53       002AB0
__end_of__CANEventManager                     text68       000DDA
__end_of__CANIsGetReady                       text74       002272
__end_of__CANIsPutFin                         text20       00292C
__end_of__CANIsPutReady                       text67       002814
__end_of__CANOpenMessage                      text65       00250A
__end_of__CANReset                            text66       002492
__end_of__CANSetBitRate                       text69       002418
__end_of__CO_COB_CANopen2MCHP                 text64       00200E
__end_of__CO_COB_MCHP2CANopen                 text54       001EA8
__end_of__CO_COMMLSTimeEventManager           text47       00266C
__end_of__CO_COMMRXEventManager               text22       000F76
__end_of__CO_COMMResetEventManager            text57       002A20
__end_of__CO_COMMTXFinEventManager            text19       001DF4
__end_of__CO_COMMTXRdyEventManager            text16       001514
__end_of__CO_COMM_NMTE_GuardTimeAccessEvent   text44       001720
__end_of__CO_COMM_NMTE_HeartBeatAccessEvent   text42       00161A
__end_of__CO_COMM_NMTE_LSTimerEvent           text49       002300
__end_of__CO_COMM_NMTE_LifeFactorAccessEvent  text43       001818
__end_of__CO_COMM_NMTE_Open                   text63       0019F2
__end_of__CO_COMM_NMTE_RXEvent                text73       002982
__end_of__CO_COMM_NMTE_TXEvent                text62       001D3E
__end_of__CO_COMM_NMT_Open                    text61       002C76
__end_of__CO_COMM_NMT_RXEvent                 text56       0021E0
__end_of__CO_COMM_PDO1_Close                  text52       002E14
__end_of__CO_COMM_PDO1_Open                   text60       002C40
__end_of__CO_COMM_PDO1_RXEvent                text55       002D52
__end_of__CO_COMM_PDO1_TXEvent                text18       002B9E
__end_of__CO_COMM_SDO1_CS_COBIDAccessEvent    text41       0025F6
__end_of__CO_COMM_SDO1_LSTimerEvent           text48       002B2A
__end_of__CO_COMM_SDO1_Open                   text59       001F5C
__end_of__CO_COMM_SDO1_RXEvent                text25       0004FC
__end_of__CO_COMM_SDO1_SC_COBIDAccessEvent    text40       002580
__end_of__CO_COMM_SDO1_TXEvent                text17       000896
__end_of__CO_COMM_SYNC_COBIDAccessEvent       text45       00190A
__end_of__CO_COMM_SYNC_Close                  text46       002E02
__end_of__CO_COMM_SYNC_Open                   text58       002C0A
__end_of__CO_COMM_SYNC_RXEvent                text23       002DAE
__end_of__CO_DictObjectDecode                 text30       000BBE
__end_of__CO_DictObjectRead                   text27       001AD2
__end_of__CO_DictObjectWrite                  text26       0020B0
__end_of___dummy                              mediumconst  00FFDA
__end_of__db_device                           mediumconst  00FDCB
__end_of__db_manufacturer_g1                  mediumconst  00FFBC
__end_of__db_manufacturer_g2                  mediumconst  00FFAC
__end_of__db_manufacturer_g3                  mediumconst  00FF9C
__end_of__db_manufacturer_g4                  mediumconst  00FF8C
__end_of__db_objects                          mediumconst  00FF03
__end_of__db_pdo1_rx_comm                     mediumconst  00FFCC
__end_of__db_pdo1_rx_map                      mediumconst  00FECB
__end_of__db_pdo1_tx_comm                     mediumconst  00FF34
__end_of__db_pdo1_tx_map                      mediumconst  00FE83
__end_of__db_sdo                              mediumconst  00FF4C
__end_of__db_standard_g1                      mediumconst  00FE3B
__end_of__db_standard_g2                      mediumconst  00FF7C
__end_of__db_standard_g3                      mediumconst  00FF6C
__end_of__db_standard_g4                      mediumconst  00FF5C
__end_of__initialization                      cinit        002BCE
__end_of__uSDO1COMMIndx                       mediumconst  00FFFE
__end_of_i2c1_fsmStateTable                   mediumconst  00FD53
__end_of_main                                 text0        002750
__end_of_rCO_DevHardwareVer                   mediumconst  00FFD6
__end_of_rCO_DevIdentityIndx                  mediumconst  00FFFF
__end_of_rCO_DevName                          mediumconst  00FF1C
__end_of_rCO_DevProductCode                   mediumconst  00FFF2
__end_of_rCO_DevRevNo                         mediumconst  00FFEE
__end_of_rCO_DevSerialNo                      mediumconst  00FFEA
__end_of_rCO_DevSoftwareVer                   mediumconst  00FFD1
__end_of_rCO_DevType                          mediumconst  00FFFA
__end_of_rCO_DevVendorID                      mediumconst  00FFF6
__end_of_rMaxIndex1                           mediumconst  00FFFD
__end_of_rMaxIndex2                           mediumconst  00FFFC
__end_of_uDemoTPDO1Len                        mediumconst  00FFFB
__end_of_uPDO1Dummy                           mediumconst  00FFE2
__end_of_uRPDO1Map                            mediumconst  00FFE6
__end_of_uTPDO1Map                            mediumconst  00FFDE
__end_ofi2_CO_NMTENodeGuardErrEvent           text82       002CF0
__end_ofi2_CO_PDO1LSTimerEvent                text83       002E72
__end_ofi2_TMR0_Blink                         text77       002AEE
__end_ofi2_TMR0_DefaultInterruptHandler       text78       002E70
__end_ofi2_WakeUpDefaultInterruptHandler      text85       002E74
__end_ofi2__CO_COMMLSTimeEventManager         text79       0026E2
__end_ofi2__CO_COMM_NMTE_LSTimerEvent         text81       00238E
__end_ofi2__CO_COMM_SDO1_LSTimerEvent         text80       002B66
__hNMT                                        bssCOMRAM    00001E
__hNMTE                                       bssCOMRAM    00001B
__hSDO1                                       bssCOMRAM    000019
__hSYNC                                       bssCOMRAM    000015
__initialization                              cinit        002B9E
__mediumconst                                 mediumconst  00FD2C
__net_en                                      bssCOMRAM    000026
__pTmpDBase                                   bssBANK0     0000B9
__pbssBANK0                                   bssBANK0     000060
__pbssBANK1                                   bssBANK1     000100
__pbssCOMRAM                                  bssCOMRAM    000001
__pcinit                                      cinit        002B9E
__pcstackCOMRAM                               cstackCOMRAM 00003F
__pivt0x8                                     ivt0x8       000008
__pmediumconst                                mediumconst  00FD2C
__ptext0                                      text0        0026E2
__ptext1                                      text1        002E54
__ptext10                                     text10       002874
__ptext11                                     text11       002D12
__ptext12                                     text12       002E58
__ptext13                                     text13       002DAE
__ptext14                                     text14       0020B0
__ptext15                                     text15       002DDE
__ptext16                                     text16       0013F4
__ptext17                                     text17       0004FC
__ptext18                                     text18       002B66
__ptext19                                     text19       001D3E
__ptext2                                      text2        002D72
__ptext20                                     text20       0028D2
__ptext21                                     text21       002E60
__ptext22                                     text22       000DDA
__ptext23                                     text23       002D90
__ptext24                                     text24       002750
__ptext25                                     text25       00001E
__ptext26                                     text26       00200E
__ptext27                                     text27       0019F2
__ptext28                                     text28       0012A2
__ptext29                                     text29       001AD2
__ptext3                                      text3        002982
__ptext30                                     text30       000896
__ptext31                                     text31       002A20
__ptext32                                     text32       002E14
__ptext33                                     text33       002E20
__ptext34                                     text34       002E62
__ptext35                                     text35       002E64
__ptext36                                     text36       002E66
__ptext37                                     text37       001BB2
__ptext38                                     text38       001110
__ptext39                                     text39       000F76
__ptext4                                      text4        002E2C
__ptext40                                     text40       00250A
__ptext41                                     text41       002580
__ptext42                                     text42       001514
__ptext43                                     text43       001720
__ptext44                                     text44       00161A
__ptext45                                     text45       001818
__ptext46                                     text46       002DF0
__ptext47                                     text47       0025F6
__ptext48                                     text48       002AEE
__ptext49                                     text49       002272
__ptext5                                      text5        002E36
__ptext50                                     text50       002CA8
__ptext51                                     text51       002E68
__ptext52                                     text52       002E02
__ptext53                                     text53       002A68
__ptext54                                     text54       001DF4
__ptext55                                     text55       002D32
__ptext56                                     text56       00214C
__ptext57                                     text57       0029D2
__ptext58                                     text58       002BD4
__ptext59                                     text59       001EA8
__ptext6                                      text6        002E40
__ptext60                                     text60       002C0A
__ptext61                                     text61       002C40
__ptext62                                     text62       001C82
__ptext63                                     text63       00190A
__ptext64                                     text64       001F5C
__ptext65                                     text65       002492
__ptext66                                     text66       002418
__ptext67                                     text67       0027B4
__ptext68                                     text68       000BBE
__ptext69                                     text69       00238E
__ptext7                                      text7        002CF0
__ptext70                                     text70       002E6A
__ptext71                                     text71       002E5C
__ptext72                                     text72       002E6C
__ptext73                                     text73       00292C
__ptext74                                     text74       0021E0
__ptext75                                     text75       002814
__ptext76                                     text76       002C76
__ptext77                                     text77       002AB0
__ptext78                                     text78       002E6E
__ptext79                                     text79       00266C
__ptext8                                      text8        002E4A
__ptext80                                     text80       002B2A
__ptext81                                     text81       002300
__ptext82                                     text82       002CCC
__ptext83                                     text83       002E70
__ptext84                                     text84       002D52
__ptext85                                     text85       002E72
__ptext9                                      text9        002DCA
__ramtop                                      ramtop       001000
__rpdo_en                                     bssCOMRAM    000024
__rx_net_flg                                  bssBANK0     0000C0
__rx_pdo_flg                                  bssCOMRAM    00001F
__rx_sdo_flg                                  bssBANK0     0000BF
__sdo_en                                      bssCOMRAM    000025
__smallconst                                  mediumconst  00FD2C
__tDBaseLen                                   bssBANK0     0000BE
__tMplex                                      bssCOMRAM    000009
__tpdo_en                                     bssCOMRAM    000023
__tx_net_que                                  bssCOMRAM    000022
__tx_pdo_que                                  bssCOMRAM    000020
__tx_sdo_que                                  bssCOMRAM    000021
__uCANOldMode                                 bssCOMRAM    00002B
__uCANReq                                     bssCOMRAM    00002C
__uCANRxHndls                                 bssBANK0     00007D
__uCANRxIDRes                                 bssBANK1     000100
__uCANTxHndls                                 bssBANK0     0000A8
__uCAN_Bitrate                                bssCOMRAM    00002D
__uCAN_Handle                                 bssCOMRAM    000030
__uCAN_Param1                                 bssCOMRAM    00002F
__uCAN_Param2                                 bssBANK0     0000C3
__uCAN_Param3                                 bssBANK0     0000C2
__uCAN_Param4                                 bssBANK0     0000C1
__uCAN_ret                                    bssCOMRAM    00002E
__uCOB_ID_in                                  bssCOMRAM    000005
__uCOB_ID_out                                 bssCOMRAM    000001
__uCO_baud                                    bssCOMRAM    000027
__uCO_nodeID                                  bssCOMRAM    000029
__uCO_state                                   bssCOMRAM    000028
__uDictTemp                                   bssBANK0     0000A1
__uNMTEGuardTime                              bssCOMRAM    00000F
__uNMTEHeartBeat                              bssCOMRAM    000011
__uNMTELifeFactor                             bssCOMRAM    00001C
__uNMTELocalState                             bssCOMRAM    00001D
__uNMTEState                                  bssCOMRAM    00002A
__uNMTETimer                                  bssBANK0     0000A5
__uNMTE_COBID                                 bssBANK0     00009D
__uPDO1                                       bssBANK0     000091
__uPDOHandles1                                bssCOMRAM    00001A
__uSDO1ACode                                  bssCOMRAM    000017
__uSDO1BytesLeft                              bssBANK0     0000B5
__uSDO1Ctl                                    bssCOMRAM    000016
__uSDO1Dict                                   bssCOMRAM    000031
__uSDO1RxBuf                                  bssBANK0     0000C4
__uSDO1State                                  bssCOMRAM    000018
__uSDO1Timer                                  bssBANK0     0000B7
__uSDO1TxBuf                                  bssBANK0     0000D8
__uSDO1_CS_COBID                              bssBANK0     00008D
__uSDO1_SC_COBID                              bssBANK0     000089
__uSYNC_COBID                                 bssBANK0     000085
_i2c1_fsmStateTable                           mediumconst  00FD2D
_main                                         text0        0026E2
_rd1RegCompleteHandler                        (abs)        000000
_rd2RegCompleteHandler                        (abs)        000000
_rdBlkRegCompleteHandler                      (abs)        000000
_uCO_DevErrReg                                bssBANK0     0000FA
_uCO_DevManufacturerStatReg                   bssBANK0     0000F0
_uDemoState                                   bssBANK0     0000BC
_uDemoSyncCount                               bssBANK0     0000BB
_uDemoSyncSet                                 bssCOMRAM    000013
_uDict                                        bssCOMRAM    00000C
_uIOinDigiInOld                               bssBANK0     0000BD
_uIOinFilter                                  bssBANK0     0000F8
_uIOinIntChange                               bssBANK0     0000F6
_uIOinIntEnable                               bssBANK0     0000F7
_uIOinIntFall                                 bssBANK0     0000F4
_uIOinIntRise                                 bssBANK0     0000F5
_uIOinPolarity                                bssBANK0     0000F9
_uLocalRcvBuffer                              bssBANK0     0000E0
_uLocalXmtBuffer                              bssBANK0     0000E8
_uRPDOComm1                                   bssBANK0     000099
_uTPDOComm1                                   bssBANK0     000095
_uart1RxLastError                             bssCOMRAM    000014
_wr1RegCompleteHandler                        (abs)        000000
_wr2RegCompleteHandler                        (abs)        000000
end_of_initialization                         cinit        002BCE
i2_CO_NMTENodeGuardErrEvent                   text82       002CCC
i2_CO_PDO1LSTimerEvent                        text83       002E70
i2_TMR0_Blink                                 text77       002AB0
i2_TMR0_DefaultInterruptHandler               text78       002E6E
i2_WakeUpDefaultInterruptHandler              text85       002E72
i2__CO_COMMLSTimeEventManager                 text79       00266C
i2__CO_COMM_NMTE_LSTimerEvent                 text81       002300
i2__CO_COMM_SDO1_LSTimerEvent                 text80       002B2A
intlevel0                                     text         000000
intlevel1                                     text         000000
intlevel2                                     text         000000
intlevel3                                     text         000000
isa$std                                       (abs)        000001
isa$xinst                                     (abs)        000000
ivt0x8_base                                   ivt0x8       000008
stackhi                                       (abs)        000000
stacklo                                       (abs)        000000
start                                         init         00001A
start_initialization                          cinit        002B9E


MODULE INFORMATION

Module		Function		Class		Link	Load	Size
CANopen/CO_SYNC.c
		__CO_COMM_SYNC_COBIDAccessEvent		CODE           	1818	0000	242
		__CO_COMM_SYNC_Open		CODE           	2BD4	0000	54
		__CO_COMM_SYNC_RXEvent		CODE           	2D90	0000	30
		__CO_COMM_SYNC_Close		CODE           	2DF0	0000	18

CANopen/CO_SYNC.c estimated size: 344

CANopen/CO_MAIN.c
		_CO_ProcessAllEvents		CODE           	2DDE	0000	18

CANopen/CO_MAIN.c estimated size: 18

mcc_generated_files/i2c1_master.c
		_I2C1_Initialize		CODE           	2DAE	0000	28

mcc_generated_files/i2c1_master.c estimated size: 28

mcc_generated_files/interrupt_manager.c
		_INTERRUPT_Initialize		CODE           	2E58	0000	4
		_INTERRUPT_InterruptManager		CODE           	2814	0000	96

mcc_generated_files/interrupt_manager.c estimated size: 100

mcc_generated_files/tmr0.c
		_TMR0_SetInterruptHandler		CODE           	2E4A	0000	10
		_TMR0_DefaultInterruptHandler		CODE           	2E14	0000	12
		_TMR0_StartTimer		CODE           	2E54	0000	4
		_TMR0_ISR      		CODE           	2C76	0000	50
		_TMR0_Initialize		CODE           	2CF0	0000	34

mcc_generated_files/tmr0.c estimated size: 110

CANopen/CO_DICT.c
		__CO_DictObjectWrite		CODE           	200E	0000	162
		__CO_DictObjectRead		CODE           	19F2	0000	224
		__CO_DictObjectDecode		CODE           	0896	0000	808

CANopen/CO_DICT.c estimated size: 1194

mcc_generated_files/pin_manager.c
		_PIN_MANAGER_Initialize		CODE           	2874	0000	94

mcc_generated_files/pin_manager.c estimated size: 94

CANopen/CO_MEMIO.c
		_CO_MEMIO_CopySram		CODE           	12A2	0000	338
		_CO_MEMIO_CopyRomToRam		CODE           	1AD2	0000	224

CANopen/CO_MEMIO.c estimated size: 562

CANopen/CO_NMTE.c
		__CO_COMM_NMTE_HeartBeatAccessEvent		CODE           	1514	0000	262
		__CO_COMM_NMTE_LifeFactorAccessEvent		CODE           	1720	0000	248
		__CO_COMM_NMTE_Open		CODE           	190A	0000	232
		__CO_COMM_NMTE_GuardTimeAccessEvent		CODE           	161A	0000	262
		__CO_COMM_NMTE_LSTimerEvent		CODE           	2272	0000	142
		__CO_COMM_NMTE_RXEvent		CODE           	292C	0000	86
		__CO_COMM_NMTE_TXEvent		CODE           	1C82	0000	188

CANopen/CO_NMTE.c estimated size: 1420

CANopen/exttst.c
		_CO_NMTResetEvent		CODE           	2E5C	0000	4
		_CO_NMTAppResetRequest		CODE           	2E6C	0000	2
		_CO_NMTENodeGuardErrEvent		CODE           	2CA8	0000	36
		_CO_NMTStateChangeEvent		CODE           	2E6A	0000	2

CANopen/exttst.c estimated size: 44

CANopen/CO_NMT.c
		__CO_COMM_NMT_Open		CODE           	2C40	0000	54
		__CO_COMM_NMT_RXEvent		CODE           	214C	0000	148

CANopen/CO_NMT.c estimated size: 202

mcc_generated_files/ecan.c
		_WakeUpDefaultInterruptHandler		CODE           	2E20	0000	12
		_ECAN_WAKI_ISR 		CODE           	2D52	0000	32

mcc_generated_files/ecan.c estimated size: 44

mcc_generated_files/uart1.c
		_UART1_SetFramingErrorHandler		CODE           	2E36	0000	10
		_UART1_SetOverrunErrorHandler		CODE           	2E2C	0000	10
		_UART1_Initialize		CODE           	2982	0000	80
		_UART1_SetErrorHandler		CODE           	2E40	0000	10
		_UART1_DefaultFramingErrorHandler		CODE           	2E66	0000	2
		_UART1_DefaultErrorHandler		CODE           	2E62	0000	2
		_UART1_DefaultOverrunErrorHandler		CODE           	2E64	0000	2

mcc_generated_files/uart1.c estimated size: 116

CANopen/CO_TOOLS.c
		__CO_COB_CANopen2MCHP		CODE           	1F5C	0000	178
		__CO_COB_MCHP2CANopen		CODE           	1DF4	0000	180

CANopen/CO_TOOLS.c estimated size: 358

shared
		__db_manufacturer_g3		MEDIUMCONST    	FF8C	0000	16
		i2__CO_COMM_NMTE_LSTimerEvent		CODE           	2300	0000	142
		__db_manufacturer_g4		MEDIUMCONST    	FF7C	0000	16
		_uPDO1Dummy    		MEDIUMCONST    	0000	0000	0
		__db_sdo       		MEDIUMCONST    	FF34	0000	24
		i2_CO_PDO1LSTimerEvent		CODE           	2E70	0000	2
		__db_pdo1_rx_map		MEDIUMCONST    	FE83	0000	72
		__db_pdo1_tx_map		MEDIUMCONST    	FE3B	0000	72
		_rCO_DevProductCode		MEDIUMCONST    	0000	0000	0
		i2_CO_NMTENodeGuardErrEvent		CODE           	2CCC	0000	36
		i2__CO_COMMLSTimeEventManager		CODE           	266C	0000	118
		_rCO_DevVendorID		MEDIUMCONST    	0000	0000	0
		__db_objects   		MEDIUMCONST    	FECB	0000	56
		_rCO_DevIdentityIndx		MEDIUMCONST    	0000	0000	0
		__db_standard_g1		MEDIUMCONST    	FDCB	0000	112
		__db_standard_g2		MEDIUMCONST    	FF6C	0000	16
		__db_standard_g3		MEDIUMCONST    	FF5C	0000	16
		__db_standard_g4		MEDIUMCONST    	FF4C	0000	16
		_rCO_DevSerialNo		MEDIUMCONST    	0000	0000	0
		_rCO_DevHardwareVer		MEDIUMCONST    	0000	0000	0
		_rCO_DevSoftwareVer		MEDIUMCONST    	0000	0000	0
		__initialization		CODE           	2B9E	0000	48
		_rMaxIndex1    		MEDIUMCONST    	0000	0000	0
		_rMaxIndex2    		MEDIUMCONST    	0000	0000	0
		_i2c1_fsmStateTable		MEDIUMCONST    	FD2D	0000	38
		_uDemoTPDO1Len 		MEDIUMCONST    	0000	0000	0
		i2_WakeUpDefaultInterruptHandler		CODE           	2E72	0000	2
		__db_device    		MEDIUMCONST    	FD53	0000	120
		_uRPDO1Map     		MEDIUMCONST    	0000	0000	0
		__db_pdo1_rx_comm		MEDIUMCONST    	FFBC	0000	16
		__db_pdo1_tx_comm		MEDIUMCONST    	FF1C	0000	24
		_uTPDO1Map     		MEDIUMCONST    	0000	0000	0
		__uSDO1COMMIndx		MEDIUMCONST    	0000	0000	0
		i2_TMR0_DefaultInterruptHandler		CODE           	2E6E	0000	2
		__db_manufacturer_g1		MEDIUMCONST    	FFAC	0000	16
		_rCO_DevName   		MEDIUMCONST    	0000	0000	0
		_rCO_DevType   		MEDIUMCONST    	0000	0000	0
		i2_TMR0_Blink  		CODE           	2AB0	0000	62
		___dummy       		MEDIUMCONST    	0000	0000	0
		_rCO_DevRevNo  		MEDIUMCONST    	0000	0000	0
		__db_manufacturer_g2		MEDIUMCONST    	FF9C	0000	16
		i2__CO_COMM_SDO1_LSTimerEvent		CODE           	2B2A	0000	60

shared estimated size: 1118

mcc_generated_files/mcc.c
		_PMD_Initialize		CODE           	2DCA	0000	20
		_OSCILLATOR_Initialize		CODE           	2D12	0000	32
		_SYSTEM_Initialize		CODE           	2D72	0000	30

mcc_generated_files/mcc.c estimated size: 82

CANopen/CO_PDO.c
		__CO_COMM_PDO1_Open		CODE           	2C0A	0000	54
		__CO_COMM_PDO1_RXEvent		CODE           	2D32	0000	32
		__CO_COMM_PDO1_TXEvent		CODE           	2B66	0000	56
		__CO_COMM_PDO1_Close		CODE           	2E02	0000	18

CANopen/CO_PDO.c estimated size: 160

CANopen/CO_SDO1.c
		__CO_COMM_SDO1_SC_COBIDAccessEvent		CODE           	250A	0000	118
		__CO_COMM_SDO1_CS_COBIDAccessEvent		CODE           	2580	0000	118
		__CO_COMM_SDO1_Open		CODE           	1EA8	0000	180
		__CO_COMM_SDO1_LSTimerEvent		CODE           	2AEE	0000	60
		__CO_COMM_SDO1_RXEvent		CODE           	001E	0000	1246
		__CO_COMM_SDO1_TXEvent		CODE           	04FC	0000	922

CANopen/CO_SDO1.c estimated size: 2644

CANopen/CO_CANDRV.c
		__CANReset     		CODE           	2418	0000	122
		__CANEventManager		CODE           	0BBE	0000	540
		__CANSetBitRate		CODE           	238E	0000	138
		__CANCloseMessage		CODE           	2A68	0000	72
		__CANOpenMessage		CODE           	2492	0000	120
		__CANIsPutFin  		CODE           	28D2	0000	90
		__CANIsGetReady		CODE           	21E0	0000	146
		__CANIsPutReady		CODE           	27B4	0000	96

CANopen/CO_CANDRV.c estimated size: 1324

main.c
		_CO_COMM_TPDO1_TypeAccessEvent		CODE           	1BB2	0000	208
		_main          		CODE           	26E2	0000	110
		_CO_PDO1TXFinEvent		CODE           	2E60	0000	2
		_CO_COMMSyncEvent		CODE           	2750	0000	100
		_CO_PDO1LSTimerEvent		CODE           	2E68	0000	2
		_TMR0_Blink    		CODE           	2A20	0000	72
		_DemoInit      		CODE           	20B0	0000	156
		_CO_COMM_RPDO1_COBIDAccessEvent		CODE           	0F76	0000	410
		_CO_COMM_TPDO1_COBIDAccessEvent		CODE           	1110	0000	402

main.c estimated size: 1462

CANopen/CO_COMM.c
		__CO_COMMLSTimeEventManager		CODE           	25F6	0000	118
		__CO_COMMTXFinEventManager		CODE           	1D3E	0000	182
		__CO_COMMTXRdyEventManager		CODE           	13F4	0000	288
		__CO_COMMResetEventManager		CODE           	29D2	0000	78
		__CO_COMMRXEventManager		CODE           	0DDA	0000	412

CANopen/CO_COMM.c estimated size: 1078

