Microchip MPLAB XC8 Compiler V3.10

Linker command line:

-W-3 --edf=/opt/microchip/xc8/v3.10/pic/dat/20250813170317_en.msgs \
  -pivt0x8=08h -cn -h+dist/default/production/CANMCU.X.production.sym \
  --cmf=dist/default/production/CANMCU.X.production.cmf -z -Q18F26K83 \
  -o/tmp/xcXAeDipE/driver_tmp_3.o --defsym=__MPLAB_BUILD=1 \
  --fixupoverflow=error -Mdist/default/production/CANMCU.X.production.map \
  --md=/tmp/xcXAeDipE/driver_tmp_0.dat -E1 -ver=XC8 Compiler \
  -ACODE=00h-0FFFFh -ACONST=00h-0FFFFh -ASMALLCONST=01000h-010FFhx240 \
  -AMEDIUMCONST=01000h-0FFFFh -ACOMRAM=01h-05Fh -AABS1=00h-0FFFh \
  -ABIGRAM=01h-0FFFh -ARAM=060h-0FFh,0100h-01FFhx15 -ABANK0=060h-0FFh \
  -ABANK1=0100h-01FFh -ABANK2=0200h-02FFh -ABANK3=0300h-03FFh \
  -ABANK4=0400h-04FFh -ABANK5=0500h-05FFh -ABANK6=0600h-06FFh \
  -ABANK7=0700h-07FFh -ABANK8=0800h-08FFh -ABANK9=0900h-09FFh \
  -ABANK10=0A00h-0AFFh -ABANK11=0B00h-0BFFh -ABANK12=0C00h-0CFFh \
  -ABANK13=0D00h-0DFFh -ABANK14=0E00h-0EFFh -ABANK15=0F00h-0FFFh \
  -ASFR=03700h-037FFhx8,03F00h-03F5Fh,03F60h-03FFFh -ABIGSFR=03700h-03FFFh \
  -ACONFIG=0300000h-0300009h -AIDLOC=0200000h-020000Fh \
  -AEEDATA=0310000h-03103FFh -peeprom_data=EEDATA -preset_vec=00h \
  -ppowerup=CODE,init -pramtop=01000h -psmallconst=SMALLCONST \
  -pmediumconst=MEDIUMCONST -pconst=CONST -AFARRAM=00h-00h \
  -prdata=COMRAM,nvrram=COMRAM,nvbit=COMRAM,rbss=COMRAM,rbit=COMRAM \
  -pfarbss=FARRAM,fardata=FARRAM,nvFARRAM=FARRAM \
  -pintsave_regs=BIGRAM,bigbss=BIGRAM,bigdata=BIGRAM -pbss=RAM \
  -pidata=CODE,irdata=CODE,ibigdata=CODE,ifardata=CODE -prparam=COMRAM \
  /tmp/xcXAeDipE/driver_tmp_9.o \
  dist/default/production/CANMCU.X.production.o 

Object code version is 3.11

Machine type is 18F26K83



                Name                               Link     Load   Length Selector   Space Scale
/tmp/xcXAeDipE/driver_tmp_9.o
                idloc                            200000   200000       10        0       5
                config                           300000   300000        A        0       4
                init                                 1A       1A        4        4       0
                reset_vec                             0        0        4        0       0
dist/default/production/CANMCU.X.production.o
                idloc                            200000   200000       10        0       5
                config                           300000   300000        A        0       4
                mediumconst                        FD2C     FD2C      2D4     7E96       0
                ivt0x8                                8        8       12        4       0
                text96                             31AC     31AC        2        4       0
                text95                             304C     304C       20        4       0
                text94                             31AA     31AA        2        4       0
                text93                             2FC6     2FC6       24        4       0
                text92                             2542     2542       8E        4       0
                text91                             2DCA     2DCA       3C        4       0
                text90                             2934     2934       76        4       0
                text89                             31A8     31A8        2        4       0
                text88                             2D50     2D50       3E        4       0
                text87                             2F18     2F18       32        4       0
                text86                             2F76     2F76       2C        4       0
                text85                             318A     318A        6        4       0
                text84                             31A6     31A6        2        4       0
                text83                             31A4     31A4        2        4       0
                text82                             21A2     21A2       AE        4       0
                text81                             2D12     2D12       3E        4       0
                text80                             1BBA     1BBA       D4        4       0
                text79                             2422     2422       92        4       0
                text78                             2B96     2B96       56        4       0
                text77                             31A2     31A2        2        4       0
                text76                             3198     3198        4        4       0
                text75                             31A0     31A0        2        4       0
                text74                             25D0     25D0       8C        4       0
                text73                              BC4      BC4      21C        4       0
                text72                             2A7E     2A7E       60        4       0
                text71                             26E0     26E0       7A        4       0
                text70                             275A     275A       78        4       0
                text69                             20F0     20F0       B2        4       0
                text68                             1912     1912       E8        4       0
                text67                             1D5E     1D5E       BC        4       0
                text66                             2EE2     2EE2       36        4       0
                text65                             2EAC     2EAC       36        4       0
                text64                             203C     203C       B4        4       0
                text63                             2E3E     2E3E       38        4       0
                text62                             2BEC     2BEC       4E        4       0
                text61                             238E     238E       94        4       0
                text60                             302C     302C       20        4       0
                text59                             1F88     1F88       B4        4       0
                text58                             2CCA     2CCA       48        4       0
                text57                             30FC     30FC       12        4       0
                text56                             319E     319E        2        4       0
                text55                             2FA2     2FA2       24        4       0
                text54                             24B4     24B4       8E        4       0
                text53                             2D8E     2D8E       3C        4       0
                text52                             28BE     28BE       76        4       0
                text51                             2F4A     2F4A       2C        4       0
                text50                             30EA     30EA       12        4       0
                text49                             1820     1820       F2        4       0
                text48                             1622     1622      106        4       0
                text47                             1728     1728       F8        4       0
                text46                             151C     151C      106        4       0
                text45                             2848     2848       76        4       0
                text44                             27D2     27D2       76        4       0
                text43                              F7E      F7E      19A        4       0
                text42                             1118     1118      192        4       0
                text41                             1C8E     1C8E       D0        4       0
                text40                             1E1A     1E1A       B8        4       0
                text39                             2C82     2C82       48        4       0
                text38                             3142     3142        C        4       0
                text37                             3136     3136        C        4       0
                text36                             310E     310E       10        4       0
                text35                             312A     312A        C        4       0
                text34                             311E     311E        C        4       0
                text33                             2C3A     2C3A       48        4       0
                text32                              89C      89C      328        4       0
                text31                             1ADA     1ADA       E0        4       0
                text30                             12AA     12AA      152        4       0
                text29                             19FA     19FA       E0        4       0
                text28                             2250     2250       A2        4       0
                text27                               1E       1E      4E4        4       0
                text26                             2A1A     2A1A       64        4       0
                text25                             308A     308A       1E        4       0
                text24                              DE0      DE0      19E        4       0
                text23                             319C     319C        2        4       0
                text22                             2B3C     2B3C       5A        4       0
                text21                             1ED2     1ED2       B6        4       0
                text20                             2E06     2E06       38        4       0
                text19                              502      502      39A        4       0
                text18                             13FC     13FC      120        4       0
                text17                             30D8     30D8       12        4       0
                text16                             22F2     22F2       9C        4       0
                text15                             30A8     30A8       1C        4       0
                text14                             3194     3194        4        4       0
                text13                             300C     300C       20        4       0
                text12                             2ADE     2ADE       5E        4       0
                text11                             30C4     30C4       14        4       0
                text10                             3180     3180        A        4       0
                text9                              2FEA     2FEA       22        4       0
                text8                              3176     3176        A        4       0
                text7                              316C     316C        A        4       0
                text6                              3162     3162        A        4       0
                text5                              3158     3158        A        4       0
                text4                              314E     314E        A        4       0
                text3                              265C     265C       84        4       0
                text2                              306C     306C       1E        4       0
                text1                              3190     3190        4        4       0
                text0                              29AA     29AA       70        4       0
                cstackCOMRAM                         3F       3F       1A        1       1
                bssBANK1                            100      100       40      100       1
                bssBANK0                             60       60       9D       60       1
                bssCOMRAM                             1        1       3E        1       1
                cinit                              2E76     2E76       36        4       0

TOTAL           Name                               Link     Load   Length     Space
        CLASS   CODE           
                init                                 1A       1A        4         0
                reset_vec                             0        0        4         0
                ivt0x8                                8        8       12         0
                text96                             31AC     31AC        2         0
                text95                             304C     304C       20         0
                text94                             31AA     31AA        2         0
                text93                             2FC6     2FC6       24         0
                text92                             2542     2542       8E         0
                text91                             2DCA     2DCA       3C         0
                text90                             2934     2934       76         0
                text89                             31A8     31A8        2         0
                text88                             2D50     2D50       3E         0
                text87                             2F18     2F18       32         0
                text86                             2F76     2F76       2C         0
                text85                             318A     318A        6         0
                text84                             31A6     31A6        2         0
                text83                             31A4     31A4        2         0
                text82                             21A2     21A2       AE         0
                text81                             2D12     2D12       3E         0
                text80                             1BBA     1BBA       D4         0
                text79                             2422     2422       92         0
                text78                             2B96     2B96       56         0
                text77                             31A2     31A2        2         0
                text76                             3198     3198        4         0
                text75                             31A0     31A0        2         0
                text74                             25D0     25D0       8C         0
                text73                              BC4      BC4      21C         0
                text72                             2A7E     2A7E       60         0
                text71                             26E0     26E0       7A         0
                text70                             275A     275A       78         0
                text69                             20F0     20F0       B2         0
                text68                             1912     1912       E8         0
                text67                             1D5E     1D5E       BC         0
                text66                             2EE2     2EE2       36         0
                text65                             2EAC     2EAC       36         0
                text64                             203C     203C       B4         0
                text63                             2E3E     2E3E       38         0
                text62                             2BEC     2BEC       4E         0
                text61                             238E     238E       94         0
                text60                             302C     302C       20         0
                text59                             1F88     1F88       B4         0
                text58                             2CCA     2CCA       48         0
                text57                             30FC     30FC       12         0
                text56                             319E     319E        2         0
                text55                             2FA2     2FA2       24         0
                text54                             24B4     24B4       8E         0
                text53                             2D8E     2D8E       3C         0
                text52                             28BE     28BE       76         0
                text51                             2F4A     2F4A       2C         0
                text50                             30EA     30EA       12         0
                text49                             1820     1820       F2         0
                text48                             1622     1622      106         0
                text47                             1728     1728       F8         0
                text46                             151C     151C      106         0
                text45                             2848     2848       76         0
                text44                             27D2     27D2       76         0
                text43                              F7E      F7E      19A         0
                text42                             1118     1118      192         0
                text41                             1C8E     1C8E       D0         0
                text40                             1E1A     1E1A       B8         0
                text39                             2C82     2C82       48         0
                text38                             3142     3142        C         0
                text37                             3136     3136        C         0
                text36                             310E     310E       10         0
                text35                             312A     312A        C         0
                text34                             311E     311E        C         0
                text33                             2C3A     2C3A       48         0
                text32                              89C      89C      328         0
                text31                             1ADA     1ADA       E0         0
                text30                             12AA     12AA      152         0
                text29                             19FA     19FA       E0         0
                text28                             2250     2250       A2         0
                text27                               1E       1E      4E4         0
                text26                             2A1A     2A1A       64         0
                text25                             308A     308A       1E         0
                text24                              DE0      DE0      19E         0
                text23                             319C     319C        2         0
                text22                             2B3C     2B3C       5A         0
                text21                             1ED2     1ED2       B6         0
                text20                             2E06     2E06       38         0
                text19                              502      502      39A         0
                text18                             13FC     13FC      120         0
                text17                             30D8     30D8       12         0
                text16                             22F2     22F2       9C         0
                text15                             30A8     30A8       1C         0
                text14                             3194     3194        4         0
                text13                             300C     300C       20         0
                text12                             2ADE     2ADE       5E         0
                text11                             30C4     30C4       14         0
                text10                             3180     3180        A         0
                text9                              2FEA     2FEA       22         0
                text8                              3176     3176        A         0
                text7                              316C     316C        A         0
                text6                              3162     3162        A         0
                text5                              3158     3158        A         0
                text4                              314E     314E        A         0
                text3                              265C     265C       84         0
                text2                              306C     306C       1E         0
                text1                              3190     3190        4         0
                text0                              29AA     29AA       70         0
                cinit                              2E76     2E76       36         0

        CLASS   CONST          

        CLASS   SMALLCONST     

        CLASS   MEDIUMCONST    
                mediumconst                        FD2C     FD2C      2D4         0

        CLASS   COMRAM         
                cstackCOMRAM                         3F       3F       1A         1
                bssCOMRAM                             1        1       3E         1

        CLASS   ABS1           

        CLASS   BIGRAM         

        CLASS   RAM            

        CLASS   BANK0          
                bssBANK0                             60       60       9D         1

        CLASS   BANK1          
                bssBANK1                            100      100       40         1

        CLASS   BANK2          

        CLASS   BANK3          

        CLASS   BANK4          

        CLASS   BANK5          

        CLASS   BANK6          

        CLASS   BANK7          

        CLASS   BANK8          

        CLASS   BANK9          

        CLASS   BANK10         

        CLASS   BANK11         

        CLASS   BANK12         

        CLASS   BANK13         

        CLASS   BANK14         

        CLASS   BANK15         

        CLASS   SFR            

        CLASS   BIGSFR         

        CLASS   CONFIG         
                config                           300000   300000        A         4

        CLASS   IDLOC          
                idloc                            200000   200000       10         5

        CLASS   EEDATA         

        CLASS   FARRAM         

        CLASS   HEAP           

        CLASS   STACK          



SEGMENTS        Name                           Load    Length   Top    Selector   Space  Class

                mediumconst                    00FD2C  0002D4  010000      7E96       0  MEDIUMCO
                ivt0x8                         000008  0031A6  0031AE         4       0  CODE    
                reset_vec                      000000  000004  000004         0       0  CODE    
                bssBANK1                       000100  000040  000140       100       1  BANK1   
                bssBANK0                       000060  00009D  0000FD        60       1  BANK0   
                bssCOMRAM                      000001  000058  000059         1       1  COMRAM  


UNUSED ADDRESS RANGES

        Name                Unused          Largest block    Delta
        BANK0            0000FD-0000FF                3
        BANK1            000140-0001FF               C0
        BANK10           000A00-000AFF              100
        BANK11           000B00-000BFF              100
        BANK12           000C00-000CFF              100
        BANK13           000D00-000DFF              100
        BANK14           000E00-000EFF              100
        BANK15           000F00-000FFF              100
        BANK2            000200-0002FF              100
        BANK3            000300-0003FF              100
        BANK4            000400-0004FF              100
        BANK5            000500-0005FF              100
        BANK6            000600-0006FF              100
        BANK7            000700-0007FF              100
        BANK8            000800-0008FF              100
        BANK9            000900-0009FF              100
        BIGRAM           000059-00005F                7
                         0000FD-0000FF                3
                         000140-000FFF              EC0
        BIGSFR           003700-003FFF              900
        CODE             000004-000007                4
                         0031AE-00FD2B             CB7E
        COMRAM           000059-00005F                7
        CONST            000004-000007                4
                         0031AE-00FD2B             CB7E
        EEDATA           310000-3103FF              400
        MEDIUMCONST      0031AE-00FD2B             CB7E
        RAM              0000FD-0000FF                3
                         000140-000FFF              100
        SFR              003700-003FFF              100
        SMALLCONST       0031AE-00FD2B              100

                                  Symbol Table

CO_COMM_TPDO1_TypeAccessEvent@tempType        cstackCOMRAM 000048
CO_MEMIO_CopyRomToRam@len                     cstackCOMRAM 000049
CO_MEMIO_CopyRomToRam@pIn                     cstackCOMRAM 000046
CO_MEMIO_CopyRomToRam@pOut                    cstackCOMRAM 000047
CO_MEMIO_CopySram@len                         cstackCOMRAM 00004A
CO_MEMIO_CopySram@pIn                         cstackCOMRAM 000046
CO_MEMIO_CopySram@pOut                        cstackCOMRAM 000048
INTSTAT_ADDR                                  (abs)        0000D3
IVTBASEH                                      (abs)        003FD6
IVTBASEL                                      (abs)        003FD5
IVTBASEU                                      (abs)        003FD7
TMR0_SetInterruptHandler@InterruptHandler     cstackCOMRAM 000046
UART1_SetErrorHandler@interruptHandler        cstackCOMRAM 000046
UART1_SetFramingErrorHandler@interruptHandler cstackCOMRAM 000046
UART1_SetOverrunErrorHandler@interruptHandler cstackCOMRAM 000046
UART1_SetRxInterruptHandler@InterruptHandler  cstackCOMRAM 000046
UART1_SetTxInterruptHandler@InterruptHandler  cstackCOMRAM 000046
_ANSELA                                       (abs)        003A40
_ANSELB                                       (abs)        003A50
_ANSELC                                       (abs)        003A60
_B0CON                                        (abs)        003740
_B0CONbits                                    (abs)        003740
_B1CON                                        (abs)        003750
_B1CONbits                                    (abs)        003750
_B2CON                                        (abs)        003760
_B3CON                                        (abs)        003770
_B4CON                                        (abs)        003780
_B5CON                                        (abs)        003790
_BIE0                                         (abs)        00373E
_BRGCON1                                      (abs)        003703
_BRGCON2                                      (abs)        003704
_BRGCON3                                      (abs)        003705
_BSEL0                                        (abs)        00373D
_CANCON                                       (abs)        003F8F
_CANCONbits                                   (abs)        003F8F
_CANRXPPS                                     (abs)        003AED
_CANSTAT                                      (abs)        003F8E
_CANSTATbits                                  (abs)        003F8E
_CIOCON                                       (abs)        003700
_COMSTATbits                                  (abs)        003F90
_CO_COMMSyncEvent                             text26       002A1A
_CO_COMM_RPDO1_COBIDAccessEvent               text43       000F7E
_CO_COMM_TPDO1_COBIDAccessEvent               text42       001118
_CO_COMM_TPDO1_TypeAccessEvent                text41       001C8E
_CO_MEMIO_CopyRomToRam                        text31       001ADA
_CO_MEMIO_CopySram                            text30       0012AA
_CO_NMTAppResetRequest                        text77       0031A2
_CO_NMTENodeGuardErrEvent                     text55       002FA2
_CO_NMTResetEvent                             text76       003198
_CO_NMTStateChangeEvent                       text75       0031A0
_CO_PDO1LSTimerEvent                          text56       00319E
_CO_PDO1TXFinEvent                            text23       00319C
_CO_ProcessAllEvents                          text17       0030D8
_DemoInit                                     text16       0022F2
_ECANCON                                      (abs)        003F91
_ECAN_WAKI_ISR                                text95       00304C
_I2C1CLK                                      (abs)        003D7B
_I2C1CNT                                      (abs)        003D6C
_I2C1CON0                                     (abs)        003D73
_I2C1CON0bits                                 (abs)        003D73
_I2C1CON1                                     (abs)        003D74
_I2C1CON1bits                                 (abs)        003D74
_I2C1CON2                                     (abs)        003D75
_I2C1ERR                                      (abs)        003D76
_I2C1ERRbits                                  (abs)        003D76
_I2C1PIE                                      (abs)        003D7A
_I2C1PIEbits                                  (abs)        003D7A
_I2C1PIR                                      (abs)        003D79
_I2C1PIRbits                                  (abs)        003D79
_I2C1RXB                                      (abs)        003D6A
_I2C1SCLPPS                                   (abs)        003AE3
_I2C1SDAPPS                                   (abs)        003AE4
_I2C1STAT1bits                                (abs)        003D78
_I2C1TXB                                      (abs)        003D6B
_I2C1_CallbackReturnReset                     (abs)        000000
_I2C1_CallbackReturnStop                      (abs)        000000
_I2C1_DO_ADDRESS_NACK                         (abs)        000000
_I2C1_DO_BUS_COLLISION                        (abs)        000000
_I2C1_DO_BUS_ERROR                            (abs)        000000
_I2C1_DO_IDLE                                 (abs)        000000
_I2C1_DO_RESET                                (abs)        000000
_I2C1_DO_RX                                   (abs)        000000
_I2C1_DO_RX_ACK                               (abs)        000000
_I2C1_DO_RX_EMPTY                             (abs)        000000
_I2C1_DO_RX_NACK_RESTART                      (abs)        000000
_I2C1_DO_RX_NACK_STOP                         (abs)        000000
_I2C1_DO_SEND_ADR_READ                        (abs)        000000
_I2C1_DO_SEND_ADR_WRITE                       (abs)        000000
_I2C1_DO_SEND_RESTART                         (abs)        000000
_I2C1_DO_SEND_RESTART_READ                    (abs)        000000
_I2C1_DO_SEND_RESTART_WRITE                   (abs)        000000
_I2C1_DO_SEND_STOP                            (abs)        000000
_I2C1_DO_TX                                   (abs)        000000
_I2C1_DO_TX_ACK                               (abs)        000000
_I2C1_DO_TX_EMPTY                             (abs)        000000
_I2C1_Initialize                              text15       0030A8
_I2C1_Status                                  bssBANK0     000060
_INLVLA                                       (abs)        003A44
_INLVLB                                       (abs)        003A54
_INLVLC                                       (abs)        003A64
_INLVLE                                       (abs)        003A84
_INTCON0bits                                  (abs)        003FD2
_INTERRUPT_Initialize                         text14       003194
_INTERRUPT_InterruptManager                   text80       001BBA
_LATA                                         (abs)        003FBA
_LATB                                         (abs)        003FBB
_LATBbits                                     (abs)        003FBB
_LATC                                         (abs)        003FBC
_MSEL0                                        (abs)        003739
_MSEL1                                        (abs)        00373A
_MSEL2                                        (abs)        00373B
_MSEL3                                        (abs)        00373C
_ODCONA                                       (abs)        003A42
_ODCONB                                       (abs)        003A52
_ODCONC                                       (abs)        003A62
_OSCCON1                                      (abs)        0039D9
_OSCCON3                                      (abs)        0039DB
_OSCEN                                        (abs)        0039DD
_OSCFRQ                                       (abs)        0039DF
_OSCILLATOR_Initialize                        text13       00300C
_OSCTUNE                                      (abs)        0039DE
_PIE2bits                                     (abs)        003992
_PIE3bits                                     (abs)        003993
_PIE5bits                                     (abs)        003995
_PIN_MANAGER_Initialize                       text12       002ADE
_PIR2bits                                     (abs)        0039A2
_PIR3bits                                     (abs)        0039A3
_PIR5bits                                     (abs)        0039A5
_PLLR                                         (abs)        01CEE0
_PMD0                                         (abs)        0039C0
_PMD1                                         (abs)        0039C1
_PMD2                                         (abs)        0039C2
_PMD3                                         (abs)        0039C3
_PMD4                                         (abs)        0039C4
_PMD5                                         (abs)        0039C5
_PMD6                                         (abs)        0039C6
_PMD7                                         (abs)        0039C7
_PMD_Initialize                               text11       0030C4
_RB0PPS                                       (abs)        003A08
_RB2PPS                                       (abs)        003A0A
_RC6PPS                                       (abs)        003A16
_RC7PPS                                       (abs)        003A17
_RXB0CON                                      (abs)        003F80
_RXB0CONbits                                  (abs)        003F80
_RXB0D0                                       (abs)        003F86
_RXB0D1                                       (abs)        003F87
_RXB0D2                                       (abs)        003F88
_RXB0D3                                       (abs)        003F89
_RXB0D4                                       (abs)        003F8A
_RXB0D5                                       (abs)        003F8B
_RXB0D6                                       (abs)        003F8C
_RXB0D7                                       (abs)        003F8D
_RXB0DLC                                      (abs)        003F85
_RXB0DLCbits                                  (abs)        003F85
_RXB0EIDH                                     (abs)        003F83
_RXB0EIDL                                     (abs)        003F84
_RXB0SIDH                                     (abs)        003F81
_RXB0SIDL                                     (abs)        003F82
_RXB1CON                                      (abs)        0037F0
_RXB1CONbits                                  (abs)        0037F0
_RXB1D0                                       (abs)        0037F6
_RXB1D1                                       (abs)        0037F7
_RXB1D2                                       (abs)        0037F8
_RXB1D3                                       (abs)        0037F9
_RXB1D4                                       (abs)        0037FA
_RXB1D5                                       (abs)        0037FB
_RXB1D6                                       (abs)        0037FC
_RXB1D7                                       (abs)        0037FD
_RXB1DLC                                      (abs)        0037F5
_RXB1EIDH                                     (abs)        0037F3
_RXB1EIDL                                     (abs)        0037F4
_RXB1SIDH                                     (abs)        0037F1
_RXB1SIDL                                     (abs)        0037F2
_RXF0EIDH                                     (abs)        0037A2
_RXF0EIDL                                     (abs)        0037A3
_RXF0SIDH                                     (abs)        0037A0
_RXF0SIDL                                     (abs)        0037A1
_RXF1EIDH                                     (abs)        0037A6
_RXF1EIDL                                     (abs)        0037A7
_RXF1SIDH                                     (abs)        0037A4
_RXF1SIDL                                     (abs)        0037A5
_RXF2EIDH                                     (abs)        0037AA
_RXF2EIDL                                     (abs)        0037AB
_RXF2SIDH                                     (abs)        0037A8
_RXF2SIDL                                     (abs)        0037A9
_RXF3EIDH                                     (abs)        0037AE
_RXF3EIDL                                     (abs)        0037AF
_RXF3SIDH                                     (abs)        0037AC
_RXF3SIDL                                     (abs)        0037AD
_RXF4EIDH                                     (abs)        0037B2
_RXF4EIDL                                     (abs)        0037B3
_RXF4SIDH                                     (abs)        0037B0
_RXF4SIDL                                     (abs)        0037B1
_RXF5EIDH                                     (abs)        0037B6
_RXF5EIDL                                     (abs)        0037B7
_RXF5SIDH                                     (abs)        0037B4
_RXF5SIDL                                     (abs)        0037B5
_RXF6SIDH                                     (abs)        003708
_RXF7SIDH                                     (abs)        00370C
_RXFBCON0                                     (abs)        003731
_RXFBCON1                                     (abs)        003732
_RXFBCON2                                     (abs)        003733
_RXFBCON3                                     (abs)        003734
_RXFBCON4                                     (abs)        003735
_RXFBCON5                                     (abs)        003736
_RXFBCON6                                     (abs)        003737
_RXFBCON7                                     (abs)        003738
_RXFCON0                                      (abs)        003706
_RXFCON0bits                                  (abs)        003706
_RXFCON1                                      (abs)        003707
_RXM0EIDH                                     (abs)        0037BA
_RXM0EIDL                                     (abs)        0037BB
_RXM0SIDH                                     (abs)        0037B8
_RXM0SIDL                                     (abs)        0037B9
_RXM1EIDH                                     (abs)        0037BE
_RXM1EIDL                                     (abs)        0037BF
_RXM1SIDH                                     (abs)        0037BC
_RXM1SIDL                                     (abs)        0037BD
_SDFLC                                        (abs)        003730
_SLRCONA                                      (abs)        003A43
_SLRCONB                                      (abs)        003A53
_SLRCONC                                      (abs)        003A63
_SYSTEM_Initialize                            text2        00306C
_T0CON0                                       (abs)        003FB8
_T0CON0bits                                   (abs)        003FB8
_T0CON1                                       (abs)        003FB9
_TMR0H                                        (abs)        003FB7
_TMR0L                                        (abs)        003FB6
_TMR0_Blink                                   text33       002C3A
_TMR0_Blink$intlevel0                         text33       002C44
_TMR0_DefaultInterruptHandler                 text34       00311E
_TMR0_DefaultInterruptHandler$intlevel0       text34       003128
_TMR0_ISR                                     text87       002F18
_TMR0_Initialize                              text9        002FEA
_TMR0_InterruptHandler                        bssBANK0     0000BB
_TMR0_SetInterruptHandler                     text10       003180
_TMR0_StartTimer                              text1        003190
_TRISA                                        (abs)        003FC2
_TRISB                                        (abs)        003FC3
_TRISC                                        (abs)        003FC4
_TXB0CONbits                                  (abs)        0037E0
_TXB0D0                                       (abs)        0037E6
_TXB0D1                                       (abs)        0037E7
_TXB0D2                                       (abs)        0037E8
_TXB0D3                                       (abs)        0037E9
_TXB0D4                                       (abs)        0037EA
_TXB0D5                                       (abs)        0037EB
_TXB0D6                                       (abs)        0037EC
_TXB0D7                                       (abs)        0037ED
_TXB0DLC                                      (abs)        0037E5
_TXB0EIDH                                     (abs)        0037E3
_TXB0EIDL                                     (abs)        0037E4
_TXB0SIDH                                     (abs)        0037E1
_TXB0SIDL                                     (abs)        0037E2
_TXB1CONbits                                  (abs)        0037D0
_TXB1D0                                       (abs)        0037D6
_TXB1D1                                       (abs)        0037D7
_TXB1D2                                       (abs)        0037D8
_TXB1D3                                       (abs)        0037D9
_TXB1D4                                       (abs)        0037DA
_TXB1D5                                       (abs)        0037DB
_TXB1D6                                       (abs)        0037DC
_TXB1D7                                       (abs)        0037DD
_TXB1DLC                                      (abs)        0037D5
_TXB1EIDH                                     (abs)        0037D3
_TXB1EIDL                                     (abs)        0037D4
_TXB1SIDH                                     (abs)        0037D1
_TXB1SIDL                                     (abs)        0037D2
_TXB2CONbits                                  (abs)        0037C0
_TXB2D0                                       (abs)        0037C6
_TXB2D1                                       (abs)        0037C7
_TXB2D2                                       (abs)        0037C8
_TXB2D3                                       (abs)        0037C9
_TXB2D4                                       (abs)        0037CA
_TXB2D5                                       (abs)        0037CB
_TXB2D6                                       (abs)        0037CC
_TXB2D7                                       (abs)        0037CD
_TXB2DLC                                      (abs)        0037C5
_TXB2EIDH                                     (abs)        0037C3
_TXB2EIDL                                     (abs)        0037C4
_TXB2SIDH                                     (abs)        0037C1
_TXB2SIDL                                     (abs)        0037C2
_TXBIE                                        (abs)        00373F
_U1BRGH                                       (abs)        003DF6
_U1BRGL                                       (abs)        003DF5
_U1CON0                                       (abs)        003DF2
_U1CON1                                       (abs)        003DF3
_U1CON2                                       (abs)        003DF4
_U1ERRIE                                      (abs)        003DFA
_U1ERRIR                                      (abs)        003DF9
_U1ERRIRbits                                  (abs)        003DF9
_U1FIFO                                       (abs)        003DF7
_U1P1H                                        (abs)        003DED
_U1P1L                                        (abs)        003DEC
_U1P2H                                        (abs)        003DEF
_U1P2L                                        (abs)        003DEE
_U1P3H                                        (abs)        003DF1
_U1P3L                                        (abs)        003DF0
_U1RXB                                        (abs)        003DE8
_U1RXPPS                                      (abs)        003AE7
_U1TXB                                        (abs)        003DEA
_U1UIR                                        (abs)        003DF8
_UART1_DefaultErrorHandler                    text36       00310E
_UART1_DefaultErrorHandler$intlevel0          text36       003118
_UART1_DefaultFramingErrorHandler             text38       003142
_UART1_DefaultFramingErrorHandler$intlevel0   text38       00314C
_UART1_DefaultOverrunErrorHandler             text37       003136
_UART1_DefaultOverrunErrorHandler$intlevel0   text37       003140
_UART1_ErrorHandler                           bssBANK0     0000BF
_UART1_FramingErrorHandler                    bssBANK0     0000C3
_UART1_Initialize                             text3        00265C
_UART1_OverrunErrorHandler                    bssBANK0     0000C1
_UART1_Receive_ISR                            text40       001E1A
_UART1_Receive_ISR$intlevel0                  text40       001E24
_UART1_RxDataHandler                          text51       002F4A
_UART1_RxInterruptHandler                     bssBANK0     0000C7
_UART1_SetErrorHandler                        text8        003176
_UART1_SetFramingErrorHandler                 text7        00316C
_UART1_SetOverrunErrorHandler                 text6        003162
_UART1_SetRxInterruptHandler                  text5        003158
_UART1_SetTxInterruptHandler                  text4        00314E
_UART1_Transmit_ISR                           text39       002C82
_UART1_Transmit_ISR$intlevel0                 text39       002C8C
_UART1_TxInterruptHandler                     bssBANK0     0000C5
_WPUA                                         (abs)        003A41
_WPUB                                         (abs)        003A51
_WPUC                                         (abs)        003A61
_WPUE                                         (abs)        003A81
_WakeUpDefaultInterruptHandler                text35       00312A
_WakeUpDefaultInterruptHandler$intlevel0      text35       003134
_WakeUpInterruptHandler                       bssBANK0     0000BD
__CANCloseMessage                             text58       002CCA
__CANCloseMessage@i                           cstackCOMRAM 000047
__CANEventManager                             text73       000BC4
__CANIsGetReady                               text79       002422
__CANIsPutFin                                 text22       002B3C
__CANIsPutReady                               text72       002A7E
__CANOpenMessage                              text70       00275A
__CANOpenMessage@i                            cstackCOMRAM 000046
__CANReset                                    text71       0026E0
__CANSetBitRate                               text74       0025D0
__CO_COB_CANopen2MCHP                         text69       0020F0
__CO_COB_MCHP2CANopen                         text59       001F88
__CO_COMMLSTimeEventManager                   text52       0028BE
__CO_COMMRXEventManager                       text24       000DE0
__CO_COMMResetEventManager                    text62       002BEC
__CO_COMMTXFinEventManager                    text21       001ED2
__CO_COMMTXRdyEventManager                    text18       0013FC
__CO_COMM_NMTE_GuardTimeAccessEvent           text48       001622
__CO_COMM_NMTE_HeartBeatAccessEvent           text46       00151C
__CO_COMM_NMTE_LSTimerEvent                   text54       0024B4
__CO_COMM_NMTE_LifeFactorAccessEvent          text47       001728
__CO_COMM_NMTE_Open                           text68       001912
__CO_COMM_NMTE_RXEvent                        text78       002B96
__CO_COMM_NMTE_TXEvent                        text67       001D5E
__CO_COMM_NMT_Open                            text66       002EE2
__CO_COMM_NMT_RXEvent                         text61       00238E
__CO_COMM_PDO1_Close                          text57       0030FC
__CO_COMM_PDO1_Open                           text65       002EAC
__CO_COMM_PDO1_RXEvent                        text60       00302C
__CO_COMM_PDO1_TXEvent                        text20       002E06
__CO_COMM_SDO1_CS_COBIDAccessEvent            text45       002848
__CO_COMM_SDO1_LSTimerEvent                   text53       002D8E
__CO_COMM_SDO1_Open                           text64       00203C
__CO_COMM_SDO1_RXEvent                        text27       00001E
__CO_COMM_SDO1_SC_COBIDAccessEvent            text44       0027D2
__CO_COMM_SDO1_TXEvent                        text19       000502
__CO_COMM_SYNC_COBIDAccessEvent               text49       001820
__CO_COMM_SYNC_Close                          text50       0030EA
__CO_COMM_SYNC_Open                           text63       002E3E
__CO_COMM_SYNC_RXEvent                        text25       00308A
__CO_DictObjectDecode                         text32       00089C
__CO_DictObjectRead                           text29       0019FA
__CO_DictObjectWrite                          text28       002250
__HRAM                                        (abs)        000000
__H__absolute__                               __absolute__ 000000
__Habs1                                       abs1         000000
__Hbank0                                      bank0        000000
__Hbank1                                      bank1        000000
__Hbank10                                     bank10       000000
__Hbank11                                     bank11       000000
__Hbank12                                     bank12       000000
__Hbank13                                     bank13       000000
__Hbank14                                     bank14       000000
__Hbank15                                     bank15       000000
__Hbank2                                      bank2        000000
__Hbank3                                      bank3        000000
__Hbank4                                      bank4        000000
__Hbank5                                      bank5        000000
__Hbank6                                      bank6        000000
__Hbank7                                      bank7        000000
__Hbank8                                      bank8        000000
__Hbank9                                      bank9        000000
__Hbigbss                                     bigbss       000000
__Hbigdata                                    bigdata      000000
__Hbigram                                     bigram       000000
__Hbigsfr                                     bigsfr       000000
__Hbss                                        bss          000000
__HbssBANK0                                   bssBANK0     000000
__HbssBANK1                                   bssBANK1     000000
__HbssCOMRAM                                  bssCOMRAM    000000
__Hcinit                                      cinit        000000
__Hclrtext                                    clrtext      000000
__Hcomram                                     comram       000000
__Hconfig                                     config       30000A
__Hconst                                      const        000000
__HcstackCOMRAM                               cstackCOMRAM 000000
__Hdata                                       data         000000
__Heeprom_data                                eeprom_data  000000
__Hfarbss                                     farbss       000000
__Hfardata                                    fardata      000000
__Hheap                                       heap         000000
__Hibigdata                                   ibigdata     000000
__Hidata                                      idata        000000
__Hidloc                                      idloc        200010
__Hifardata                                   ifardata     000000
__Hinit                                       init         00001E
__Hintsave_regs                               intsave_regs 000000
__Hirdata                                     irdata       000000
__Hivt0x8                                     ivt0x8       00001A
__Hmediumconst                                mediumconst  010000
__HnvFARRAM                                   nvFARRAM     000000
__Hnvbit                                      nvbit        000000
__Hnvrram                                     nvrram       000000
__Hparam                                      rparam       000000
__Hpowerup                                    powerup      000000
__Hram                                        ram          000000
__Hramtop                                     ramtop       001000
__Hrbit                                       rbit         000000
__Hrbss                                       rbss         000000
__Hrdata                                      rdata        000000
__Hreset_vec                                  reset_vec    000004
__Hrparam                                     rparam       000000
__Hsfr                                        sfr          000000
__Hsmallconst                                 smallconst   000000
__Hspace_0                                    (abs)        010000
__Hspace_1                                    (abs)        000140
__Hspace_2                                    (abs)        000000
__Hspace_4                                    (abs)        60000A
__Hstack                                      stack        000000
__Hstruct                                     struct       000000
__Htemp                                       temp         000000
__Htext                                       text         000000
__Htext0                                      text0        000000
__Htext1                                      text1        000000
__Htext10                                     text10       000000
__Htext11                                     text11       000000
__Htext12                                     text12       000000
__Htext13                                     text13       000000
__Htext14                                     text14       000000
__Htext15                                     text15       000000
__Htext16                                     text16       000000
__Htext17                                     text17       000000
__Htext18                                     text18       000000
__Htext19                                     text19       000000
__Htext2                                      text2        000000
__Htext20                                     text20       000000
__Htext21                                     text21       000000
__Htext22                                     text22       000000
__Htext23                                     text23       000000
__Htext24                                     text24       000000
__Htext25                                     text25       000000
__Htext26                                     text26       000000
__Htext27                                     text27       000000
__Htext28                                     text28       000000
__Htext29                                     text29       000000
__Htext3                                      text3        000000
__Htext30                                     text30       000000
__Htext31                                     text31       000000
__Htext32                                     text32       000000
__Htext33                                     text33       000000
__Htext34                                     text34       000000
__Htext35                                     text35       000000
__Htext36                                     text36       000000
__Htext37                                     text37       000000
__Htext38                                     text38       000000
__Htext39                                     text39       000000
__Htext4                                      text4        000000
__Htext40                                     text40       000000
__Htext41                                     text41       000000
__Htext42                                     text42       000000
__Htext43                                     text43       000000
__Htext44                                     text44       000000
__Htext45                                     text45       000000
__Htext46                                     text46       000000
__Htext47                                     text47       000000
__Htext48                                     text48       000000
__Htext49                                     text49       000000
__Htext5                                      text5        000000
__Htext50                                     text50       000000
__Htext51                                     text51       000000
__Htext52                                     text52       000000
__Htext53                                     text53       000000
__Htext54                                     text54       000000
__Htext55                                     text55       000000
__Htext56                                     text56       000000
__Htext57                                     text57       000000
__Htext58                                     text58       000000
__Htext59                                     text59       000000
__Htext6                                      text6        000000
__Htext60                                     text60       000000
__Htext61                                     text61       000000
__Htext62                                     text62       000000
__Htext63                                     text63       000000
__Htext64                                     text64       000000
__Htext65                                     text65       000000
__Htext66                                     text66       000000
__Htext67                                     text67       000000
__Htext68                                     text68       000000
__Htext69                                     text69       000000
__Htext7                                      text7        000000
__Htext70                                     text70       000000
__Htext71                                     text71       000000
__Htext72                                     text72       000000
__Htext73                                     text73       000000
__Htext74                                     text74       000000
__Htext75                                     text75       000000
__Htext76                                     text76       000000
__Htext77                                     text77       000000
__Htext78                                     text78       000000
__Htext79                                     text79       000000
__Htext8                                      text8        000000
__Htext80                                     text80       000000
__Htext81                                     text81       000000
__Htext82                                     text82       000000
__Htext83                                     text83       000000
__Htext84                                     text84       000000
__Htext85                                     text85       000000
__Htext86                                     text86       000000
__Htext87                                     text87       000000
__Htext88                                     text88       000000
__Htext89                                     text89       000000
__Htext9                                      text9        000000
__Htext90                                     text90       000000
__Htext91                                     text91       000000
__Htext92                                     text92       000000
__Htext93                                     text93       000000
__Htext94                                     text94       000000
__Htext95                                     text95       000000
__Htext96                                     text96       000000
__LRAM                                        (abs)        000001
__L__absolute__                               __absolute__ 000000
__Labs1                                       abs1         000000
__Lbank0                                      bank0        000000
__Lbank1                                      bank1        000000
__Lbank10                                     bank10       000000
__Lbank11                                     bank11       000000
__Lbank12                                     bank12       000000
__Lbank13                                     bank13       000000
__Lbank14                                     bank14       000000
__Lbank15                                     bank15       000000
__Lbank2                                      bank2        000000
__Lbank3                                      bank3        000000
__Lbank4                                      bank4        000000
__Lbank5                                      bank5        000000
__Lbank6                                      bank6        000000
__Lbank7                                      bank7        000000
__Lbank8                                      bank8        000000
__Lbank9                                      bank9        000000
__Lbigbss                                     bigbss       000000
__Lbigdata                                    bigdata      000000
__Lbigram                                     bigram       000000
__Lbigsfr                                     bigsfr       000000
__Lbss                                        bss          000000
__LbssBANK0                                   bssBANK0     000000
__LbssBANK1                                   bssBANK1     000000
__LbssCOMRAM                                  bssCOMRAM    000000
__Lcinit                                      cinit        000000
__Lclrtext                                    clrtext      000000
__Lcomram                                     comram       000000
__Lconfig                                     config       000000
__Lconst                                      const        000000
__LcstackCOMRAM                               cstackCOMRAM 000000
__Ldata                                       data         000000
__Leeprom_data                                eeprom_data  000000
__Lfarbss                                     farbss       000000
__Lfardata                                    fardata      000000
__Lheap                                       heap         000000
__Libigdata                                   ibigdata     000000
__Lidata                                      idata        000000
__Lidloc                                      idloc        000000
__Lifardata                                   ifardata     000000
__Linit                                       init         00001A
__Lintsave_regs                               intsave_regs 000000
__Lirdata                                     irdata       000000
__Livt0x8                                     ivt0x8       000008
__Lmediumconst                                mediumconst  00FD2C
__LnvFARRAM                                   nvFARRAM     000000
__Lnvbit                                      nvbit        000000
__Lnvrram                                     nvrram       000000
__Lparam                                      rparam       000000
__Lpowerup                                    powerup      000000
__Lram                                        ram          000000
__Lramtop                                     ramtop       001000
__Lrbit                                       rbit         000000
__Lrbss                                       rbss         000000
__Lrdata                                      rdata        000000
__Lreset_vec                                  reset_vec    000000
__Lrparam                                     rparam       000000
__Lsfr                                        sfr          000000
__Lsmallconst                                 smallconst   000000
__Lspace_0                                    (abs)        000000
__Lspace_1                                    (abs)        000000
__Lspace_2                                    (abs)        000000
__Lspace_4                                    (abs)        000000
__Lstack                                      stack        000000
__Lstruct                                     struct       000000
__Ltemp                                       temp         000000
__Ltext                                       text         000000
__Ltext0                                      text0        000000
__Ltext1                                      text1        000000
__Ltext10                                     text10       000000
__Ltext11                                     text11       000000
__Ltext12                                     text12       000000
__Ltext13                                     text13       000000
__Ltext14                                     text14       000000
__Ltext15                                     text15       000000
__Ltext16                                     text16       000000
__Ltext17                                     text17       000000
__Ltext18                                     text18       000000
__Ltext19                                     text19       000000
__Ltext2                                      text2        000000
__Ltext20                                     text20       000000
__Ltext21                                     text21       000000
__Ltext22                                     text22       000000
__Ltext23                                     text23       000000
__Ltext24                                     text24       000000
__Ltext25                                     text25       000000
__Ltext26                                     text26       000000
__Ltext27                                     text27       000000
__Ltext28                                     text28       000000
__Ltext29                                     text29       000000
__Ltext3                                      text3        000000
__Ltext30                                     text30       000000
__Ltext31                                     text31       000000
__Ltext32                                     text32       000000
__Ltext33                                     text33       000000
__Ltext34                                     text34       000000
__Ltext35                                     text35       000000
__Ltext36                                     text36       000000
__Ltext37                                     text37       000000
__Ltext38                                     text38       000000
__Ltext39                                     text39       000000
__Ltext4                                      text4        000000
__Ltext40                                     text40       000000
__Ltext41                                     text41       000000
__Ltext42                                     text42       000000
__Ltext43                                     text43       000000
__Ltext44                                     text44       000000
__Ltext45                                     text45       000000
__Ltext46                                     text46       000000
__Ltext47                                     text47       000000
__Ltext48                                     text48       000000
__Ltext49                                     text49       000000
__Ltext5                                      text5        000000
__Ltext50                                     text50       000000
__Ltext51                                     text51       000000
__Ltext52                                     text52       000000
__Ltext53                                     text53       000000
__Ltext54                                     text54       000000
__Ltext55                                     text55       000000
__Ltext56                                     text56       000000
__Ltext57                                     text57       000000
__Ltext58                                     text58       000000
__Ltext59                                     text59       000000
__Ltext6                                      text6        000000
__Ltext60                                     text60       000000
__Ltext61                                     text61       000000
__Ltext62                                     text62       000000
__Ltext63                                     text63       000000
__Ltext64                                     text64       000000
__Ltext65                                     text65       000000
__Ltext66                                     text66       000000
__Ltext67                                     text67       000000
__Ltext68                                     text68       000000
__Ltext69                                     text69       000000
__Ltext7                                      text7        000000
__Ltext70                                     text70       000000
__Ltext71                                     text71       000000
__Ltext72                                     text72       000000
__Ltext73                                     text73       000000
__Ltext74                                     text74       000000
__Ltext75                                     text75       000000
__Ltext76                                     text76       000000
__Ltext77                                     text77       000000
__Ltext78                                     text78       000000
__Ltext79                                     text79       000000
__Ltext8                                      text8        000000
__Ltext80                                     text80       000000
__Ltext81                                     text81       000000
__Ltext82                                     text82       000000
__Ltext83                                     text83       000000
__Ltext84                                     text84       000000
__Ltext85                                     text85       000000
__Ltext86                                     text86       000000
__Ltext87                                     text87       000000
__Ltext88                                     text88       000000
__Ltext89                                     text89       000000
__Ltext9                                      text9        000000
__Ltext90                                     text90       000000
__Ltext91                                     text91       000000
__Ltext92                                     text92       000000
__Ltext93                                     text93       000000
__Ltext94                                     text94       000000
__Ltext95                                     text95       000000
__Ltext96                                     text96       000000
__S0                                          (abs)        010000
__S1                                          (abs)        000140
__S4                                          (abs)        000000
__S5                                          (abs)        000000
___heap_hi                                    (abs)        000000
___heap_lo                                    (abs)        000000
___inthi_sp                                   stack        000000
___inthi_stack_hi                             stack        000000
___inthi_stack_lo                             stack        000000
___intlo_sp                                   stack        000000
___intlo_stack_hi                             stack        000000
___intlo_stack_lo                             stack        000000
___param_bank                                 (abs)        000000
___rparam_used                                (abs)        000001
___sp                                         stack        000000
___stack_hi                                   stack        000000
___stack_lo                                   stack        000000
__accesstop                                   (abs)        000060
__activetblptr                                (abs)        000003
__db_device                                   mediumconst  00FD53
__db_manufacturer_g1                          mediumconst  00FFAC
__db_manufacturer_g2                          mediumconst  00FF9C
__db_manufacturer_g3                          mediumconst  00FF8C
__db_manufacturer_g4                          mediumconst  00FF7C
__db_objects                                  mediumconst  00FECB
__db_pdo1_rx_comm                             mediumconst  00FFBC
__db_pdo1_rx_map                              mediumconst  00FE83
__db_pdo1_tx_comm                             mediumconst  00FF1C
__db_pdo1_tx_map                              mediumconst  00FE3B
__db_sdo                                      mediumconst  00FF34
__db_standard_g1                              mediumconst  00FDCB
__db_standard_g2                              mediumconst  00FF6C
__db_standard_g3                              mediumconst  00FF5C
__db_standard_g4                              mediumconst  00FF4C
__end_of_CO_COMMSyncEvent                     text26       002A7E
__end_of_CO_COMM_RPDO1_COBIDAccessEvent       text43       001118
__end_of_CO_COMM_TPDO1_COBIDAccessEvent       text42       0012AA
__end_of_CO_COMM_TPDO1_TypeAccessEvent        text41       001D5E
__end_of_CO_MEMIO_CopyRomToRam                text31       001BBA
__end_of_CO_MEMIO_CopySram                    text30       0013FC
__end_of_CO_NMTAppResetRequest                text77       0031A4
__end_of_CO_NMTENodeGuardErrEvent             text55       002FC6
__end_of_CO_NMTResetEvent                     text76       00319C
__end_of_CO_NMTStateChangeEvent               text75       0031A2
__end_of_CO_PDO1LSTimerEvent                  text56       0031A0
__end_of_CO_PDO1TXFinEvent                    text23       00319E
__end_of_CO_ProcessAllEvents                  text17       0030EA
__end_of_DemoInit                             text16       00238E
__end_of_ECAN_WAKI_ISR                        text95       00306C
__end_of_I2C1_Initialize                      text15       0030C4
__end_of_INTERRUPT_Initialize                 text14       003198
__end_of_INTERRUPT_InterruptManager           text80       001C8E
__end_of_OSCILLATOR_Initialize                text13       00302C
__end_of_PIN_MANAGER_Initialize               text12       002B3C
__end_of_PMD_Initialize                       text11       0030D8
__end_of_SYSTEM_Initialize                    text2        00308A
__end_of_TMR0_Blink                           text33       002C82
__end_of_TMR0_DefaultInterruptHandler         text34       00312A
__end_of_TMR0_ISR                             text87       002F4A
__end_of_TMR0_Initialize                      text9        00300C
__end_of_TMR0_SetInterruptHandler             text10       00318A
__end_of_TMR0_StartTimer                      text1        003194
__end_of_UART1_DefaultErrorHandler            text36       00311E
__end_of_UART1_DefaultFramingErrorHandler     text38       00314E
__end_of_UART1_DefaultOverrunErrorHandler     text37       003142
__end_of_UART1_Initialize                     text3        0026E0
__end_of_UART1_Receive_ISR                    text40       001ED2
__end_of_UART1_RxDataHandler                  text51       002F76
__end_of_UART1_SetErrorHandler                text8        003180
__end_of_UART1_SetFramingErrorHandler         text7        003176
__end_of_UART1_SetOverrunErrorHandler         text6        00316C
__end_of_UART1_SetRxInterruptHandler          text5        003162
__end_of_UART1_SetTxInterruptHandler          text4        003158
__end_of_UART1_Transmit_ISR                   text39       002CCA
__end_of_WakeUpDefaultInterruptHandler        text35       003136
__end_of__CANCloseMessage                     text58       002D12
__end_of__CANEventManager                     text73       000DE0
__end_of__CANIsGetReady                       text79       0024B4
__end_of__CANIsPutFin                         text22       002B96
__end_of__CANIsPutReady                       text72       002ADE
__end_of__CANOpenMessage                      text70       0027D2
__end_of__CANReset                            text71       00275A
__end_of__CANSetBitRate                       text74       00265C
__end_of__CO_COB_CANopen2MCHP                 text69       0021A2
__end_of__CO_COB_MCHP2CANopen                 text59       00203C
__end_of__CO_COMMLSTimeEventManager           text52       002934
__end_of__CO_COMMRXEventManager               text24       000F7E
__end_of__CO_COMMResetEventManager            text62       002C3A
__end_of__CO_COMMTXFinEventManager            text21       001F88
__end_of__CO_COMMTXRdyEventManager            text18       00151C
__end_of__CO_COMM_NMTE_GuardTimeAccessEvent   text48       001728
__end_of__CO_COMM_NMTE_HeartBeatAccessEvent   text46       001622
__end_of__CO_COMM_NMTE_LSTimerEvent           text54       002542
__end_of__CO_COMM_NMTE_LifeFactorAccessEvent  text47       001820
__end_of__CO_COMM_NMTE_Open                   text68       0019FA
__end_of__CO_COMM_NMTE_RXEvent                text78       002BEC
__end_of__CO_COMM_NMTE_TXEvent                text67       001E1A
__end_of__CO_COMM_NMT_Open                    text66       002F18
__end_of__CO_COMM_NMT_RXEvent                 text61       002422
__end_of__CO_COMM_PDO1_Close                  text57       00310E
__end_of__CO_COMM_PDO1_Open                   text65       002EE2
__end_of__CO_COMM_PDO1_RXEvent                text60       00304C
__end_of__CO_COMM_PDO1_TXEvent                text20       002E3E
__end_of__CO_COMM_SDO1_CS_COBIDAccessEvent    text45       0028BE
__end_of__CO_COMM_SDO1_LSTimerEvent           text53       002DCA
__end_of__CO_COMM_SDO1_Open                   text64       0020F0
__end_of__CO_COMM_SDO1_RXEvent                text27       000502
__end_of__CO_COMM_SDO1_SC_COBIDAccessEvent    text44       002848
__end_of__CO_COMM_SDO1_TXEvent                text19       00089C
__end_of__CO_COMM_SYNC_COBIDAccessEvent       text49       001912
__end_of__CO_COMM_SYNC_Close                  text50       0030FC
__end_of__CO_COMM_SYNC_Open                   text63       002E76
__end_of__CO_COMM_SYNC_RXEvent                text25       0030A8
__end_of__CO_DictObjectDecode                 text32       000BC4
__end_of__CO_DictObjectRead                   text29       001ADA
__end_of__CO_DictObjectWrite                  text28       0022F2
__end_of___dummy                              mediumconst  00FFDA
__end_of__db_device                           mediumconst  00FDCB
__end_of__db_manufacturer_g1                  mediumconst  00FFBC
__end_of__db_manufacturer_g2                  mediumconst  00FFAC
__end_of__db_manufacturer_g3                  mediumconst  00FF9C
__end_of__db_manufacturer_g4                  mediumconst  00FF8C
__end_of__db_objects                          mediumconst  00FF03
__end_of__db_pdo1_rx_comm                     mediumconst  00FFCC
__end_of__db_pdo1_rx_map                      mediumconst  00FECB
__end_of__db_pdo1_tx_comm                     mediumconst  00FF34
__end_of__db_pdo1_tx_map                      mediumconst  00FE83
__end_of__db_sdo                              mediumconst  00FF4C
__end_of__db_standard_g1                      mediumconst  00FE3B
__end_of__db_standard_g2                      mediumconst  00FF7C
__end_of__db_standard_g3                      mediumconst  00FF6C
[...]
__ptext40                                     text40       001E1A
__ptext41                                     text41       001C8E
__ptext42                                     text42       001118
__ptext43                                     text43       000F7E
__ptext44                                     text44       0027D2
__ptext45                                     text45       002848
__ptext46                                     text46       00151C
__ptext47                                     text47       001728
__ptext48                                     text48       001622
__ptext49                                     text49       001820
__ptext5                                      text5        003158
__ptext50                                     text50       0030EA
__ptext51                                     text51       002F4A
__ptext52                                     text52       0028BE
__ptext53                                     text53       002D8E
__ptext54                                     text54       0024B4
__ptext55                                     text55       002FA2
__ptext56                                     text56       00319E
__ptext57                                     text57       0030FC
__ptext58                                     text58       002CCA
__ptext59                                     text59       001F88
__ptext6                                      text6        003162
__ptext60                                     text60       00302C
__ptext61                                     text61       00238E
__ptext62                                     text62       002BEC
__ptext63                                     text63       002E3E
__ptext64                                     text64       00203C
__ptext65                                     text65       002EAC
__ptext66                                     text66       002EE2
__ptext67                                     text67       001D5E
__ptext68                                     text68       001912
__ptext69                                     text69       0020F0
__ptext7                                      text7        00316C
__ptext70                                     text70       00275A
__ptext71                                     text71       0026E0
__ptext72                                     text72       002A7E
__ptext73                                     text73       000BC4
__ptext74                                     text74       0025D0
__ptext75                                     text75       0031A0
__ptext76                                     text76       003198
__ptext77                                     text77       0031A2
__ptext78                                     text78       002B96
__ptext79                                     text79       002422
__ptext8                                      text8        003176
__ptext80                                     text80       001BBA
__ptext81                                     text81       002D12
__ptext82                                     text82       0021A2
__ptext83                                     text83       0031A4
__ptext84                                     text84       0031A6
__ptext85                                     text85       00318A
__ptext86                                     text86       002F76
__ptext87                                     text87       002F18
__ptext88                                     text88       002D50
__ptext89                                     text89       0031A8
__ptext9                                      text9        002FEA
__ptext90                                     text90       002934
__ptext91                                     text91       002DCA
__ptext92                                     text92       002542
__ptext93                                     text93       002FC6
__ptext94                                     text94       0031AA
__ptext95                                     text95       00304C
__ptext96                                     text96       0031AC
__ramtop                                      ramtop       001000
__rpdo_en                                     bssCOMRAM    000026
__rx_net_flg                                  bssBANK0     0000D8
__rx_pdo_flg                                  bssBANK0     0000D6
__rx_sdo_flg                                  bssBANK0     0000D7
__sdo_en                                      bssCOMRAM    000027
__smallconst                                  mediumconst  00FD2C
__tDBaseLen                                   bssBANK0     0000D5
__tMplex                                      bssCOMRAM    000009
__tpdo_en                                     bssCOMRAM    000025
__tx_net_que                                  bssCOMRAM    000024
__tx_pdo_que                                  bssCOMRAM    000022
__tx_sdo_que                                  bssCOMRAM    000023
__uCANOldMode                                 bssCOMRAM    00002C
__uCANReq                                     bssCOMRAM    00002D
__uCANRxHndls                                 bssBANK0     00008D
__uCANRxIDRes                                 bssBANK1     000100
__uCANTxHndls                                 bssBANK0     0000B8
__uCAN_Bitrate                                bssBANK0     0000DA
__uCAN_Handle                                 bssCOMRAM    000030
__uCAN_Param1                                 bssCOMRAM    00002F
__uCAN_Param2                                 bssBANK0     0000DD
__uCAN_Param3                                 bssBANK0     0000DC
__uCAN_Param4                                 bssBANK0     0000DB
__uCAN_ret                                    bssCOMRAM    00002E
__uCOB_ID_in                                  bssCOMRAM    000005
__uCOB_ID_out                                 bssCOMRAM    000001
__uCO_baud                                    bssBANK0     0000D9
__uCO_nodeID                                  bssCOMRAM    00002A
__uCO_state                                   bssCOMRAM    000029
__uDictTemp                                   bssBANK0     0000B1
__uNMTEGuardTime                              bssCOMRAM    00000F
__uNMTEHeartBeat                              bssCOMRAM    000011
__uNMTELifeFactor                             bssCOMRAM    00001F
__uNMTELocalState                             bssCOMRAM    000020
__uNMTEState                                  bssCOMRAM    00002B
__uNMTETimer                                  bssBANK0     0000B5
__uNMTE_COBID                                 bssBANK0     0000AD
__uPDO1                                       bssBANK0     0000A1
__uPDOHandles1                                bssCOMRAM    00001D
__uSDO1ACode                                  bssCOMRAM    00001A
__uSDO1BytesLeft                              bssBANK0     0000C9
__uSDO1Ctl                                    bssCOMRAM    000019
__uSDO1Dict                                   bssCOMRAM    000031
__uSDO1RxBuf                                  bssBANK1     000128
__uSDO1State                                  bssCOMRAM    00001B
__uSDO1Timer                                  bssBANK0     0000CB
__uSDO1TxBuf                                  bssBANK0     0000DE
__uSDO1_CS_COBID                              bssBANK0     00009D
__uSDO1_SC_COBID                              bssBANK0     000099
__uSYNC_COBID                                 bssBANK0     000095
_i2c1_fsmStateTable                           mediumconst  00FD2D
_main                                         text0        0029AA
_rd1RegCompleteHandler                        (abs)        000000
_rd2RegCompleteHandler                        (abs)        000000
_rdBlkRegCompleteHandler                      (abs)        000000
_uCO_DevErrReg                                bssBANK0     0000FC
_uCO_DevManufacturerStatReg                   bssBANK1     00013C
_uDemoState                                   bssBANK0     0000D0
_uDemoSyncCount                               bssBANK0     0000CF
_uDemoSyncSet                                 bssCOMRAM    000013
_uDict                                        bssCOMRAM    00000C
_uIOinDigiInOld                               bssBANK0     0000D1
_uIOinFilter                                  bssBANK0     0000FA
_uIOinIntChange                               bssBANK0     0000F8
_uIOinIntEnable                               bssBANK0     0000F9
_uIOinIntFall                                 bssBANK0     0000F6
_uIOinIntRise                                 bssBANK0     0000F7
_uIOinPolarity                                bssBANK0     0000FB
_uLocalRcvBuffer                              bssBANK0     0000E6
_uLocalXmtBuffer                              bssBANK0     0000EE
_uRPDOComm1                                   bssBANK0     0000A9
_uTPDOComm1                                   bssBANK0     0000A5
_uart1RxBuffer                                bssBANK1     000120
_uart1RxCount                                 bssBANK0     0000D3
_uart1RxHead                                  bssCOMRAM    000015
_uart1RxLastError                             bssBANK0     0000D2
_uart1RxStatusBuffer                          bssBANK0     00007D
_uart1RxTail                                  bssCOMRAM    000014
_uart1TxBuffer                                bssBANK0     000085
_uart1TxBufferRemaining                       bssCOMRAM    000016
_uart1TxHead                                  bssCOMRAM    000018
_uart1TxTail                                  bssCOMRAM    000017
_wr1RegCompleteHandler                        (abs)        000000
_wr2RegCompleteHandler                        (abs)        000000
end_of_initialization                         cinit        002EA6
i2_CO_NMTENodeGuardErrEvent                   text93       002FC6
i2_CO_PDO1LSTimerEvent                        text94       0031AA
i2_TMR0_Blink                                 text88       002D50
i2_TMR0_DefaultInterruptHandler               text89       0031A8
i2_UART1_DefaultErrorHandler                  text85       00318A
i2_UART1_DefaultFramingErrorHandler           text84       0031A6
i2_UART1_DefaultOverrunErrorHandler           text83       0031A4
i2_UART1_Receive_ISR                          text82       0021A2
i2_UART1_RxDataHandler                        text86       002F76
i2_UART1_Transmit_ISR                         text81       002D12
i2_WakeUpDefaultInterruptHandler              text96       0031AC
i2__CO_COMMLSTimeEventManager                 text90       002934
i2__CO_COMM_NMTE_LSTimerEvent                 text92       002542
i2__CO_COMM_SDO1_LSTimerEvent                 text91       002DCA
intlevel0                                     text         000000
intlevel1                                     text         000000
intlevel2                                     text         000000
intlevel3                                     text         000000
isa$std                                       (abs)        000001
isa$xinst                                     (abs)        000000
ivt0x8_base                                   ivt0x8       000008
stackhi                                       (abs)        000000
stacklo                                       (abs)        000000
start                                         init         00001A
start_initialization                          cinit        002E76


MODULE INFORMATION

Module		Function		Class		Link	Load	Size
CANopen/CO_SYNC.c
		__CO_COMM_SYNC_COBIDAccessEvent		CODE           	1820	0000	242
		__CO_COMM_SYNC_Open		CODE           	2E3E	0000	56
		__CO_COMM_SYNC_RXEvent		CODE           	308A	0000	30
		__CO_COMM_SYNC_Close		CODE           	30EA	0000	18

CANopen/CO_SYNC.c estimated size: 346

CANopen/CO_MAIN.c
		_CO_ProcessAllEvents		CODE           	30D8	0000	18

CANopen/CO_MAIN.c estimated size: 18

mcc_generated_files/i2c1_master.c
		_I2C1_Initialize		CODE           	30A8	0000	28

mcc_generated_files/i2c1_master.c estimated size: 28

mcc_generated_files/interrupt_manager.c
		_INTERRUPT_Initialize		CODE           	3194	0000	4
		_INTERRUPT_InterruptManager		CODE           	1BBA	0000	212

mcc_generated_files/interrupt_manager.c estimated size: 216

mcc_generated_files/tmr0.c
		_TMR0_SetInterruptHandler		CODE           	3180	0000	10
		_TMR0_DefaultInterruptHandler		CODE           	311E	0000	12
		_TMR0_StartTimer		CODE           	3190	0000	4
		_TMR0_ISR      		CODE           	2F18	0000	50
		_TMR0_Initialize		CODE           	2FEA	0000	34

mcc_generated_files/tmr0.c estimated size: 110

CANopen/CO_DICT.c
		__CO_DictObjectWrite		CODE           	2250	0000	162
		__CO_DictObjectRead		CODE           	19FA	0000	224
		__CO_DictObjectDecode		CODE           	089C	0000	808

CANopen/CO_DICT.c estimated size: 1194

mcc_generated_files/pin_manager.c
		_PIN_MANAGER_Initialize		CODE           	2ADE	0000	94

mcc_generated_files/pin_manager.c estimated size: 94

CANopen/CO_MEMIO.c
		_CO_MEMIO_CopySram		CODE           	12AA	0000	338
		_CO_MEMIO_CopyRomToRam		CODE           	1ADA	0000	224

CANopen/CO_MEMIO.c estimated size: 562

CANopen/CO_NMTE.c
		__CO_COMM_NMTE_HeartBeatAccessEvent		CODE           	151C	0000	262
		__CO_COMM_NMTE_LifeFactorAccessEvent		CODE           	1728	0000	248
		__CO_COMM_NMTE_Open		CODE           	1912	0000	232
		__CO_COMM_NMTE_GuardTimeAccessEvent		CODE           	1622	0000	262
		__CO_COMM_NMTE_LSTimerEvent		CODE           	24B4	0000	142
		__CO_COMM_NMTE_RXEvent		CODE           	2B96	0000	86
		__CO_COMM_NMTE_TXEvent		CODE           	1D5E	0000	188

CANopen/CO_NMTE.c estimated size: 1420

CANopen/exttst.c
		_CO_NMTResetEvent		CODE           	3198	0000	4
		_CO_NMTAppResetRequest		CODE           	31A2	0000	2
		_CO_NMTENodeGuardErrEvent		CODE           	2FA2	0000	36
		_CO_NMTStateChangeEvent		CODE           	31A0	0000	2

CANopen/exttst.c estimated size: 44

CANopen/CO_NMT.c
		__CO_COMM_NMT_Open		CODE           	2EE2	0000	54
		__CO_COMM_NMT_RXEvent		CODE           	238E	0000	148

CANopen/CO_NMT.c estimated size: 202

mcc_generated_files/ecan.c
		_WakeUpDefaultInterruptHandler		CODE           	312A	0000	12
		_ECAN_WAKI_ISR 		CODE           	304C	0000	32

mcc_generated_files/ecan.c estimated size: 44

mcc_generated_files/uart1.c
		_UART1_SetFramingErrorHandler		CODE           	316C	0000	10
		_UART1_SetOverrunErrorHandler		CODE           	3162	0000	10
		_UART1_Receive_ISR		CODE           	1E1A	0000	184
		_UART1_SetRxInterruptHandler		CODE           	3158	0000	10
		_UART1_SetTxInterruptHandler		CODE           	314E	0000	10
		_UART1_Initialize		CODE           	265C	0000	132
		_UART1_SetErrorHandler		CODE           	3176	0000	10
		_UART1_Transmit_ISR		CODE           	2C82	0000	72
		_UART1_DefaultFramingErrorHandler		CODE           	3142	0000	12
		_UART1_DefaultErrorHandler		CODE           	310E	0000	16
		_UART1_RxDataHandler		CODE           	2F4A	0000	44
		_UART1_DefaultOverrunErrorHandler		CODE           	3136	0000	12

mcc_generated_files/uart1.c estimated size: 522

CANopen/CO_TOOLS.c
		__CO_COB_CANopen2MCHP		CODE           	20F0	0000	178
		__CO_COB_MCHP2CANopen		CODE           	1F88	0000	180

CANopen/CO_TOOLS.c estimated size: 358

shared
		__db_manufacturer_g3		MEDIUMCONST    	FF8C	0000	16
		i2__CO_COMM_NMTE_LSTimerEvent		CODE           	2542	0000	142
		i2_UART1_Transmit_ISR		CODE           	2D12	0000	62
		__db_manufacturer_g4		MEDIUMCONST    	FF7C	0000	16
		_uPDO1Dummy    		MEDIUMCONST    	0000	0000	0
		i2_UART1_DefaultFramingErrorHandler		CODE           	31A6	0000	2
		__db_sdo       		MEDIUMCONST    	FF34	0000	24
		i2_CO_PDO1LSTimerEvent		CODE           	31AA	0000	2
		__db_pdo1_rx_map		MEDIUMCONST    	FE83	0000	72
		__db_pdo1_tx_map		MEDIUMCONST    	FE3B	0000	72
		_rCO_DevProductCode		MEDIUMCONST    	0000	0000	0
		i2_CO_NMTENodeGuardErrEvent		CODE           	2FC6	0000	36
		i2__CO_COMMLSTimeEventManager		CODE           	2934	0000	118
		i2_UART1_DefaultErrorHandler		CODE           	318A	0000	6
		_rCO_DevVendorID		MEDIUMCONST    	0000	0000	0
		__db_objects   		MEDIUMCONST    	FECB	0000	56
		_rCO_DevIdentityIndx		MEDIUMCONST    	0000	0000	0
		__db_standard_g1		MEDIUMCONST    	FDCB	0000	112
		__db_standard_g2		MEDIUMCONST    	FF6C	0000	16
		__db_standard_g3		MEDIUMCONST    	FF5C	0000	16
		__db_standard_g4		MEDIUMCONST    	FF4C	0000	16
		_rCO_DevSerialNo		MEDIUMCONST    	0000	0000	0
		_rCO_DevHardwareVer		MEDIUMCONST    	0000	0000	0
		_rCO_DevSoftwareVer		MEDIUMCONST    	0000	0000	0
		__initialization		CODE           	2E76	0000	48
		_rMaxIndex1    		MEDIUMCONST    	0000	0000	0
		_rMaxIndex2    		MEDIUMCONST    	0000	0000	0
		_i2c1_fsmStateTable		MEDIUMCONST    	FD2D	0000	38
		_uDemoTPDO1Len 		MEDIUMCONST    	0000	0000	0
		i2_WakeUpDefaultInterruptHandler		CODE           	31AC	0000	2
		__db_device    		MEDIUMCONST    	FD53	0000	120
		_uRPDO1Map     		MEDIUMCONST    	0000	0000	0
		__db_pdo1_rx_comm		MEDIUMCONST    	FFBC	0000	16
		__db_pdo1_tx_comm		MEDIUMCONST    	FF1C	0000	24
		i2_UART1_Receive_ISR		CODE           	21A2	0000	174
		_uTPDO1Map     		MEDIUMCONST    	0000	0000	0
		__uSDO1COMMIndx		MEDIUMCONST    	0000	0000	0
		i2_TMR0_DefaultInterruptHandler		CODE           	31A8	0000	2
		i2_UART1_RxDataHandler		CODE           	2F76	0000	44
		i2_UART1_DefaultOverrunErrorHandler		CODE           	31A4	0000	2
		__db_manufacturer_g1		MEDIUMCONST    	FFAC	0000	16
		_rCO_DevName   		MEDIUMCONST    	0000	0000	0
		_rCO_DevType   		MEDIUMCONST    	0000	0000	0
		i2_TMR0_Blink  		CODE           	2D50	0000	62
		___dummy       		MEDIUMCONST    	0000	0000	0
		_rCO_DevRevNo  		MEDIUMCONST    	0000	0000	0
		__db_manufacturer_g2		MEDIUMCONST    	FF9C	0000	16
		i2__CO_COMM_SDO1_LSTimerEvent		CODE           	2DCA	0000	60

shared estimated size: 1408

mcc_generated_files/mcc.c
		_PMD_Initialize		CODE           	30C4	0000	20
		_OSCILLATOR_Initialize		CODE           	300C	0000	32
		_SYSTEM_Initialize		CODE           	306C	0000	30

mcc_generated_files/mcc.c estimated size: 82

CANopen/CO_PDO.c
		__CO_COMM_PDO1_Open		CODE           	2EAC	0000	54
		__CO_COMM_PDO1_RXEvent		CODE           	302C	0000	32
		__CO_COMM_PDO1_TXEvent		CODE           	2E06	0000	56
		__CO_COMM_PDO1_Close		CODE           	30FC	0000	18

CANopen/CO_PDO.c estimated size: 160

CANopen/CO_SDO1.c
		__CO_COMM_SDO1_SC_COBIDAccessEvent		CODE           	27D2	0000	118
		__CO_COMM_SDO1_CS_COBIDAccessEvent		CODE           	2848	0000	118
		__CO_COMM_SDO1_Open		CODE           	203C	0000	180
		__CO_COMM_SDO1_LSTimerEvent		CODE           	2D8E	0000	60
		__CO_COMM_SDO1_RXEvent		CODE           	001E	0000	1252
		__CO_COMM_SDO1_TXEvent		CODE           	0502	0000	922

CANopen/CO_SDO1.c estimated size: 2650

CANopen/CO_CANDRV.c
		__CANReset     		CODE           	26E0	0000	122
		__CANEventManager		CODE           	0BC4	0000	540
		__CANSetBitRate		CODE           	25D0	0000	140
		__CANCloseMessage		CODE           	2CCA	0000	72
		__CANOpenMessage		CODE           	275A	0000	120
		__CANIsPutFin  		CODE           	2B3C	0000	90
		__CANIsGetReady		CODE           	2422	0000	146
		__CANIsPutReady		CODE           	2A7E	0000	96

CANopen/CO_CANDRV.c estimated size: 1326

main.c
		_CO_COMM_TPDO1_TypeAccessEvent		CODE           	1C8E	0000	208
		_main          		CODE           	29AA	0000	112
		_CO_PDO1TXFinEvent		CODE           	319C	0000	2
		_CO_COMMSyncEvent		CODE           	2A1A	0000	100
		_CO_PDO1LSTimerEvent		CODE           	319E	0000	2
		_TMR0_Blink    		CODE           	2C3A	0000	72
		_DemoInit      		CODE           	22F2	0000	156
		_CO_COMM_RPDO1_COBIDAccessEvent		CODE           	0F7E	0000	410
		_CO_COMM_TPDO1_COBIDAccessEvent		CODE           	1118	0000	402

main.c estimated size: 1464

CANopen/CO_COMM.c
		__CO_COMMLSTimeEventManager		CODE           	28BE	0000	118
		__CO_COMMTXFinEventManager		CODE           	1ED2	0000	182
		__CO_COMMTXRdyEventManager		CODE           	13FC	0000	288
		__CO_COMMResetEventManager		CODE           	2BEC	0000	78
		__CO_COMMRXEventManager		CODE           	0DE0	0000	414

CANopen/CO_COMM.c estimated size: 1080

