Microchip MPLAB XC8 Compiler V2.40

Linker command line:

-W-3 \
  --edf=C:\Program Files\Microchip\xc8\v2.40\pic\dat\20220703182018_en.msgs \
  -pivt0x8=08h -cn -h+dist/default/production\CANCDC.X.production.sym \
  --cmf=dist/default/production\CANCDC.X.production.cmf -z -Q18F26K83 \
  -oC:\Users\Fedor\AppData\Local\Temp\xcAsmcs.4 --defsym=__MPLAB_BUILD=1 \
  --fixupoverflow=error -Mdist/default/production/CANCDC.X.production.map \
  --md=C:\Users\Fedor\AppData\Local\Temp\xcAsmcs.dat -E1 -ver=XC8 Compiler \
  --acfsm=1493 -ACODE=00h-0FFFFh -ACONST=00h-0FFFFh \
  -ASMALLCONST=01000h-010FFhx240 -AMEDIUMCONST=01000h-0FFFFh \
  -ACOMRAM=01h-05Fh -AABS1=00h-0FFFh -ABIGRAM=01h-0FFFh \
  -ARAM=060h-0FFh,0100h-01FFhx15 -ABANK0=060h-0FFh -ABANK1=0100h-01FFh \
  -ABANK2=0200h-02FFh -ABANK3=0300h-03FFh -ABANK4=0400h-04FFh \
  -ABANK5=0500h-05FFh -ABANK6=0600h-06FFh -ABANK7=0700h-07FFh \
  -ABANK8=0800h-08FFh -ABANK9=0900h-09FFh -ABANK10=0A00h-0AFFh \
  -ABANK11=0B00h-0BFFh -ABANK12=0C00h-0CFFh -ABANK13=0D00h-0DFFh \
  -ABANK14=0E00h-0EFFh -ABANK15=0F00h-0FFFh \
  -ASFR=03700h-037FFhx8,03F00h-03F5Fh,03F60h-03FFFh -ABIGSFR=03700h-03FFFh \
  -ACONFIG=0300000h-0300009h -AIDLOC=0200000h-020000Fh \
  -AEEDATA=0310000h-03103FFh -peeprom_data=EEDATA -preset_vec=00h \
  -ppowerup=CODE,init -pramtop=01000h -psmallconst=SMALLCONST \
  -pmediumconst=MEDIUMCONST -pconst=CONST -AFARRAM=00h-00h \
  -prdata=COMRAM,nvrram=COMRAM,nvbit=COMRAM,rbss=COMRAM,rbit=COMRAM \
  -pfarbss=FARRAM,fardata=FARRAM,nvFARRAM=FARRAM \
  -pintsave_regs=BIGRAM,bigbss=BIGRAM,bigdata=BIGRAM -pbss=RAM \
  -pidata=CODE,irdata=CODE,ibigdata=CODE,ifardata=CODE -prparam=COMRAM \
  C:\Users\Fedor\AppData\Local\Temp\xcAsmcs.o \
  dist/default/production\CANCDC.X.production.o 

Object code version is 3.11

Machine type is 18F26K83



                Name                               Link     Load   Length Selector   Space Scale
C:\Users\Fedor\AppData\Local\Temp\xcAsmcs.o
                idloc                            200000   200000       10        0       5
                config                           300000   300000        A        0       4
                init                                 1A       1A        4        4       0
                reset_vec                             0        0        4        0       0
dist/default/production\CANCDC.X.production.o
                idloc                            200000   200000       10        0       5
                config                           300000   300000        A        0       4
                ivt0x8                                8        8       12        4       0
                text18                              2D6      2D6       9A        4       0
                text17                               1E       1E      12E        4       0
                text16                              5D8      5D8        2        4       0
                text15                              54A      54A       20        4       0
                text14                              492      492       3C        4       0
                text13                              5CA      5CA        A        4       0
                text12                              14C      14C       DC        4       0
                text11                              5D4      5D4        4        4       0
                text10                              500      500       26        4       0
                text9                               3DE      3DE       5C        4       0
                text8                               526      526       24        4       0
                text7                               5C0      5C0        A        4       0
                text6                               5B6      5B6        A        4       0
                text5                               5AC      5AC        A        4       0
                text4                               370      370       6E        4       0
                text3                               586      586       16        4       0
                text2                               56A      56A       1C        4       0
                text1                               4CE      4CE       32        4       0
                text0                               228      228       AE        4       0
                cstackCOMRAM                          1        1       2D        1       1
                cstackBANK0                          60       60        4       60       1
                bssBIGRAM                            64       64      578       64       1
                dataCOMRAM                           3E       3E       10        1       1
                bssCOMRAM                            2E       2E       10        1       1
                cinit                               43A      43A       58        4       0
                idataCOMRAM                         59C      59C       10        4       0

TOTAL           Name                               Link     Load   Length     Space
        CLASS   CODE           
                init                                 1A       1A        4         0
                reset_vec                             0        0        4         0
                ivt0x8                                8        8       12         0
                text18                              2D6      2D6       9A         0
                text17                               1E       1E      12E         0
                text16                              5D8      5D8        2         0
                text15                              54A      54A       20         0
                text14                              492      492       3C         0
                text13                              5CA      5CA        A         0
                text12                              14C      14C       DC         0
                text11                              5D4      5D4        4         0
                text10                              500      500       26         0
                text9                               3DE      3DE       5C         0
                text8                               526      526       24         0
                text7                               5C0      5C0        A         0
                text6                               5B6      5B6        A         0
                text5                               5AC      5AC        A         0
                text4                               370      370       6E         0
                text3                               586      586       16         0
                text2                               56A      56A       1C         0
                text1                               4CE      4CE       32         0
                text0                               228      228       AE         0
                cinit                               43A      43A       58         0
                idataCOMRAM                         59C      59C       10         0

        CLASS   CONST          

        CLASS   SMALLCONST     

        CLASS   MEDIUMCONST    

        CLASS   COMRAM         
                cstackCOMRAM                          1        1       2D         1
                dataCOMRAM                           3E       3E       10         1
                bssCOMRAM                            2E       2E       10         1

        CLASS   ABS1           

        CLASS   BIGRAM         
                bssBIGRAM                            64       64      578         1

        CLASS   RAM            

        CLASS   BANK0          
                cstackBANK0                          60       60        4         1

        CLASS   BANK1          

        CLASS   BANK2          

        CLASS   BANK3          

        CLASS   BANK4          

        CLASS   BANK5          

        CLASS   BANK6          

        CLASS   BANK7          

        CLASS   BANK8          

        CLASS   BANK9          

        CLASS   BANK10         

        CLASS   BANK11         

        CLASS   BANK12         

        CLASS   BANK13         

        CLASS   BANK14         

        CLASS   BANK15         

        CLASS   SFR            

        CLASS   BIGSFR         

        CLASS   CONFIG         
                config                           300000   300000        A         4

        CLASS   IDLOC          
                idloc                            200000   200000       10         5

        CLASS   EEDATA         

        CLASS   FARRAM         

        CLASS   HEAP           

        CLASS   STACK          



SEGMENTS        Name                           Load    Length   Top    Selector   Space  Class

                reset_vec                      000000  000004  000004         0       0  CODE    
                cstackCOMRAM                   000001  00004D  00004E         1       1  COMRAM  
                ivt0x8                         000008  0005D2  0005DA         4       0  CODE    
                cstackBANK0                    000060  000004  000064        60       1  BANK0   
                bssBIGRAM                      000064  000578  0005DC        64       1  BIGRAM  


UNUSED ADDRESS RANGES

        Name                Unused          Largest block    Delta
        BANK10           000A00-000AFF              100
        BANK11           000B00-000BFF              100
        BANK12           000C00-000CFF              100
        BANK13           000D00-000DFF              100
        BANK14           000E00-000EFF              100
        BANK15           000F00-000FFF              100
        BANK5            0005DC-0005FF               24
        BANK6            000600-0006FF              100
        BANK7            000700-0007FF              100
        BANK8            000800-0008FF              100
        BANK9            000900-0009FF              100
        BIGRAM           00004E-00005F               12
                         0005DC-000FFF              A24
        BIGSFR           003700-003FFF              900
        CODE             000004-000007                4
                         0005DA-00FFFF             FA26
        COMRAM           00004E-00005F               12
        CONST            000004-000007                4
                         0005DA-00FFFF             FA26
        EEDATA           310000-3103FF              400
        MEDIUMCONST      001000-00FFFF             F000
        RAM              0005DC-000FFF              100
        SFR              003700-003FFF              100
        SMALLCONST       001000-00FFFF              100

                                  Symbol Table

ECAN_SetRXB0InterruptHandler@handler          cstackBANK0  000060
IVTBASEH                                      (abs)        003FD6
IVTBASEL                                      (abs)        003FD5
IVTBASEU                                      (abs)        003FD7
RXB0InterruptHandler@main$F1185@F22971        dataCOMRAM   00003E
RXB0InterruptHandler@main$F1185@buffer        cstackCOMRAM 00001B
RXB0InterruptHandler@main$F1185@counter       cstackCOMRAM 00002B
RXB0InterruptHandler@main$F1185@data          cstackCOMRAM 00000B
RXB0InterruptHandler@main$F1185@identificator cstackCOMRAM 000029
UART1_SetErrorHandler@interruptHandler        cstackBANK0  000060
UART1_SetFramingErrorHandler@interruptHandler cstackBANK0  000060
UART1_SetOverrunErrorHandler@interruptHandler cstackBANK0  000060
UART1_Write@txData                            cstackBANK0  000060
_ANSELA                                       (abs)        003A40
_ANSELB                                       (abs)        003A50
_ANSELC                                       (abs)        003A60
_BRGCON1                                      (abs)        003703
_BRGCON2                                      (abs)        003704
_BRGCON3                                      (abs)        003705
_CANCON                                       (abs)        003F8F
_CANRXPPS                                     (abs)        003AED
_CANSTAT                                      (abs)        003F8E
_CIOCON                                       (abs)        003700
_COMSTAT                                      (abs)        003F90
_COMSTATbits                                  (abs)        003F90
_ECANCON                                      (abs)        003F91
_ECAN_Initialize_user                         text12       00014C
_ECAN_RXB0I_ISR                               text15       00054A
_ECAN_SetRXB0InterruptHandler                 text13       0005CA
_INLVLA                                       (abs)        003A44
_INLVLB                                       (abs)        003A54
_INLVLC                                       (abs)        003A64
_INLVLE                                       (abs)        003A84
_INTCON0bits                                  (abs)        003FD2
_INTERRUPT_Initialize                         text11       0005D4
_INTERRUPT_InterruptManager                   text14       000492
_LATA                                         (abs)        003FBA
_LATB                                         (abs)        003FBB
_LATBbits                                     (abs)        003FBB
_LATC                                         (abs)        003FBC
_ODCONA                                       (abs)        003A42
_ODCONB                                       (abs)        003A52
_ODCONC                                       (abs)        003A62
_OSCCON1                                      (abs)        0039D9
_OSCCON3                                      (abs)        0039DB
_OSCEN                                        (abs)        0039DD
_OSCFRQ                                       (abs)        0039DF
_OSCILLATOR_Initialize                        text10       000500
_OSCTUNE                                      (abs)        0039DE
_PIE5bits                                     (abs)        003995
_PIN_MANAGER_Initialize                       text9        0003DE
_PIR3bits                                     (abs)        0039A3
_PIR5bits                                     (abs)        0039A5
_PLLR                                         (abs)        01CEE0
_PMD0                                         (abs)        0039C0
_PMD1                                         (abs)        0039C1
_PMD2                                         (abs)        0039C2
_PMD3                                         (abs)        0039C3
_PMD4                                         (abs)        0039C4
_PMD5                                         (abs)        0039C5
_PMD6                                         (abs)        0039C6
_PMD7                                         (abs)        0039C7
_PMD_Initialize                               text8        000526
_RB0PPS                                       (abs)        003A08
_RB2PPS                                       (abs)        003A0A
_RXB0CONbits                                  (abs)        003F80
_RXB0D0                                       (abs)        003F86
_RXB0D1                                       (abs)        003F87
_RXB0D2                                       (abs)        003F88
_RXB0D3                                       (abs)        003F89
_RXB0D4                                       (abs)        003F8A
_RXB0D5                                       (abs)        003F8B
_RXB0D6                                       (abs)        003F8C
_RXB0D7                                       (abs)        003F8D
_RXB0DLC                                      (abs)        003F85
_RXB0DefaultInterruptHandler                  text16       0005D8
_RXB0EIDH                                     (abs)        003F83
_RXB0EIDL                                     (abs)        003F84
_RXB0InterruptHandler                         bssCOMRAM    000034
_RXB0InterruptHandler@main$F1185              text17       00001E
_RXB0SIDH                                     (abs)        003F81
_RXB0SIDL                                     (abs)        003F82
_RXB1CONbits                                  (abs)        0037F0
_RXB1D0                                       (abs)        0037F6
_RXB1D1                                       (abs)        0037F7
_RXB1D2                                       (abs)        0037F8
_RXB1D3                                       (abs)        0037F9
_RXB1D4                                       (abs)        0037FA
_RXB1D5                                       (abs)        0037FB
_RXB1D6                                       (abs)        0037FC
_RXB1D7                                       (abs)        0037FD
_RXB1DLC                                      (abs)        0037F5
_RXB1EIDH                                     (abs)        0037F3
_RXB1EIDL                                     (abs)        0037F4
_RXB1SIDH                                     (abs)        0037F1
_RXB1SIDL                                     (abs)        0037F2
_RXF0EIDH                                     (abs)        0037A2
_RXF0EIDL                                     (abs)        0037A3
_RXF0SIDH                                     (abs)        0037A0
_RXF0SIDL                                     (abs)        0037A1
_RXF1EIDH                                     (abs)        0037A6
_RXF1EIDL                                     (abs)        0037A7
_RXF1SIDH                                     (abs)        0037A4
_RXF1SIDL                                     (abs)        0037A5
_RXF2EIDH                                     (abs)        0037AA
_RXF2EIDL                                     (abs)        0037AB
_RXF2SIDH                                     (abs)        0037A8
_RXF2SIDL                                     (abs)        0037A9
_RXF3EIDH                                     (abs)        0037AE
_RXF3EIDL                                     (abs)        0037AF
_RXF3SIDH                                     (abs)        0037AC
_RXF3SIDL                                     (abs)        0037AD
_RXF4EIDH                                     (abs)        0037B2
_RXF4EIDL                                     (abs)        0037B3
_RXF4SIDH                                     (abs)        0037B0
_RXF4SIDL                                     (abs)        0037B1
_RXF5EIDH                                     (abs)        0037B6
_RXF5EIDL                                     (abs)        0037B7
_RXF5SIDH                                     (abs)        0037B4
_RXF5SIDL                                     (abs)        0037B5
_RXM0EIDH                                     (abs)        0037BA
_RXM0EIDL                                     (abs)        0037BB
_RXM0SIDH                                     (abs)        0037B8
_RXM0SIDL                                     (abs)        0037B9
_RXM1EIDH                                     (abs)        0037BE
_RXM1EIDL                                     (abs)        0037BF
_RXM1SIDH                                     (abs)        0037BC
_RXM1SIDL                                     (abs)        0037BD
_SLRCONA                                      (abs)        003A43
_SLRCONB                                      (abs)        003A53
_SLRCONC                                      (abs)        003A63
_SYSTEM_Initialize                            text3        000586
_TRISA                                        (abs)        003FC2
_TRISB                                        (abs)        003FC3
_TRISC                                        (abs)        003FC4
_TXB0CONbits                                  (abs)        0037E0
_TXB0D0                                       (abs)        0037E6
_TXB0D1                                       (abs)        0037E7
_TXB0D2                                       (abs)        0037E8
_TXB0D3                                       (abs)        0037E9
_TXB0D4                                       (abs)        0037EA
_TXB0D5                                       (abs)        0037EB
_TXB0D6                                       (abs)        0037EC
_TXB0D7                                       (abs)        0037ED
_TXB0DLC                                      (abs)        0037E5
_TXB0EIDH                                     (abs)        0037E3
_TXB0EIDL                                     (abs)        0037E4
_TXB0SIDH                                     (abs)        0037E1
_TXB0SIDL                                     (abs)        0037E2
_TXB1CONbits                                  (abs)        0037D0
_TXB1D0                                       (abs)        0037D6
_TXB1D1                                       (abs)        0037D7
_TXB1D2                                       (abs)        0037D8
_TXB1D3                                       (abs)        0037D9
_TXB1D4                                       (abs)        0037DA
_TXB1D5                                       (abs)        0037DB
_TXB1D6                                       (abs)        0037DC
_TXB1D7                                       (abs)        0037DD
_TXB1DLC                                      (abs)        0037D5
_TXB1EIDH                                     (abs)        0037D3
_TXB1EIDL                                     (abs)        0037D4
_TXB1SIDH                                     (abs)        0037D1
_TXB1SIDL                                     (abs)        0037D2
_TXB2CONbits                                  (abs)        0037C0
_TXB2D0                                       (abs)        0037C6
_TXB2D1                                       (abs)        0037C7
_TXB2D2                                       (abs)        0037C8
_TXB2D3                                       (abs)        0037C9
_TXB2D4                                       (abs)        0037CA
_TXB2D5                                       (abs)        0037CB
_TXB2D6                                       (abs)        0037CC
_TXB2D7                                       (abs)        0037CD
_TXB2DLC                                      (abs)        0037C5
_TXB2EIDH                                     (abs)        0037C3
_TXB2EIDL                                     (abs)        0037C4
_TXB2SIDH                                     (abs)        0037C1
_TXB2SIDL                                     (abs)        0037C2
_U1BRGH                                       (abs)        003DF6
_U1BRGL                                       (abs)        003DF5
_U1CON0                                       (abs)        003DF2
_U1CON0bits                                   (abs)        003DF2
_U1CON1                                       (abs)        003DF3
_U1CON2                                       (abs)        003DF4
_U1ERRIE                                      (abs)        003DFA
_U1ERRIR                                      (abs)        003DF9
_U1ERRIRbits                                  (abs)        003DF9
_U1FIFO                                       (abs)        003DF7
_U1P1H                                        (abs)        003DED
_U1P1L                                        (abs)        003DEC
_U1P2H                                        (abs)        003DEF
_U1P2L                                        (abs)        003DEE
_U1P3H                                        (abs)        003DF1
_U1P3L                                        (abs)        003DF0
_U1RXB                                        (abs)        003DE8
_U1RXPPS                                      (abs)        003AE7
_U1TXB                                        (abs)        003DEA
_U1UIR                                        (abs)        003DF8
_UART1_DefaultErrorHandler                    (abs)        000000
_UART1_DefaultFramingErrorHandler             (abs)        000000
_UART1_DefaultOverrunErrorHandler             (abs)        000000
_UART1_ErrorHandler                           bssCOMRAM    000036
_UART1_FramingErrorHandler                    bssCOMRAM    00003A
_UART1_Initialize                             text4        000370
_UART1_OverrunErrorHandler                    bssCOMRAM    000038
_UART1_SetErrorHandler                        text7        0005C0
_UART1_SetFramingErrorHandler                 text6        0005B6
_UART1_SetOverrunErrorHandler                 text5        0005AC
_UART1_Write                                  text2        00056A
_UART1_is_tx_ready                            text1        0004CE
_UART1_is_tx_ready$296                        cstackBANK0  000060
_WPUA                                         (abs)        003A41
_WPUB                                         (abs)        003A51
_WPUC                                         (abs)        003A61
_WPUE                                         (abs)        003A81
__HRAM                                        (abs)        000000
__Habs1                                       abs1         000000
__Hbank0                                      bank0        000000
__Hbank1                                      bank1        000000
__Hbank10                                     bank10       000000
__Hbank11                                     bank11       000000
__Hbank12                                     bank12       000000
__Hbank13                                     bank13       000000
__Hbank14                                     bank14       000000
__Hbank15                                     bank15       000000
__Hbank2                                      bank2        000000
__Hbank3                                      bank3        000000
__Hbank4                                      bank4        000000
__Hbank5                                      bank5        000000
__Hbank6                                      bank6        000000
__Hbank7                                      bank7        000000
__Hbank8                                      bank8        000000
__Hbank9                                      bank9        000000
__Hbigbss                                     bigbss       000000
__Hbigdata                                    bigdata      000000
__Hbigram                                     bigram       000000
__Hbigsfr                                     bigsfr       000000
__Hbss                                        bss          000000
__HbssBIGRAM                                  bssBIGRAM    000000
__HbssCOMRAM                                  bssCOMRAM    000000
__Hcinit                                      cinit        000000
__Hclrtext                                    clrtext      000000
__Hcomram                                     comram       000000
__Hconfig                                     config       30000A
__Hconst                                      const        000000
__HcstackBANK0                                cstackBANK0  000000
__HcstackCOMRAM                               cstackCOMRAM 000000
__Hdata                                       data         000000
__HdataCOMRAM                                 dataCOMRAM   000000
__Heeprom_data                                eeprom_data  000000
__Hfarbss                                     farbss       000000
__Hfardata                                    fardata      000000
__Hheap                                       heap         000000
__Hibigdata                                   ibigdata     000000
__Hidata                                      idata        000000
__HidataCOMRAM                                idataCOMRAM  000000
__Hidloc                                      idloc        200010
__Hifardata                                   ifardata     000000
__Hinit                                       init         00001E
__Hintsave_regs                               intsave_regs 000000
__Hirdata                                     irdata       000000
__Hivt0x8                                     ivt0x8       00001A
__Hmediumconst                                mediumconst  000000
__HnvFARRAM                                   nvFARRAM     000000
__Hnvbit                                      nvbit        000000
__Hnvrram                                     nvrram       000000
__Hparam                                      rparam       000000
__Hpowerup                                    powerup      000000
__Hram                                        ram          000000
__Hramtop                                     ramtop       001000
__Hrbit                                       rbit         000000
__Hrbss                                       rbss         000000
__Hrdata                                      rdata        000000
__Hreset_vec                                  reset_vec    000004
__Hrparam                                     rparam       000000
__Hsfr                                        sfr          000000
__Hsmallconst                                 smallconst   000000
__Hspace_0                                    (abs)        001000
__Hspace_1                                    (abs)        0005DC
__Hspace_2                                    (abs)        000000
__Hspace_4                                    (abs)        60000A
__Hstack                                      stack        000000
__Hstruct                                     struct       000000
__Htemp                                       temp         000000
__Htext                                       text         000000
__Htext0                                      text0        000000
__Htext1                                      text1        000000
__Htext10                                     text10       000000
__Htext11                                     text11       000000
__Htext12                                     text12       000000
__Htext13                                     text13       000000
__Htext14                                     text14       000000
__Htext15                                     text15       000000
__Htext16                                     text16       000000
__Htext17                                     text17       000000
__Htext18                                     text18       000000
__Htext19                                     text19       000000
__Htext2                                      text2        000000
__Htext3                                      text3        000000
__Htext4                                      text4        000000
__Htext5                                      text5        000000
__Htext6                                      text6        000000
__Htext7                                      text7        000000
__Htext8                                      text8        000000
__Htext9                                      text9        000000
__LRAM                                        (abs)        000001
__Labs1                                       abs1         000000
__Lbank0                                      bank0        000000
__Lbank1                                      bank1        000000
__Lbank10                                     bank10       000000
__Lbank11                                     bank11       000000
__Lbank12                                     bank12       000000
__Lbank13                                     bank13       000000
__Lbank14                                     bank14       000000
__Lbank15                                     bank15       000000
__Lbank2                                      bank2        000000
__Lbank3                                      bank3        000000
__Lbank4                                      bank4        000000
__Lbank5                                      bank5        000000
__Lbank6                                      bank6        000000
__Lbank7                                      bank7        000000
__Lbank8                                      bank8        000000
__Lbank9                                      bank9        000000
__Lbigbss                                     bigbss       000000
__Lbigdata                                    bigdata      000000
__Lbigram                                     bigram       000000
__Lbigsfr                                     bigsfr       000000
__Lbss                                        bss          000000
__LbssBIGRAM                                  bssBIGRAM    000000
__LbssCOMRAM                                  bssCOMRAM    000000
__Lcinit                                      cinit        000000
__Lclrtext                                    clrtext      000000
__Lcomram                                     comram       000000
__Lconfig                                     config       000000
__Lconst                                      const        000000
__LcstackBANK0                                cstackBANK0  000000
__LcstackCOMRAM                               cstackCOMRAM 000000
__Ldata                                       data         000000
__LdataCOMRAM                                 dataCOMRAM   000000
__Leeprom_data                                eeprom_data  000000
__Lfarbss                                     farbss       000000
__Lfardata                                    fardata      000000
__Lheap                                       heap         000000
__Libigdata                                   ibigdata     000000
__Lidata                                      idata        000000
__LidataCOMRAM                                idataCOMRAM  000000
__Lidloc                                      idloc        000000
__Lifardata                                   ifardata     000000
__Linit                                       init         00001A
__Lintsave_regs                               intsave_regs 000000
__Lirdata                                     irdata       000000
__Livt0x8                                     ivt0x8       000008
__Lmediumconst                                mediumconst  000000
__LnvFARRAM                                   nvFARRAM     000000
__Lnvbit                                      nvbit        000000
__Lnvrram                                     nvrram       000000
__Lparam                                      rparam       000000
__Lpowerup                                    powerup      000000
__Lram                                        ram          000000
__Lramtop                                     ramtop       001000
__Lrbit                                       rbit         000000
__Lrbss                                       rbss         000000
__Lrdata                                      rdata        000000
__Lreset_vec                                  reset_vec    000000
__Lrparam                                     rparam       000000
__Lsfr                                        sfr          000000
__Lsmallconst                                 smallconst   000000
__Lspace_0                                    (abs)        000000
__Lspace_1                                    (abs)        000000
__Lspace_2                                    (abs)        000000
__Lspace_4                                    (abs)        000000
__Lstack                                      stack        000000
__Lstruct                                     struct       000000
__Ltemp                                       temp         000000
__Ltext                                       text         000000
__Ltext0                                      text0        000000
__Ltext1                                      text1        000000
__Ltext10                                     text10       000000
__Ltext11                                     text11       000000
__Ltext12                                     text12       000000
__Ltext13                                     text13       000000
__Ltext14                                     text14       000000
__Ltext15                                     text15       000000
__Ltext16                                     text16       000000
__Ltext17                                     text17       000000
__Ltext18                                     text18       000000
__Ltext19                                     text19       000000
__Ltext2                                      text2        000000
__Ltext3                                      text3        000000
__Ltext4                                      text4        000000
__Ltext5                                      text5        000000
__Ltext6                                      text6        000000
__Ltext7                                      text7        000000
__Ltext8                                      text8        000000
__Ltext9                                      text9        000000
__S0                                          (abs)        0005DA
__S1                                          (abs)        0005DC
__S4                                          (abs)        000000
__S5                                          (abs)        000000
___heap_hi                                    (abs)        000000
___heap_lo                                    (abs)        000000
___inthi_sp                                   stack        000000
___intlo_sp                                   stack        000000
___param_bank                                 (abs)        000000
___rparam_used                                (abs)        000001
___sp                                         stack        000000
__accesstop                                   (abs)        000060
__activetblptr                                (abs)        000002
__end_of_ECAN_Initialize_user                 text12       000228
__end_of_ECAN_RXB0I_ISR                       text15       00056A
__end_of_ECAN_SetRXB0InterruptHandler         text13       0005D4
__end_of_INTERRUPT_Initialize                 text11       0005D8
__end_of_INTERRUPT_InterruptManager           text14       0004CE
__end_of_OSCILLATOR_Initialize                text10       000526
__end_of_PIN_MANAGER_Initialize               text9        00043A
__end_of_PMD_Initialize                       text8        00054A
__end_of_RXB0DefaultInterruptHandler          text16       0005DA
__end_of_RXB0InterruptHandler@main$F1185      text17       00014C
__end_of_SYSTEM_Initialize                    text3        00059C
__end_of_UART1_Initialize                     text4        0003DE
__end_of_UART1_SetErrorHandler                text7        0005CA
__end_of_UART1_SetFramingErrorHandler         text6        0005C0
__end_of_UART1_SetOverrunErrorHandler         text5        0005B6
__end_of_UART1_Write                          text2        000586
__end_of_UART1_is_tx_ready                    text1        000500
__end_of__initialization                      cinit        000488
__end_of_main                                 text0        0002D6
__end_of_serial_buffer_add                    text18       000370
__initialization                              cinit        00043A
__mediumconst                                 mediumconst  000000
__pbssBIGRAM                                  bssBIGRAM    000064
__pbssCOMRAM                                  bssCOMRAM    00002E
__pcinit                                      cinit        00043A
__pcstackBANK0                                cstackBANK0  000060
__pcstackCOMRAM                               cstackCOMRAM 000001
__pdataCOMRAM                                 dataCOMRAM   00003E
__pidataCOMRAM                                idataCOMRAM  00059C
__pivt0x8                                     ivt0x8       000008
__ptext0                                      text0        000228
__ptext1                                      text1        0004CE
__ptext10                                     text10       000500
__ptext11                                     text11       0005D4
__ptext12                                     text12       00014C
__ptext13                                     text13       0005CA
__ptext14                                     text14       000492
__ptext15                                     text15       00054A
__ptext16                                     text16       0005D8
__ptext17                                     text17       00001E
__ptext18                                     text18       0002D6
__ptext19                                     text19       000000
__ptext2                                      text2        00056A
__ptext3                                      text3        000586
__ptext4                                      text4        000370
__ptext5                                      text5        0005AC
__ptext6                                      text6        0005B6
__ptext7                                      text7        0005C0
__ptext8                                      text8        000526
__ptext9                                      text9        0003DE
__ramtop                                      ramtop       001000
__smallconst                                  smallconst   000000
_bot_pointer                                  bssCOMRAM    000030
_buf_length                                   bssCOMRAM    00002E
_circular_buffer                              bssBIGRAM    000064
_main                                         text0        000228
_serial_buffer_add                            text18       0002D6
_status                                       bssCOMRAM    00003C
_top_pointer                                  bssCOMRAM    000032
_uart1RxLastError                             bssCOMRAM    00003D
end_of_initialization                         cinit        000488
intlevel0                                     text         000000
intlevel1                                     text         000000
intlevel2                                     text         000000
intlevel3                                     text         000000
isa$std                                       (abs)        000001
isa$xinst                                     (abs)        000000
ivt0x8_base                                   ivt0x8       000008
serial_buffer_add@buffer_ptr                  cstackCOMRAM 000001
serial_buffer_add@counter                     cstackCOMRAM 000006
serial_buffer_add@length                      cstackCOMRAM 000003
stackhi                                       (abs)        000000
stacklo                                       (abs)        000000
start                                         init         00001A
start_initialization                          cinit        00043A


MODULE INFORMATION

Module		Function		Class		Link	Load	Size
mcc_generated_files/interrupt_manager.c
		_INTERRUPT_Initialize		CODE           	05D4	0000	4
		_INTERRUPT_InterruptManager		CODE           	0492	0000	60

mcc_generated_files/interrupt_manager.c estimated size: 64

mcc_generated_files/pin_manager.c
		_PIN_MANAGER_Initialize		CODE           	03DE	0000	92

mcc_generated_files/pin_manager.c estimated size: 92

mcc_generated_files/ecan.c
		_ECAN_RXB0I_ISR		CODE           	054A	0000	32
		_ECAN_SetRXB0InterruptHandler		CODE           	05CA	0000	10
		_RXB0DefaultInterruptHandler		CODE           	05D8	0000	2

mcc_generated_files/ecan.c estimated size: 44

mcc_generated_files/uart1.c
		_UART1_Write   		CODE           	056A	0000	28
		_UART1_SetFramingErrorHandler		CODE           	05B6	0000	10
		_UART1_SetOverrunErrorHandler		CODE           	05AC	0000	10
		_UART1_Initialize		CODE           	0370	0000	110
		_UART1_SetErrorHandler		CODE           	05C0	0000	10
		_UART1_is_tx_ready		CODE           	04CE	0000	50

mcc_generated_files/uart1.c estimated size: 218

shared
		__initialization		CODE           	043A	0000	78

shared estimated size: 78

mcc_generated_files/mcc.c
		_PMD_Initialize		CODE           	0526	0000	36
		_OSCILLATOR_Initialize		CODE           	0500	0000	38
		_SYSTEM_Initialize		CODE           	0586	0000	22

mcc_generated_files/mcc.c estimated size: 96

main.c
		_RXB0InterruptHandler@main$F1185		CODE           	001E	0000	302
		_main          		CODE           	0228	0000	174
		_serial_buffer_add		CODE           	02D6	0000	154
		_ECAN_Initialize_user		CODE           	014C	0000	220

main.c estimated size: 850

